CPUPOLICY policy0 3628800 0 1 2 3 4 5
CPUPOLICY policy6 4742400 6 7
CPUMAX 3628800 4742400
VmHWM:	 1992008 kB
VmRSS:	 1981300 kB
Cpus_allowed_list:	0-7
VmHWM:	 2269548 kB
VmRSS:	 2269548 kB
Cpus_allowed_list:	0-7
VmHWM:	 2553440 kB
VmRSS:	 2547720 kB
Cpus_allowed_list:	0-7
VmHWM:	 3019920 kB
VmRSS:	 2823984 kB
Cpus_allowed_list:	0-7
VmHWM:	 3019920 kB
VmRSS:	 2984348 kB
Cpus_allowed_list:	0-7
VmHWM:	 3049704 kB
VmRSS:	 3047796 kB
Cpus_allowed_list:	0-7
VmHWM:	 3190784 kB
VmRSS:	 3102100 kB
Cpus_allowed_list:	0-7
VmHWM:	 3190784 kB
VmRSS:	 3103400 kB
Cpus_allowed_list:	0-7
VmHWM:	 3190784 kB
VmRSS:	 3104276 kB
Cpus_allowed_list:	0-7
VmHWM:	 3190784 kB
VmRSS:	 3105160 kB
Cpus_allowed_list:	0-7
VmHWM:	 3190784 kB
VmRSS:	 3106548 kB
Cpus_allowed_list:	0-7
VmHWM:	 3190784 kB
VmRSS:	 3107592 kB
Cpus_allowed_list:	0-7
VmHWM:	 3190784 kB
VmRSS:	 3108196 kB
Cpus_allowed_list:	0-7
CPUMAX 3628800 4646400
VmHWM:	 3190784 kB
VmRSS:	 3108920 kB
Cpus_allowed_list:	0-7
CPUMAX 3628800 4512000
===ENGINE_OUTPUT===
Imagine a smartphone, a smart camera, or even a security sensor. These devices can now "think" or learn on their own, right there, without needing to constantly send data to a big, powerful computer in the cloud.

**On-device AI is like putting a small, smart brain directly onto a device to perform tasks.**

Here's a breakdown using simple analogies:

---

### 1. The Traditional Way (Cloud AI)

Think of this like asking a very smart expert (a huge server in the cloud) to solve a problem:

* **You take a picture of a dog.**
*
EXIT_CODE=0

===ENGINE_STDERR===
I tokenizers:regex.cpp:40] Registering override fallback regex
I 00:00:00.002336 executorch:cpuinfo_utils.cpp:71] Reading file /sys/devices/soc0/image_version
I 00:00:00.002386 executorch:cpuinfo_utils.cpp:87] Failed to open midr file /sys/devices/soc0/image_version
I 00:00:00.002401 executorch:cpuinfo_utils.cpp:100] Reading file /sys/devices/system/cpu/cpu0/regs/identification/midr_el1
I 00:00:00.002446 executorch:cpuinfo_utils.cpp:100] Reading file /sys/devices/system/cpu/cpu1/regs/identification/midr_el1
I 00:00:00.002475 executorch:cpuinfo_utils.cpp:100] Reading file /sys/devices/system/cpu/cpu2/regs/identification/midr_el1
I 00:00:00.002502 executorch:cpuinfo_utils.cpp:100] Reading file /sys/devices/system/cpu/cpu3/regs/identification/midr_el1
I 00:00:00.002534 executorch:cpuinfo_utils.cpp:100] Reading file /sys/devices/system/cpu/cpu4/regs/identification/midr_el1
I 00:00:00.002559 executorch:cpuinfo_utils.cpp:100] Reading file /sys/devices/system/cpu/cpu5/regs/identification/midr_el1
I 00:00:00.002583 executorch:cpuinfo_utils.cpp:100] Reading file /sys/devices/system/cpu/cpu6/regs/identification/midr_el1
I 00:00:00.002609 executorch:cpuinfo_utils.cpp:100] Reading file /sys/devices/system/cpu/cpu7/regs/identification/midr_el1
I 00:00:00.002635 executorch:e2e_runner.cpp:62] Setting threadpool to 8 threads
I 00:00:00.002641 executorch:cpuinfo_utils.cpp:71] Reading file /sys/devices/soc0/image_version
I 00:00:00.002649 executorch:cpuinfo_utils.cpp:87] Failed to open midr file /sys/devices/soc0/image_version
I 00:00:00.003153 executorch:threadpool.cpp:66] Resetting threadpool to 8 threads.
I 00:00:00.003217 executorch:gemma4_runner.cpp:64] Loading model: /data/local/tmp/llmbench/models/own-export_gemma-4-E2B-it-ET1.5.1-xnnpack-8da4w-emb8-ctx2048_gemma-4-E2B-it-ET1.5.1-xnnpack-8da4w-emb8-ctx2048.pte
I 00:00:02.513812 executorch:gemma4_runner.cpp:73] Loading tokenizer: /data/local/tmp/llmbench/models/own-export_gemma-4-E2B-it-ET1.5.1-xnnpack-8da4w-emb8-ctx2048_gemma-4-E2B-it-ET1.5.1-xnnpack-8da4w-emb8-ctx2048.tokenizer.json
I 00:00:03.545823 executorch:llm_runner_helper.cpp:55] Loaded json tokenizer
I 00:00:03.545859 executorch:gemma4_runner.cpp:93] Auto-detected embeds dtype: 6, hidden_size: 1536
I 00:00:03.545862 executorch:gemma4_runner.cpp:98] Model loaded successfully
=== Gemma 4 Performance Report ===
  Model load:        3.54 s
  Prefill:           187.9 ms (20 tokens, 106 tok/s)
  Generation:        4.04 s (128 tokens, 32 tok/s)
  TTFT:              187.9 ms
  Total:             4.22 s
  Memory (load):     2929 MB
  Memory (peak):     3036 MB
