CPUPOLICY policy0 3628800 0 1 2 3 4 5
CPUPOLICY policy6 4742400 6 7
CPUMAX 3628800 4742400
VmHWM:	 1991952 kB
VmRSS:	 1987512 kB
Cpus_allowed_list:	0-7
VmHWM:	 2288972 kB
VmRSS:	 2288972 kB
Cpus_allowed_list:	0-7
VmHWM:	 2564956 kB
VmRSS:	 2564956 kB
Cpus_allowed_list:	0-7
VmHWM:	 3019724 kB
VmRSS:	 2826416 kB
Cpus_allowed_list:	0-7
VmHWM:	 3019724 kB
VmRSS:	 2984540 kB
Cpus_allowed_list:	0-7
VmHWM:	 3049440 kB
VmRSS:	 3026156 kB
Cpus_allowed_list:	0-7
VmHWM:	 3190812 kB
VmRSS:	 3101984 kB
Cpus_allowed_list:	0-7
VmHWM:	 3190812 kB
VmRSS:	 3103184 kB
Cpus_allowed_list:	0-7
VmHWM:	 3190812 kB
VmRSS:	 3104188 kB
Cpus_allowed_list:	0-7
VmHWM:	 3190812 kB
VmRSS:	 3105164 kB
Cpus_allowed_list:	0-7
CPUMAX 3628800 3859200
VmHWM:	 3190812 kB
VmRSS:	 3106184 kB
Cpus_allowed_list:	0-7
CPUMAX 3628800 4742400
VmHWM:	 3190812 kB
VmRSS:	 3107132 kB
Cpus_allowed_list:	0-7
CPUMAX 3628800 4646400
VmHWM:	 3190812 kB
VmRSS:	 3107844 kB
Cpus_allowed_list:	0-7
CPUMAX 3513600 4185600
VmHWM:	 3190812 kB
VmRSS:	 3108668 kB
Cpus_allowed_list:	0-7
===ENGINE_OUTPUT===
Imagine a smartphone, a smart camera, or even a security sensor. These devices can now "think" or learn on their own, right there, without needing to constantly send data to a big, powerful computer in the cloud.

**On-device AI is like putting a small, smart brain directly onto a device to perform tasks.**

Here's a breakdown using simple analogies:

---

### 1. The Traditional Way (Cloud AI)

Think of this like asking a very smart expert (a huge server in the cloud) to solve a problem:

* **You take a picture of a dog.**
*
EXIT_CODE=0

===ENGINE_STDERR===
I tokenizers:regex.cpp:40] Registering override fallback regex
I 00:00:00.002063 executorch:cpuinfo_utils.cpp:71] Reading file /sys/devices/soc0/image_version
I 00:00:00.002109 executorch:cpuinfo_utils.cpp:87] Failed to open midr file /sys/devices/soc0/image_version
I 00:00:00.002124 executorch:cpuinfo_utils.cpp:100] Reading file /sys/devices/system/cpu/cpu0/regs/identification/midr_el1
I 00:00:00.002165 executorch:cpuinfo_utils.cpp:100] Reading file /sys/devices/system/cpu/cpu1/regs/identification/midr_el1
I 00:00:00.002193 executorch:cpuinfo_utils.cpp:100] Reading file /sys/devices/system/cpu/cpu2/regs/identification/midr_el1
I 00:00:00.002218 executorch:cpuinfo_utils.cpp:100] Reading file /sys/devices/system/cpu/cpu3/regs/identification/midr_el1
I 00:00:00.002248 executorch:cpuinfo_utils.cpp:100] Reading file /sys/devices/system/cpu/cpu4/regs/identification/midr_el1
I 00:00:00.002271 executorch:cpuinfo_utils.cpp:100] Reading file /sys/devices/system/cpu/cpu5/regs/identification/midr_el1
I 00:00:00.002293 executorch:cpuinfo_utils.cpp:100] Reading file /sys/devices/system/cpu/cpu6/regs/identification/midr_el1
I 00:00:00.002318 executorch:cpuinfo_utils.cpp:100] Reading file /sys/devices/system/cpu/cpu7/regs/identification/midr_el1
I 00:00:00.002341 executorch:e2e_runner.cpp:62] Setting threadpool to 8 threads
I 00:00:00.002348 executorch:cpuinfo_utils.cpp:71] Reading file /sys/devices/soc0/image_version
I 00:00:00.002356 executorch:cpuinfo_utils.cpp:87] Failed to open midr file /sys/devices/soc0/image_version
I 00:00:00.002775 executorch:threadpool.cpp:66] Resetting threadpool to 8 threads.
I 00:00:00.002829 executorch:gemma4_runner.cpp:64] Loading model: /data/local/tmp/llmbench/models/own-export_gemma-4-E2B-it-ET1.5.1-xnnpack-8da4w-emb8-ctx2048_gemma-4-E2B-it-ET1.5.1-xnnpack-8da4w-emb8-ctx2048.pte
I 00:00:02.498881 executorch:gemma4_runner.cpp:73] Loading tokenizer: /data/local/tmp/llmbench/models/own-export_gemma-4-E2B-it-ET1.5.1-xnnpack-8da4w-emb8-ctx2048_gemma-4-E2B-it-ET1.5.1-xnnpack-8da4w-emb8-ctx2048.tokenizer.json
I 00:00:03.534638 executorch:llm_runner_helper.cpp:55] Loaded json tokenizer
I 00:00:03.534672 executorch:gemma4_runner.cpp:93] Auto-detected embeds dtype: 6, hidden_size: 1536
I 00:00:03.534676 executorch:gemma4_runner.cpp:98] Model loaded successfully
=== Gemma 4 Performance Report ===
  Model load:        3.53 s
  Prefill:           209.0 ms (20 tokens, 96 tok/s)
  Generation:        4.19 s (128 tokens, 31 tok/s)
  TTFT:              209.0 ms
  Total:             4.40 s
  Memory (load):     2929 MB
  Memory (peak):     3036 MB
