# adb -s RFGL80R6A6H shell am instrument -w -r -e text 'The little girl had been asleep, but she heard the raps and opened the door. The other voice snapped with a harsh urgency, clearly used to command.' -e language english -e seed 1 -e name litert_litert-community_Qwen3-TTS-12Hz-0_6B-Base_tts-rtf-libri1272-2sent_run2 com.google.ai.edge.examples.text_to_speech_lm.test/androidx.test.runner.AndroidJUnitRunner
# testOk=True
INSTRUMENTATION_STATUS: class=com.google.ai.edge.examples.text_to_speech_lm.TtsRtfBench
INSTRUMENTATION_STATUS: current=1
INSTRUMENTATION_STATUS: id=AndroidJUnitRunner
INSTRUMENTATION_STATUS: numtests=1
INSTRUMENTATION_STATUS: stream=
com.google.ai.edge.examples.text_to_speech_lm.TtsRtfBench:
INSTRUMENTATION_STATUS: test=synthesizeOnce
INSTRUMENTATION_STATUS_CODE: 1
INSTRUMENTATION_STATUS: class=com.google.ai.edge.examples.text_to_speech_lm.TtsRtfBench
INSTRUMENTATION_STATUS: current=1
INSTRUMENTATION_STATUS: id=AndroidJUnitRunner
INSTRUMENTATION_STATUS: numtests=1
INSTRUMENTATION_STATUS: stream=.
INSTRUMENTATION_STATUS: test=synthesizeOnce
INSTRUMENTATION_STATUS_CODE: 0
INSTRUMENTATION_RESULT: stream=

Time: 84.794

OK (1 test)


INSTRUMENTATION_CODE: -1
