VmHWM:	 3510136 kB
VmRSS:	 3510136 kB
VmHWM:	 4107512 kB
VmRSS:	 4107512 kB
VmHWM:	 4529540 kB
VmRSS:	 4529540 kB
VmHWM:	 4529540 kB
VmRSS:	 4529540 kB
VmHWM:	 4543876 kB
VmRSS:	 4543876 kB
VmHWM:	 4543876 kB
VmRSS:	 4543876 kB
VmHWM:	 4543876 kB
VmRSS:	 4543876 kB
VmHWM:	 4577924 kB
VmRSS:	 4577924 kB
VmHWM:	 4577924 kB
VmRSS:	 4577924 kB
VmHWM:	 4577924 kB
VmRSS:	 4577924 kB
VmHWM:	 4577924 kB
VmRSS:	 4577924 kB
VmHWM:	 4577924 kB
VmRSS:	 4577924 kB
VmHWM:	 4577924 kB
VmRSS:	 4577924 kB
VmHWM:	 4581332 kB
VmRSS:	 4581332 kB
VmHWM:	 4581332 kB
VmRSS:	 4581332 kB
VmHWM:	 4581332 kB
VmRSS:	 4581332 kB
VmHWM:	 4581332 kB
VmRSS:	 4581332 kB
VmHWM:	 4581332 kB
VmRSS:	 4581332 kB
VmHWM:	 4581332 kB
VmRSS:	 4581332 kB
VmHWM:	 4581332 kB
VmRSS:	 4581332 kB
VmHWM:	 4581332 kB
VmRSS:	 4581332 kB
VmHWM:	 4581332 kB
VmRSS:	 4581332 kB
VmHWM:	 4581332 kB
VmRSS:	 4581332 kB
VmHWM:	 4581332 kB
VmRSS:	 4581332 kB
VmHWM:	 4581332 kB
VmRSS:	 4581332 kB
VmHWM:	 4581332 kB
VmRSS:	 4581332 kB
VmHWM:	 4581332 kB
VmRSS:	 4581332 kB
VmHWM:	 4581332 kB
VmRSS:	 4581332 kB
VmHWM:	 4581332 kB
VmRSS:	 4581332 kB
VmHWM:	 4581332 kB
VmRSS:	 4581332 kB
VmHWM:	 4581332 kB
VmRSS:	 4581332 kB
VmHWM:	 4581332 kB
VmRSS:	 4581332 kB
VmHWM:	 4581332 kB
VmRSS:	 4581332 kB
VmHWM:	 4581332 kB
VmRSS:	 4581332 kB
VmHWM:	 4581332 kB
VmRSS:	 4581332 kB
VmHWM:	 4581332 kB
VmRSS:	 4581332 kB
VmHWM:	 4581332 kB
VmRSS:	 4581332 kB
VmHWM:	 4581332 kB
VmRSS:	 4581332 kB
VmHWM:	 4581332 kB
VmRSS:	 4581332 kB
VmHWM:	 4581332 kB
VmRSS:	 4581332 kB
VmHWM:	 4581332 kB
VmRSS:	 4581332 kB
VmHWM:	 4581332 kB
VmRSS:	 4581332 kB
VmHWM:	 4581332 kB
VmRSS:	 4581332 kB
VmHWM:	 4581332 kB
VmRSS:	 4581332 kB
VmHWM:	 4581332 kB
VmRSS:	 4581332 kB
VmHWM:	 4581332 kB
VmRSS:	 4581332 kB
VmHWM:	 4581332 kB
VmRSS:	 4581332 kB
VmHWM:	 4581332 kB
VmRSS:	 4581332 kB
VmHWM:	 4581332 kB
VmRSS:	 4581332 kB
VmHWM:	 4581332 kB
VmRSS:	 4581332 kB
VmHWM:	 4581332 kB
VmRSS:	 4581332 kB
VmHWM:	 4581332 kB
VmRSS:	 4581332 kB
VmHWM:	 4581332 kB
VmRSS:	 4581332 kB
VmHWM:	 4581332 kB
VmRSS:	 4581332 kB
VmHWM:	 4581332 kB
VmRSS:	 4581332 kB
VmHWM:	 4581332 kB
VmRSS:	 4581332 kB
VmHWM:	 4581332 kB
VmRSS:	 4581332 kB
VmHWM:	 4581332 kB
VmRSS:	 4581332 kB
VmHWM:	 4581332 kB
VmRSS:	 4581332 kB
VmHWM:	 4581332 kB
VmRSS:	 4581332 kB
VmHWM:	 4581332 kB
VmRSS:	 4581332 kB
VmHWM:	 4581332 kB
VmRSS:	 4581332 kB
VmHWM:	 4581332 kB
VmRSS:	 4581332 kB
VmHWM:	 4581332 kB
VmRSS:	 4581332 kB
VmHWM:	 4581332 kB
VmRSS:	 4581332 kB
VmHWM:	 4581332 kB
VmRSS:	 4581332 kB
VmHWM:	 4581332 kB
VmRSS:	 4581332 kB
VmHWM:	 4581332 kB
VmRSS:	 4581332 kB
VmHWM:	 4581332 kB
VmRSS:	 4581332 kB
VmHWM:	 4581332 kB
VmRSS:	 4581332 kB
VmHWM:	 4581332 kB
VmRSS:	 4581332 kB
VmHWM:	 4581332 kB
VmRSS:	 4581332 kB
VmHWM:	 4581332 kB
VmRSS:	 4581332 kB
VmHWM:	 4581332 kB
VmRSS:	 4581332 kB
VmHWM:	 4581332 kB
VmRSS:	 4581332 kB
VmHWM:	 4581332 kB
VmRSS:	 4581332 kB
VmHWM:	 4581332 kB
VmRSS:	 4581332 kB
VmHWM:	 4581332 kB
VmRSS:	 4581332 kB
VmHWM:	 4581332 kB
VmRSS:	 4581332 kB
VmHWM:	 4581332 kB
VmRSS:	 4581332 kB
VmHWM:	 4581332 kB
VmRSS:	 4581332 kB
VmHWM:	 4581332 kB
VmRSS:	 4581332 kB
VmHWM:	 4581332 kB
VmRSS:	 4581332 kB
VmHWM:	 4581332 kB
VmRSS:	 4581332 kB
VmHWM:	 4581332 kB
VmRSS:	 4581332 kB
VmHWM:	 4581332 kB
VmRSS:	 4581332 kB
VmHWM:	 4581332 kB
VmRSS:	 4581332 kB
VmHWM:	 4581332 kB
VmRSS:	 4581332 kB
VmHWM:	 4581332 kB
VmRSS:	 4581332 kB
VmHWM:	 4581332 kB
VmRSS:	 4581332 kB
VmHWM:	 4581332 kB
VmRSS:	 4581332 kB
VmHWM:	 4581332 kB
VmRSS:	 4581332 kB
VmHWM:	 4581332 kB
VmRSS:	 4581332 kB
VmHWM:	 4581332 kB
VmRSS:	 4581332 kB
VmHWM:	 4581332 kB
VmRSS:	 4581332 kB
VmHWM:	 4581332 kB
VmRSS:	 4581332 kB
VmHWM:	 4581332 kB
VmRSS:	 4581332 kB
VmHWM:	 4581332 kB
VmRSS:	 4581332 kB
VmHWM:	 4581332 kB
VmRSS:	 4581332 kB
VmHWM:	 4581332 kB
VmRSS:	 4581332 kB
VmHWM:	 4581332 kB
VmRSS:	 4581332 kB
VmHWM:	 4581332 kB
VmRSS:	 4581332 kB
VmHWM:	 4581332 kB
VmRSS:	 4581332 kB
VmHWM:	 4581332 kB
VmRSS:	 4581332 kB
VmHWM:	 4581332 kB
VmRSS:	 4581332 kB
VmHWM:	 4581332 kB
VmRSS:	 4581332 kB
VmHWM:	 4581332 kB
VmRSS:	 4581332 kB
VmHWM:	 4581332 kB
VmRSS:	 4581332 kB
VmHWM:	 4581332 kB
VmRSS:	 4581332 kB
VmHWM:	 4581332 kB
VmRSS:	 4581332 kB
VmHWM:	 4581332 kB
VmRSS:	 4581332 kB
VmHWM:	 4581332 kB
VmRSS:	 4581332 kB
VmHWM:	 4581332 kB
VmRSS:	 4581332 kB
VmHWM:	 4581332 kB
VmRSS:	 4581332 kB
VmHWM:	 4581332 kB
VmRSS:	 4581332 kB
VmHWM:	 4581332 kB
VmRSS:	 4581332 kB
VmHWM:	 4581332 kB
VmRSS:	 4581332 kB
VmHWM:	 4581332 kB
VmRSS:	 4581332 kB
VmHWM:	 4581332 kB
VmRSS:	 4581332 kB
VmHWM:	 4581332 kB
VmRSS:	 4581332 kB
VmHWM:	 4581332 kB
VmRSS:	 4581332 kB
VmHWM:	 4581332 kB
VmRSS:	 4581332 kB
VmHWM:	 4581332 kB
VmRSS:	 4581332 kB
VmHWM:	 4581332 kB
VmRSS:	 4581332 kB
VmHWM:	 4581332 kB
VmRSS:	 4581332 kB
VmHWM:	 4581332 kB
VmRSS:	 4581332 kB
VmHWM:	 4581332 kB
VmRSS:	 4581332 kB
VmHWM:	 4581332 kB
VmRSS:	 4581332 kB
VmHWM:	 4581332 kB
VmRSS:	 4581332 kB
VmHWM:	 4581332 kB
VmRSS:	 4581332 kB
VmHWM:	 4581332 kB
VmRSS:	 4581332 kB
VmHWM:	 4581332 kB
VmRSS:	 4581332 kB
VmHWM:	 4581332 kB
VmRSS:	 4581332 kB
VmHWM:	 4581332 kB
VmRSS:	 4581332 kB
VmHWM:	 4581332 kB
VmRSS:	 4581332 kB
VmHWM:	 4581332 kB
VmRSS:	 4581332 kB
VmHWM:	 4581332 kB
VmRSS:	 4581332 kB
VmHWM:	 4581332 kB
VmRSS:	 4581332 kB
VmHWM:	 4581332 kB
VmRSS:	 4581332 kB
VmHWM:	 4581332 kB
VmRSS:	 4581332 kB
VmHWM:	 4581332 kB
VmRSS:	 4581332 kB
VmHWM:	 4581332 kB
VmRSS:	 4581332 kB
VmHWM:	 4581332 kB
VmRSS:	 4581332 kB
VmHWM:	 4581332 kB
VmRSS:	 4581332 kB
VmHWM:	 4581332 kB
VmRSS:	 4581332 kB
VmHWM:	 4581332 kB
VmRSS:	 4581332 kB
VmHWM:	 4581332 kB
VmRSS:	 4581332 kB
VmHWM:	 4581332 kB
VmRSS:	 4581332 kB
VmHWM:	 4581332 kB
VmRSS:	 4581332 kB
VmHWM:	 4581332 kB
VmRSS:	 4581332 kB
VmHWM:	 4581332 kB
VmRSS:	 4581332 kB
VmHWM:	 4581332 kB
VmRSS:	 4581332 kB
VmHWM:	 4581332 kB
VmRSS:	 4581332 kB
VmHWM:	 4581332 kB
VmRSS:	 4581332 kB
VmHWM:	 4581332 kB
VmRSS:	 4581332 kB
VmHWM:	 4581332 kB
VmRSS:	 4581332 kB
VmHWM:	 4581332 kB
VmRSS:	 4581332 kB
VmHWM:	 4581332 kB
VmRSS:	 4581332 kB
VmHWM:	 4581332 kB
VmRSS:	 4581332 kB
VmHWM:	 4581332 kB
VmRSS:	 4581332 kB
VmHWM:	 4581332 kB
VmRSS:	 4581332 kB
VmHWM:	 4581332 kB
VmRSS:	 4581332 kB
VmHWM:	 4581332 kB
VmRSS:	 4581332 kB
VmHWM:	 4581332 kB
VmRSS:	 4581332 kB
VmHWM:	 4581332 kB
VmRSS:	 4581332 kB
VmHWM:	 4581332 kB
VmRSS:	 4581332 kB
VmHWM:	 4581332 kB
VmRSS:	 4581332 kB
VmHWM:	 4581332 kB
VmRSS:	 4581332 kB
VmHWM:	 4581332 kB
VmRSS:	 4581332 kB
VmHWM:	 4581332 kB
VmRSS:	 4581332 kB
VmHWM:	 4581332 kB
VmRSS:	 4581332 kB
VmHWM:	 4581332 kB
VmRSS:	 4581332 kB
VmHWM:	 4581332 kB
VmRSS:	 4581332 kB
VmHWM:	 4581332 kB
VmRSS:	 4581332 kB
VmHWM:	 4581332 kB
VmRSS:	 4581332 kB
VmHWM:	 4581332 kB
VmRSS:	 4581332 kB
VmHWM:	 4581332 kB
VmRSS:	 4581332 kB
VmHWM:	 4581332 kB
VmRSS:	 4581332 kB
VmHWM:	 4581332 kB
VmRSS:	 4581332 kB
VmHWM:	 4581332 kB
VmRSS:	 4581332 kB
VmHWM:	 4581332 kB
VmRSS:	 4581332 kB
VmHWM:	 4581332 kB
VmRSS:	 4581332 kB
VmHWM:	 4581332 kB
VmRSS:	 4581332 kB
VmHWM:	 4581332 kB
VmRSS:	 4581332 kB
VmHWM:	 4581332 kB
VmRSS:	 4581332 kB
VmHWM:	 4581332 kB
VmRSS:	 4581332 kB
VmHWM:	 4581332 kB
VmRSS:	 4581332 kB
VmHWM:	 4581332 kB
VmRSS:	 4581332 kB
VmHWM:	 4581332 kB
VmRSS:	 4581332 kB
VmHWM:	 4581332 kB
VmRSS:	 4581332 kB
VmHWM:	 4581332 kB
VmRSS:	 4581332 kB
VmHWM:	 4581332 kB
VmRSS:	 4581332 kB
VmHWM:	 4581332 kB
VmRSS:	 4581332 kB
VmHWM:	 4581332 kB
VmRSS:	 4581332 kB
VmHWM:	 4581332 kB
VmRSS:	 4581332 kB
VmHWM:	 4581332 kB
VmRSS:	 4581332 kB
VmHWM:	 4581332 kB
VmRSS:	 4581332 kB
VmHWM:	 4581332 kB
VmRSS:	 4581332 kB
VmHWM:	 4581332 kB
VmRSS:	 4581332 kB
VmHWM:	 4581332 kB
VmRSS:	 4581332 kB
VmHWM:	 4581332 kB
VmRSS:	 4581332 kB
VmHWM:	 4581332 kB
VmRSS:	 4581332 kB
VmHWM:	 4581332 kB
VmRSS:	 4581332 kB
VmHWM:	 4581332 kB
VmRSS:	 4581332 kB
VmHWM:	 4581332 kB
VmRSS:	 4581332 kB
VmHWM:	 4581332 kB
VmRSS:	 4581332 kB
VmHWM:	 4581332 kB
VmRSS:	 4581332 kB
VmHWM:	 4581332 kB
VmRSS:	 4581332 kB
VmHWM:	 4581332 kB
VmRSS:	 4581332 kB
VmHWM:	 4581332 kB
VmRSS:	 4581332 kB
VmHWM:	 4581332 kB
VmRSS:	 4581332 kB
VmHWM:	 4581332 kB
VmRSS:	 4581332 kB
VmHWM:	 4581332 kB
VmRSS:	 4581332 kB
VmHWM:	 4581332 kB
VmRSS:	 4581332 kB
VmHWM:	 4581332 kB
VmRSS:	 4581332 kB
VmHWM:	 4581332 kB
VmRSS:	 4581332 kB
VmHWM:	 4581332 kB
VmRSS:	 4581332 kB
VmHWM:	 4581332 kB
VmRSS:	 4581332 kB
VmHWM:	 4581332 kB
VmRSS:	 4581332 kB
VmHWM:	 4581332 kB
VmRSS:	 4581332 kB
VmHWM:	 4581332 kB
VmRSS:	 4581332 kB
VmHWM:	 4581332 kB
VmRSS:	 4581332 kB
VmHWM:	 4581332 kB
VmRSS:	 4581332 kB
VmHWM:	 4581332 kB
VmRSS:	 4581332 kB
VmHWM:	 4581332 kB
VmRSS:	 4581332 kB
VmHWM:	 4581332 kB
VmRSS:	 4581332 kB
VmHWM:	 4581332 kB
VmRSS:	 4581332 kB
VmHWM:	 4581332 kB
VmRSS:	 4581332 kB
VmHWM:	 4581332 kB
VmRSS:	 4581332 kB
VmHWM:	 4581332 kB
VmRSS:	 4581332 kB
VmHWM:	 4581332 kB
VmRSS:	 4581332 kB
VmHWM:	 4581332 kB
VmRSS:	 4581332 kB
VmHWM:	 4581332 kB
VmRSS:	 4581332 kB
VmHWM:	 4581332 kB
VmRSS:	 4581332 kB
VmHWM:	 4581332 kB
VmRSS:	 4581332 kB
VmHWM:	 4581332 kB
VmRSS:	 4581332 kB
VmHWM:	 4581332 kB
VmRSS:	 4581332 kB
VmHWM:	 4581332 kB
VmRSS:	 4581332 kB
VmHWM:	 4581332 kB
VmRSS:	 4581332 kB
VmHWM:	 4581332 kB
VmRSS:	 4581332 kB
VmHWM:	 4581332 kB
VmRSS:	 4581332 kB
VmHWM:	 4581332 kB
VmRSS:	 4581332 kB
VmHWM:	 4581332 kB
VmRSS:	 4581332 kB
VmHWM:	 4581332 kB
VmRSS:	 4581332 kB
VmHWM:	 4581332 kB
VmRSS:	 4581332 kB
VmHWM:	 4581332 kB
VmRSS:	 4581332 kB
VmHWM:	 4581332 kB
VmRSS:	 4581332 kB
VmHWM:	 4581332 kB
VmRSS:	 4581332 kB
VmHWM:	 4581332 kB
VmRSS:	 4581332 kB
VmHWM:	 4581332 kB
VmRSS:	 4581332 kB
VmHWM:	 4581332 kB
VmRSS:	 4581332 kB
VmHWM:	 4581332 kB
VmRSS:	 4581332 kB
VmHWM:	 4581332 kB
VmRSS:	 4581332 kB
VmHWM:	 4581332 kB
VmRSS:	 4581332 kB
VmHWM:	 4581332 kB
VmRSS:	 4581332 kB
VmHWM:	 4581332 kB
VmRSS:	 4581332 kB
VmHWM:	 4581332 kB
VmRSS:	 4581332 kB
VmHWM:	 4581332 kB
VmRSS:	 4581332 kB
VmHWM:	 4581332 kB
VmRSS:	 4581332 kB
VmHWM:	 4581332 kB
VmRSS:	 4581332 kB
VmHWM:	 4581332 kB
VmRSS:	 4581332 kB
VmHWM:	 4581332 kB
VmRSS:	 4581332 kB
VmHWM:	 4581332 kB
VmRSS:	 4581332 kB
VmHWM:	 4581332 kB
VmRSS:	 4581332 kB
VmHWM:	 4581332 kB
VmRSS:	 4581332 kB
VmHWM:	 4581332 kB
VmRSS:	 4581332 kB
VmHWM:	 4581332 kB
VmRSS:	 4581332 kB
VmHWM:	 4581332 kB
VmRSS:	 4581332 kB
VmHWM:	 4581332 kB
VmRSS:	 4581332 kB
VmHWM:	 4581332 kB
VmRSS:	 4581332 kB
VmHWM:	 4581332 kB
VmRSS:	 4581332 kB
VmHWM:	 4581332 kB
VmRSS:	 4581332 kB
VmHWM:	 4581332 kB
VmRSS:	 4581332 kB
VmHWM:	 4581332 kB
VmRSS:	 4581332 kB
VmHWM:	 4581332 kB
VmRSS:	 4581332 kB
VmHWM:	 4581332 kB
VmRSS:	 4581332 kB
VmHWM:	 4581332 kB
VmRSS:	 4581332 kB
VmHWM:	 4581332 kB
VmRSS:	 4581332 kB
VmHWM:	 4581332 kB
VmRSS:	 4581332 kB
VmHWM:	 4581332 kB
VmRSS:	 4581332 kB
VmHWM:	 4581332 kB
VmRSS:	 4581332 kB
VmHWM:	 4581332 kB
VmRSS:	 4581332 kB
VmHWM:	 4581332 kB
VmRSS:	 4581332 kB
VmHWM:	 4581332 kB
VmRSS:	 4581332 kB
VmHWM:	 4581332 kB
VmRSS:	 4581332 kB
VmHWM:	 4581332 kB
VmRSS:	 4581332 kB
VmHWM:	 4581332 kB
VmRSS:	 4581332 kB
VmHWM:	 4581332 kB
VmRSS:	 4581332 kB
VmHWM:	 4581332 kB
VmRSS:	 4581332 kB
VmHWM:	 4581332 kB
VmRSS:	 4581332 kB
VmHWM:	 4581332 kB
VmRSS:	 4581332 kB
VmHWM:	 4581332 kB
VmRSS:	 4581332 kB
VmHWM:	 4581332 kB
VmRSS:	 4581332 kB
VmHWM:	 4581332 kB
VmRSS:	 4581332 kB
VmHWM:	 4581332 kB
VmRSS:	 4581332 kB
VmHWM:	 4581332 kB
VmRSS:	 4581332 kB
VmHWM:	 4581332 kB
VmRSS:	 4581332 kB
VmHWM:	 4581332 kB
VmRSS:	 4581332 kB
VmHWM:	 4581332 kB
VmRSS:	 4581332 kB
VmHWM:	 4581332 kB
VmRSS:	 4581332 kB
VmHWM:	 4581332 kB
VmRSS:	 4581332 kB
VmHWM:	 4581332 kB
VmRSS:	 4581332 kB
VmHWM:	 4581332 kB
VmRSS:	 4581332 kB
VmHWM:	 4581332 kB
VmRSS:	 4581332 kB
VmHWM:	 4581332 kB
VmRSS:	 4581332 kB
VmHWM:	 4581332 kB
VmRSS:	 4581332 kB
VmHWM:	 4581332 kB
VmRSS:	 4581332 kB
VmHWM:	 4581332 kB
VmRSS:	 4581332 kB
VmHWM:	 4581332 kB
VmRSS:	 4581332 kB
VmHWM:	 4581332 kB
VmRSS:	 4581332 kB
VmHWM:	 4581332 kB
VmRSS:	 4581332 kB
VmHWM:	 4581332 kB
VmRSS:	 4581332 kB
VmHWM:	 4581332 kB
VmRSS:	 4581332 kB
VmHWM:	 4581332 kB
VmRSS:	 4581332 kB
VmHWM:	 4581332 kB
VmRSS:	 4581332 kB
VmHWM:	 4581332 kB
VmRSS:	 4581332 kB
VmHWM:	 4581332 kB
VmRSS:	 4581332 kB
VmHWM:	 4581332 kB
VmRSS:	 4581332 kB
VmHWM:	 4581332 kB
VmRSS:	 4581332 kB
VmHWM:	 4581332 kB
VmRSS:	 4581332 kB
VmHWM:	 4581332 kB
VmRSS:	 4581332 kB
VmHWM:	 4581332 kB
VmRSS:	 4581332 kB
VmHWM:	 4581332 kB
VmRSS:	 4581332 kB
VmHWM:	 4581332 kB
VmRSS:	 4581332 kB
VmHWM:	 4581332 kB
VmRSS:	 4581332 kB
VmHWM:	 4581332 kB
VmRSS:	 4581332 kB
VmHWM:	 4581332 kB
VmRSS:	 4581332 kB
VmHWM:	 4581332 kB
VmRSS:	 4581332 kB
VmHWM:	 4581332 kB
VmRSS:	 4581332 kB
VmHWM:	 4581332 kB
VmRSS:	 4581332 kB
VmHWM:	 4581332 kB
VmRSS:	 4439212 kB
VmHWM:	 4581332 kB
VmRSS:	 4439212 kB
VmHWM:	 4581332 kB
VmRSS:	 4439212 kB
VmHWM:	 4581332 kB
VmRSS:	 4439212 kB
VmHWM:	 4581332 kB
VmRSS:	 4439212 kB
VmHWM:	 4581332 kB
VmRSS:	 4439212 kB
VmHWM:	 4581332 kB
VmRSS:	 4439212 kB
VmHWM:	 4581332 kB
VmRSS:	 4439212 kB
VmHWM:	 4581332 kB
VmRSS:	 4439212 kB
VmHWM:	 4581332 kB
VmRSS:	 4439212 kB
VmHWM:	 4581332 kB
VmRSS:	 4439212 kB
VmHWM:	 4581332 kB
VmRSS:	 4439212 kB
VmHWM:	 4581332 kB
VmRSS:	 4439212 kB
VmHWM:	 4581332 kB
VmRSS:	 4439212 kB
VmHWM:	 4581332 kB
VmRSS:	 4439212 kB
VmHWM:	 4581332 kB
VmRSS:	 4439212 kB
VmHWM:	 4581332 kB
VmRSS:	 4439212 kB
VmHWM:	 4581332 kB
VmRSS:	 4439212 kB
VmHWM:	 4581332 kB
VmRSS:	 4439212 kB
VmHWM:	 4581332 kB
VmRSS:	 4439212 kB
VmHWM:	 4581332 kB
VmRSS:	 4439212 kB
VmHWM:	 4581332 kB
VmRSS:	 4439212 kB
VmHWM:	 4581332 kB
VmRSS:	 4439212 kB
VmHWM:	 4581332 kB
VmRSS:	 4439212 kB
VmHWM:	 4581332 kB
VmRSS:	 4439212 kB
VmHWM:	 4581332 kB
VmRSS:	 4439212 kB
VmHWM:	 4581332 kB
VmRSS:	 4439212 kB
VmHWM:	 4581332 kB
VmRSS:	 4439212 kB
VmHWM:	 4581332 kB
VmRSS:	 4439212 kB
VmHWM:	 4581332 kB
VmRSS:	 4439212 kB
VmHWM:	 4581332 kB
VmRSS:	 4439212 kB
VmHWM:	 4581332 kB
VmRSS:	 4439212 kB
VmHWM:	 4581332 kB
VmRSS:	 4439212 kB
VmHWM:	 4581332 kB
VmRSS:	 4439212 kB
VmHWM:	 4581332 kB
VmRSS:	 4439212 kB
VmHWM:	 4581332 kB
VmRSS:	 4439212 kB
VmHWM:	 4581332 kB
VmRSS:	 4439212 kB
VmHWM:	 4581332 kB
VmRSS:	 4439212 kB
VmHWM:	 4581332 kB
VmRSS:	 4439212 kB
VmHWM:	 4581332 kB
VmRSS:	 4439212 kB
VmHWM:	 4581332 kB
VmRSS:	 4439212 kB
VmHWM:	 4581332 kB
VmRSS:	 4439212 kB
VmHWM:	 4581332 kB
VmRSS:	 4439212 kB
VmHWM:	 4581332 kB
VmRSS:	 4439212 kB
VmHWM:	 4581332 kB
VmRSS:	 4439212 kB
VmHWM:	 4581332 kB
VmRSS:	 4439212 kB
VmHWM:	 4581332 kB
VmRSS:	 4439212 kB
VmHWM:	 4581332 kB
VmRSS:	 4439212 kB
VmHWM:	 4581332 kB
VmRSS:	 4439212 kB
VmHWM:	 4581332 kB
VmRSS:	 4439212 kB
VmHWM:	 4581332 kB
VmRSS:	 4439212 kB
VmHWM:	 4581332 kB
VmRSS:	 4439212 kB
VmHWM:	 4581332 kB
VmRSS:	 4439212 kB
VmHWM:	 4581332 kB
VmRSS:	 4439212 kB
VmHWM:	 4581332 kB
VmRSS:	 4439212 kB
VmHWM:	 4581332 kB
VmRSS:	 4439212 kB
VmHWM:	 4581332 kB
VmRSS:	 4439212 kB
VmHWM:	 4581332 kB
VmRSS:	 4439212 kB
VmHWM:	 4581332 kB
VmRSS:	 4439212 kB
VmHWM:	 4581332 kB
VmRSS:	 4439212 kB
VmHWM:	 4581332 kB
VmRSS:	 4439212 kB
VmHWM:	 4581332 kB
VmRSS:	 4439212 kB
VmHWM:	 4581332 kB
VmRSS:	 4439212 kB
VmHWM:	 4581332 kB
VmRSS:	 4439212 kB
VmHWM:	 4581332 kB
VmRSS:	 4439212 kB
VmHWM:	 4581332 kB
VmRSS:	 4439212 kB
VmHWM:	 4581332 kB
VmRSS:	 4439212 kB
VmHWM:	 4581332 kB
VmRSS:	 4439212 kB
VmHWM:	 4581332 kB
VmRSS:	 4439212 kB
VmHWM:	 4581332 kB
VmRSS:	 4439212 kB
VmHWM:	 4581332 kB
VmRSS:	 4439212 kB
VmHWM:	 4581332 kB
VmRSS:	 4439212 kB
VmHWM:	 4581332 kB
VmRSS:	 4439212 kB
VmHWM:	 4581332 kB
VmRSS:	 4439212 kB
VmHWM:	 4581332 kB
VmRSS:	 4439212 kB
VmHWM:	 4581332 kB
VmRSS:	 4439212 kB
VmHWM:	 4581332 kB
VmRSS:	 4439212 kB
VmHWM:	 4581332 kB
VmRSS:	 4439212 kB
VmHWM:	 4581332 kB
VmRSS:	 4439212 kB
VmHWM:	 4581332 kB
VmRSS:	 4439212 kB
VmHWM:	 4581332 kB
VmRSS:	 4439212 kB
VmHWM:	 4581332 kB
VmRSS:	 4439212 kB
VmHWM:	 4581332 kB
VmRSS:	 4439212 kB
VmHWM:	 4581332 kB
VmRSS:	 4439212 kB
VmHWM:	 4581332 kB
VmRSS:	 4439212 kB
VmHWM:	 4581332 kB
VmRSS:	 4439212 kB
VmHWM:	 4581332 kB
VmRSS:	 4439212 kB
VmHWM:	 4581332 kB
VmRSS:	 4439212 kB
VmHWM:	 4581332 kB
VmRSS:	 4439212 kB
VmHWM:	 4581332 kB
VmRSS:	 4439212 kB
VmHWM:	 4581332 kB
VmRSS:	 4439212 kB
VmHWM:	 4581332 kB
VmRSS:	 4439212 kB
VmHWM:	 4581332 kB
VmRSS:	 4439212 kB
VmHWM:	 4581332 kB
VmRSS:	 4439212 kB
VmHWM:	 4581332 kB
VmRSS:	 4439212 kB
VmHWM:	 4581332 kB
VmRSS:	 4439212 kB
VmHWM:	 4581332 kB
VmRSS:	 4439212 kB
VmHWM:	 4581332 kB
VmRSS:	 4439212 kB
VmHWM:	 4581332 kB
VmRSS:	 4439212 kB
VmHWM:	 4581332 kB
VmRSS:	 4439212 kB
VmHWM:	 4581332 kB
VmRSS:	 4439212 kB
VmHWM:	 4581332 kB
VmRSS:	 4439212 kB
VmHWM:	 4581332 kB
VmRSS:	 4439212 kB
VmHWM:	 4581332 kB
VmRSS:	 4439212 kB
VmHWM:	 4581332 kB
VmRSS:	 4439212 kB
VmHWM:	 4581332 kB
VmRSS:	 4439212 kB
VmHWM:	 4581332 kB
VmRSS:	 4439212 kB
VmHWM:	 4581332 kB
VmRSS:	 4439212 kB
VmHWM:	 4581332 kB
VmRSS:	 4439212 kB
VmHWM:	 4581332 kB
VmRSS:	 4439212 kB
VmHWM:	 4581332 kB
VmRSS:	 4439212 kB
VmHWM:	 4581332 kB
VmRSS:	 4439212 kB
VmHWM:	 4581332 kB
VmRSS:	 4439212 kB
VmHWM:	 4581332 kB
VmRSS:	 4439212 kB
VmHWM:	 4581332 kB
VmRSS:	 4439212 kB
VmHWM:	 4581332 kB
VmRSS:	 4439212 kB
VmHWM:	 4581332 kB
VmRSS:	 4439212 kB
VmHWM:	 4581332 kB
VmRSS:	 4439212 kB
VmHWM:	 4581332 kB
VmRSS:	 4439212 kB
VmHWM:	 4581332 kB
VmRSS:	 4439212 kB
VmHWM:	 4581332 kB
VmRSS:	 4439212 kB
VmHWM:	 4581332 kB
VmRSS:	 4439212 kB
VmHWM:	 4581332 kB
VmRSS:	 4439212 kB
VmHWM:	 4581332 kB
VmRSS:	 4439212 kB
VmHWM:	 4581332 kB
VmRSS:	 4439212 kB
VmHWM:	 4581332 kB
VmRSS:	 4439212 kB
VmHWM:	 4581332 kB
VmRSS:	 4439212 kB
VmHWM:	 4581332 kB
VmRSS:	 4439212 kB
VmHWM:	 4581332 kB
VmRSS:	 4439212 kB
===ENGINE_OUTPUT===
load_backend: loaded RPC backend from /data/local/tmp/llmbench/libggml-rpc.so
load_backend: loaded CPU backend from /data/local/tmp/llmbench/libggml-cpu-android_armv9.2_2.so
[
  {
    "build_commit": "b97ebdc98",
    "build_number": 8999,
    "cpu_info": "CPU",
    "gpu_info": "",
    "backends": "CPU",
    "model_filename": "/data/local/tmp/llmbench/models/unsloth_gemma-4-E2B-it-GGUF_gemma-4-E2B-it-Q4_K_M.gguf",
    "model_type": "gemma4 E2B Q4_K - Medium",
    "model_size": 3090917516,
    "model_n_params": 4647450147,
    "n_batch": 2048,
    "n_ubatch": 512,
    "n_threads": 4,
    "cpu_mask": "0x0",
    "cpu_strict": false,
    "poll": 50,
    "type_k": "f16",
    "type_v": "f16",
    "n_gpu_layers": 99,
    "n_cpu_moe": 0,
    "split_mode": "layer",
    "main_gpu": 0,
    "no_kv_offload": false,
    "flash_attn": false,
    "devices": "auto",
    "tensor_split": "0.00",
    "tensor_buft_overrides": "none",
    "use_mmap": true,
    "use_direct_io": false,
    "embeddings": false,
    "no_op_offload": 0,
    "no_host": false,
    "fit_target": 0,
    "fit_min_ctx": 0,
    "n_prompt": 1024,
    "n_gen": 0,
    "n_depth": 0,
    "test_time": "2026-10-06T14:36:48Z",
    "avg_ns": 29879752561,
    "stddev_ns": 3765645206,
    "avg_ts": 38.680900,
    "stddev_ts": 12.072175,
    "samples_ns": [ 54259857791, 28574541604, 20983852597, 22347948168, 23232562648 ],
    "samples_ts": [ 18.8721, 35.8361, 48.7994, 45.8208, 44.0761 ]
  },
  {
    "build_commit": "b97ebdc98",
    "build_number": 8999,
    "cpu_info": "CPU",
    "gpu_info": "",
    "backends": "CPU",
    "model_filename": "/data/local/tmp/llmbench/models/unsloth_gemma-4-E2B-it-GGUF_gemma-4-E2B-it-Q4_K_M.gguf",
    "model_type": "gemma4 E2B Q4_K - Medium",
    "model_size": 3090917516,
    "model_n_params": 4647450147,
    "n_batch": 2048,
    "n_ubatch": 512,
    "n_threads": 4,
    "cpu_mask": "0x0",
    "cpu_strict": false,
    "poll": 50,
    "type_k": "f16",
    "type_v": "f16",
    "n_gpu_layers": 99,
    "n_cpu_moe": 0,
    "split_mode": "layer",
    "main_gpu": 0,
    "no_kv_offload": false,
    "flash_attn": false,
    "devices": "auto",
    "tensor_split": "0.00",
    "tensor_buft_overrides": "none",
    "use_mmap": true,
    "use_direct_io": false,
    "embeddings": false,
    "no_op_offload": 0,
    "no_host": false,
    "fit_target": 0,
    "fit_min_ctx": 0,
    "n_prompt": 0,
    "n_gen": 256,
    "n_depth": 0,
    "test_time": "2026-10-06T14:39:38Z",
    "avg_ns": 13313254151,
    "stddev_ns": 89448578,
    "avg_ts": 19.229646,
    "stddev_ts": 0.128090,
    "samples_ns": [ 13255815880, 13273002808, 13283554682, 13281846662, 13472050724 ],
    "samples_ts": [ 19.3123, 19.2873, 19.2719, 19.2744, 19.0023 ]
  }
]
EXIT_CODE=0
