VmHWM:	 3591236 kB
VmRSS:	 3591236 kB
VmHWM:	 4506444 kB
VmRSS:	 4506444 kB
VmHWM:	 4527692 kB
VmRSS:	 3934556 kB
VmHWM:	 4527692 kB
VmRSS:	 3934556 kB
VmHWM:	 4527692 kB
VmRSS:	 3987932 kB
VmHWM:	 4527692 kB
VmRSS:	 4037340 kB
VmHWM:	 4527692 kB
VmRSS:	 4090076 kB
VmHWM:	 4527692 kB
VmRSS:	 4182364 kB
VmHWM:	 4527692 kB
VmRSS:	 4241500 kB
VmHWM:	 4527692 kB
VmRSS:	 4301148 kB
VmHWM:	 4527692 kB
VmRSS:	 4364252 kB
VmHWM:	 4527692 kB
VmRSS:	 4407388 kB
VmHWM:	 4527692 kB
VmRSS:	 4408284 kB
VmHWM:	 4527692 kB
VmRSS:	 4421868 kB
VmHWM:	 4527692 kB
VmRSS:	 4421868 kB
VmHWM:	 4527692 kB
VmRSS:	 4421868 kB
VmHWM:	 4527692 kB
VmRSS:	 4421868 kB
VmHWM:	 4527692 kB
VmRSS:	 4421868 kB
VmHWM:	 4527692 kB
VmRSS:	 4421868 kB
VmHWM:	 4527692 kB
VmRSS:	 4421868 kB
VmHWM:	 4527692 kB
VmRSS:	 4421868 kB
VmHWM:	 4527692 kB
VmRSS:	 4421868 kB
VmHWM:	 4527692 kB
VmRSS:	 4421868 kB
VmHWM:	 4527692 kB
VmRSS:	 4421868 kB
VmHWM:	 4527692 kB
VmRSS:	 4421868 kB
VmHWM:	 4527692 kB
VmRSS:	 4421868 kB
VmHWM:	 4527692 kB
VmRSS:	 4421868 kB
VmHWM:	 4527692 kB
VmRSS:	 4421868 kB
VmHWM:	 4527692 kB
VmRSS:	 4421868 kB
VmHWM:	 4529272 kB
VmRSS:	 4529272 kB
VmHWM:	 4529272 kB
VmRSS:	 4529272 kB
VmHWM:	 4529272 kB
VmRSS:	 4529272 kB
VmHWM:	 4529272 kB
VmRSS:	 4529272 kB
VmHWM:	 4529272 kB
VmRSS:	 4529272 kB
VmHWM:	 4529272 kB
VmRSS:	 4529272 kB
VmHWM:	 4529272 kB
VmRSS:	 4529272 kB
VmHWM:	 4529272 kB
VmRSS:	 4529272 kB
VmHWM:	 4529272 kB
VmRSS:	 4529272 kB
VmHWM:	 4529272 kB
VmRSS:	 4529272 kB
VmHWM:	 4529272 kB
VmRSS:	 4529272 kB
VmHWM:	 4529272 kB
VmRSS:	 4529272 kB
VmHWM:	 4529272 kB
VmRSS:	 4529272 kB
VmHWM:	 4529272 kB
VmRSS:	 4529272 kB
VmHWM:	 4529272 kB
VmRSS:	 4529272 kB
VmHWM:	 4529272 kB
VmRSS:	 4529272 kB
VmHWM:	 4529272 kB
VmRSS:	 4529272 kB
VmHWM:	 4529272 kB
VmRSS:	 4529272 kB
VmHWM:	 4529272 kB
VmRSS:	 4529272 kB
VmHWM:	 4529272 kB
VmRSS:	 4529272 kB
VmHWM:	 4529272 kB
VmRSS:	 4529272 kB
VmHWM:	 4529272 kB
VmRSS:	 4529272 kB
VmHWM:	 4529272 kB
VmRSS:	 4529272 kB
VmHWM:	 4529272 kB
VmRSS:	 4529272 kB
VmHWM:	 4529272 kB
VmRSS:	 4529272 kB
VmHWM:	 4529272 kB
VmRSS:	 4529272 kB
VmHWM:	 4529272 kB
VmRSS:	 4529272 kB
VmHWM:	 4529272 kB
VmRSS:	 4529272 kB
VmHWM:	 4529272 kB
VmRSS:	 4529272 kB
VmHWM:	 4529272 kB
VmRSS:	 4529272 kB
VmHWM:	 4529272 kB
VmRSS:	 4529272 kB
VmHWM:	 4529272 kB
VmRSS:	 4529272 kB
VmHWM:	 4529272 kB
VmRSS:	 4529272 kB
VmHWM:	 4529272 kB
VmRSS:	 4529272 kB
VmHWM:	 4529272 kB
VmRSS:	 4529272 kB
VmHWM:	 4529272 kB
VmRSS:	 4529272 kB
VmHWM:	 4529272 kB
VmRSS:	 4529272 kB
VmHWM:	 4529272 kB
VmRSS:	 4529272 kB
VmHWM:	 4529272 kB
VmRSS:	 4529272 kB
VmHWM:	 4529272 kB
VmRSS:	 4529272 kB
VmHWM:	 4529272 kB
VmRSS:	 4529272 kB
VmHWM:	 4529272 kB
VmRSS:	 4529272 kB
VmHWM:	 4529272 kB
VmRSS:	 4529272 kB
VmHWM:	 4529272 kB
VmRSS:	 4529272 kB
VmHWM:	 4529272 kB
VmRSS:	 4529272 kB
VmHWM:	 4529272 kB
VmRSS:	 4529272 kB
VmHWM:	 4529272 kB
VmRSS:	 4529272 kB
VmHWM:	 4529272 kB
VmRSS:	 4529272 kB
VmHWM:	 4529272 kB
VmRSS:	 4529272 kB
VmHWM:	 4529272 kB
VmRSS:	 4529272 kB
VmHWM:	 4529272 kB
VmRSS:	 4529272 kB
VmHWM:	 4529272 kB
VmRSS:	 4529272 kB
VmHWM:	 4529272 kB
VmRSS:	 4529272 kB
VmHWM:	 4529272 kB
VmRSS:	 4529272 kB
VmHWM:	 4529272 kB
VmRSS:	 4529272 kB
VmHWM:	 4529272 kB
VmRSS:	 4529272 kB
VmHWM:	 4529272 kB
VmRSS:	 4529272 kB
VmHWM:	 4529272 kB
VmRSS:	 4529272 kB
VmHWM:	 4529272 kB
VmRSS:	 4529272 kB
VmHWM:	 4529272 kB
VmRSS:	 4529272 kB
VmHWM:	 4529272 kB
VmRSS:	 4529272 kB
VmHWM:	 4529272 kB
VmRSS:	 4529272 kB
VmHWM:	 4529272 kB
VmRSS:	 4529272 kB
VmHWM:	 4529272 kB
VmRSS:	 4529272 kB
VmHWM:	 4529272 kB
VmRSS:	 4529272 kB
VmHWM:	 4529272 kB
VmRSS:	 4529272 kB
VmHWM:	 4529272 kB
VmRSS:	 4529272 kB
VmHWM:	 4529272 kB
VmRSS:	 4529272 kB
VmHWM:	 4529272 kB
VmRSS:	 4529272 kB
VmHWM:	 4529272 kB
VmRSS:	 4529272 kB
VmHWM:	 4529272 kB
VmRSS:	 4529272 kB
VmHWM:	 4529272 kB
VmRSS:	 4529272 kB
VmHWM:	 4529272 kB
VmRSS:	 4529272 kB
VmHWM:	 4529272 kB
VmRSS:	 4529272 kB
VmHWM:	 4529272 kB
VmRSS:	 4529272 kB
VmHWM:	 4529272 kB
VmRSS:	 4529272 kB
VmHWM:	 4529272 kB
VmRSS:	 4529272 kB
VmHWM:	 4529272 kB
VmRSS:	 4529272 kB
VmHWM:	 4529272 kB
VmRSS:	 4529272 kB
VmHWM:	 4529272 kB
VmRSS:	 4529272 kB
VmHWM:	 4529272 kB
VmRSS:	 4529272 kB
VmHWM:	 4529272 kB
VmRSS:	 4529272 kB
VmHWM:	 4529272 kB
VmRSS:	 4529272 kB
VmHWM:	 4529272 kB
VmRSS:	 4529272 kB
VmHWM:	 4529272 kB
VmRSS:	 4529272 kB
VmHWM:	 4529272 kB
VmRSS:	 4529272 kB
VmHWM:	 4529272 kB
VmRSS:	 4529272 kB
VmHWM:	 4529272 kB
VmRSS:	 4529272 kB
VmHWM:	 4529272 kB
VmRSS:	 4529272 kB
VmHWM:	 4529272 kB
VmRSS:	 4529272 kB
VmHWM:	 4529272 kB
VmRSS:	 4529272 kB
VmHWM:	 4529272 kB
VmRSS:	 4529272 kB
VmHWM:	 4529272 kB
VmRSS:	 4529272 kB
VmHWM:	 4529272 kB
VmRSS:	 4529272 kB
VmHWM:	 4529272 kB
VmRSS:	 4529272 kB
VmHWM:	 4529272 kB
VmRSS:	 4529272 kB
VmHWM:	 4529272 kB
VmRSS:	 4529272 kB
VmHWM:	 4529272 kB
VmRSS:	 4529272 kB
VmHWM:	 4529272 kB
VmRSS:	 4529272 kB
VmHWM:	 4529272 kB
VmRSS:	 4529272 kB
VmHWM:	 4529272 kB
VmRSS:	 4529272 kB
VmHWM:	 4529272 kB
VmRSS:	 4529272 kB
VmHWM:	 4529272 kB
VmRSS:	 4529272 kB
VmHWM:	 4529272 kB
VmRSS:	 4529272 kB
VmHWM:	 4529272 kB
VmRSS:	 4529272 kB
VmHWM:	 4529272 kB
VmRSS:	 4529272 kB
VmHWM:	 4529272 kB
VmRSS:	 4529272 kB
VmHWM:	 4529272 kB
VmRSS:	 4529272 kB
VmHWM:	 4529272 kB
VmRSS:	 4529272 kB
VmHWM:	 4529272 kB
VmRSS:	 4529272 kB
VmHWM:	 4529272 kB
VmRSS:	 4529272 kB
VmHWM:	 4529272 kB
VmRSS:	 4529272 kB
VmHWM:	 4529272 kB
VmRSS:	 4529272 kB
VmHWM:	 4529272 kB
VmRSS:	 4529272 kB
VmHWM:	 4529272 kB
VmRSS:	 4529272 kB
VmHWM:	 4529272 kB
VmRSS:	 4529272 kB
VmHWM:	 4529272 kB
VmRSS:	 4529272 kB
VmHWM:	 4529272 kB
VmRSS:	 4529272 kB
VmHWM:	 4529272 kB
VmRSS:	 4529272 kB
VmHWM:	 4529272 kB
VmRSS:	 4529272 kB
VmHWM:	 4529272 kB
VmRSS:	 4529272 kB
VmHWM:	 4529272 kB
VmRSS:	 4529272 kB
VmHWM:	 4529272 kB
VmRSS:	 4529272 kB
VmHWM:	 4529272 kB
VmRSS:	 4529272 kB
VmHWM:	 4529272 kB
VmRSS:	 4529272 kB
VmHWM:	 4529272 kB
VmRSS:	 4529272 kB
VmHWM:	 4529272 kB
VmRSS:	 4529272 kB
VmHWM:	 4529272 kB
VmRSS:	 4529272 kB
VmHWM:	 4529272 kB
VmRSS:	 4529272 kB
VmHWM:	 4529272 kB
VmRSS:	 4529272 kB
VmHWM:	 4529272 kB
VmRSS:	 4529272 kB
VmHWM:	 4529272 kB
VmRSS:	 4529272 kB
VmHWM:	 4529272 kB
VmRSS:	 4529272 kB
VmHWM:	 4529272 kB
VmRSS:	 4529272 kB
VmHWM:	 4529272 kB
VmRSS:	 4529272 kB
VmHWM:	 4529272 kB
VmRSS:	 4529272 kB
VmHWM:	 4529272 kB
VmRSS:	 4529272 kB
VmHWM:	 4529272 kB
VmRSS:	 4529272 kB
VmHWM:	 4529272 kB
VmRSS:	 4529272 kB
VmHWM:	 4529272 kB
VmRSS:	 4529272 kB
VmHWM:	 4529272 kB
VmRSS:	 4529272 kB
VmHWM:	 4529272 kB
VmRSS:	 4529272 kB
VmHWM:	 4529272 kB
VmRSS:	 4529272 kB
VmHWM:	 4529272 kB
VmRSS:	 4529272 kB
VmHWM:	 4529272 kB
VmRSS:	 4529272 kB
VmHWM:	 4529272 kB
VmRSS:	 4529272 kB
VmHWM:	 4529272 kB
VmRSS:	 4529272 kB
VmHWM:	 4529272 kB
VmRSS:	 4529272 kB
VmHWM:	 4529272 kB
VmRSS:	 4529272 kB
VmHWM:	 4529272 kB
VmRSS:	 4529272 kB
VmHWM:	 4529272 kB
VmRSS:	 4529272 kB
VmHWM:	 4529272 kB
VmRSS:	 4529272 kB
VmHWM:	 4529272 kB
VmRSS:	 4529272 kB
VmHWM:	 4529272 kB
VmRSS:	 4529272 kB
VmHWM:	 4529272 kB
VmRSS:	 4529272 kB
VmHWM:	 4529272 kB
VmRSS:	 4529272 kB
VmHWM:	 4529272 kB
VmRSS:	 4529272 kB
VmHWM:	 4529272 kB
VmRSS:	 4529272 kB
VmHWM:	 4529272 kB
VmRSS:	 4529272 kB
VmHWM:	 4529272 kB
VmRSS:	 4529272 kB
VmHWM:	 4529272 kB
VmRSS:	 4529272 kB
VmHWM:	 4529272 kB
VmRSS:	 4529272 kB
VmHWM:	 4529272 kB
VmRSS:	 4529272 kB
VmHWM:	 4529272 kB
VmRSS:	 4529272 kB
VmHWM:	 4529272 kB
VmRSS:	 4529272 kB
VmHWM:	 4529272 kB
VmRSS:	 4529272 kB
VmHWM:	 4529272 kB
VmRSS:	 4529272 kB
VmHWM:	 4529272 kB
VmRSS:	 4529272 kB
VmHWM:	 4529272 kB
VmRSS:	 4529272 kB
VmHWM:	 4529272 kB
VmRSS:	 4529272 kB
VmHWM:	 4529272 kB
VmRSS:	 4529272 kB
VmHWM:	 4529272 kB
VmRSS:	 4529272 kB
VmHWM:	 4529272 kB
VmRSS:	 4529272 kB
VmHWM:	 4529272 kB
VmRSS:	 4529272 kB
VmHWM:	 4529272 kB
VmRSS:	 4529272 kB
VmHWM:	 4529272 kB
VmRSS:	 4529272 kB
VmHWM:	 4529272 kB
VmRSS:	 4529272 kB
VmHWM:	 4529272 kB
VmRSS:	 4529272 kB
VmHWM:	 4529272 kB
VmRSS:	 4529272 kB
VmHWM:	 4529272 kB
VmRSS:	 4529272 kB
VmHWM:	 4529272 kB
VmRSS:	 4529272 kB
VmHWM:	 4529272 kB
VmRSS:	 4529272 kB
VmHWM:	 4529272 kB
VmRSS:	 4529272 kB
VmHWM:	 4529272 kB
VmRSS:	 4529272 kB
VmHWM:	 4529272 kB
VmRSS:	 4529272 kB
VmHWM:	 4529272 kB
VmRSS:	 4529272 kB
VmHWM:	 4529272 kB
VmRSS:	 4529272 kB
VmHWM:	 4529272 kB
VmRSS:	 4529272 kB
VmHWM:	 4529272 kB
VmRSS:	 4529272 kB
VmHWM:	 4529272 kB
VmRSS:	 4529272 kB
VmHWM:	 4529272 kB
VmRSS:	 4529272 kB
VmHWM:	 4529272 kB
VmRSS:	 4529272 kB
VmHWM:	 4529272 kB
VmRSS:	 4529272 kB
VmHWM:	 4529272 kB
VmRSS:	 4529272 kB
VmHWM:	 4529272 kB
VmRSS:	 4529272 kB
VmHWM:	 4529272 kB
VmRSS:	 4386992 kB
VmHWM:	 4529272 kB
VmRSS:	 4386992 kB
VmHWM:	 4529272 kB
VmRSS:	 4386992 kB
VmHWM:	 4529272 kB
VmRSS:	 4386992 kB
VmHWM:	 4529272 kB
VmRSS:	 4386992 kB
VmHWM:	 4529272 kB
VmRSS:	 4386992 kB
VmHWM:	 4529272 kB
VmRSS:	 4386992 kB
VmHWM:	 4529272 kB
VmRSS:	 4386992 kB
VmHWM:	 4529272 kB
VmRSS:	 4386992 kB
VmHWM:	 4529272 kB
VmRSS:	 4386992 kB
VmHWM:	 4529272 kB
VmRSS:	 4386992 kB
VmHWM:	 4529272 kB
VmRSS:	 4386992 kB
VmHWM:	 4529272 kB
VmRSS:	 4386992 kB
VmHWM:	 4529272 kB
VmRSS:	 4386992 kB
VmHWM:	 4529272 kB
VmRSS:	 4386992 kB
VmHWM:	 4529272 kB
VmRSS:	 4386992 kB
VmHWM:	 4529272 kB
VmRSS:	 4386992 kB
VmHWM:	 4529272 kB
VmRSS:	 4386992 kB
VmHWM:	 4529272 kB
VmRSS:	 4386992 kB
VmHWM:	 4529272 kB
VmRSS:	 4386992 kB
VmHWM:	 4529272 kB
VmRSS:	 4386992 kB
VmHWM:	 4529272 kB
VmRSS:	 4386992 kB
VmHWM:	 4529272 kB
VmRSS:	 4386992 kB
VmHWM:	 4529272 kB
VmRSS:	 4386992 kB
VmHWM:	 4529272 kB
VmRSS:	 4386992 kB
VmHWM:	 4529272 kB
VmRSS:	 4386992 kB
VmHWM:	 4529272 kB
VmRSS:	 4386992 kB
VmHWM:	 4529272 kB
VmRSS:	 4386992 kB
VmHWM:	 4529272 kB
VmRSS:	 4386992 kB
VmHWM:	 4529272 kB
VmRSS:	 4386992 kB
VmHWM:	 4529272 kB
VmRSS:	 4386992 kB
VmHWM:	 4529272 kB
VmRSS:	 4386992 kB
VmHWM:	 4529272 kB
VmRSS:	 4386992 kB
VmHWM:	 4529272 kB
VmRSS:	 4386992 kB
VmHWM:	 4529272 kB
VmRSS:	 4386992 kB
VmHWM:	 4529272 kB
VmRSS:	 4386992 kB
VmHWM:	 4529272 kB
VmRSS:	 4386992 kB
VmHWM:	 4529272 kB
VmRSS:	 4386992 kB
VmHWM:	 4529272 kB
VmRSS:	 4386992 kB
VmHWM:	 4529272 kB
VmRSS:	 4386992 kB
VmHWM:	 4529272 kB
VmRSS:	 4386992 kB
VmHWM:	 4529272 kB
VmRSS:	 4386992 kB
VmHWM:	 4529272 kB
VmRSS:	 4386992 kB
VmHWM:	 4529272 kB
VmRSS:	 4386992 kB
VmHWM:	 4529272 kB
VmRSS:	 4386992 kB
VmHWM:	 4529272 kB
VmRSS:	 4386992 kB
VmHWM:	 4529272 kB
VmRSS:	 4386992 kB
VmHWM:	 4529272 kB
VmRSS:	 4386992 kB
VmHWM:	 4529272 kB
VmRSS:	 4386992 kB
VmHWM:	 4529272 kB
VmRSS:	 4386992 kB
VmHWM:	 4529272 kB
VmRSS:	 4386992 kB
VmHWM:	 4529272 kB
VmRSS:	 4386992 kB
VmHWM:	 4529272 kB
VmRSS:	 4386992 kB
VmHWM:	 4529272 kB
VmRSS:	 4386992 kB
VmHWM:	 4529272 kB
VmRSS:	 4386992 kB
VmHWM:	 4529272 kB
VmRSS:	 4386992 kB
VmHWM:	 4529272 kB
VmRSS:	 4386992 kB
VmHWM:	 4529272 kB
VmRSS:	 4386992 kB
VmHWM:	 4529272 kB
VmRSS:	 4386992 kB
VmHWM:	 4529272 kB
VmRSS:	 4386992 kB
VmHWM:	 4529272 kB
VmRSS:	 4386992 kB
VmHWM:	 4529272 kB
VmRSS:	 4386992 kB
VmHWM:	 4529272 kB
VmRSS:	 4386992 kB
VmHWM:	 4529272 kB
VmRSS:	 4386992 kB
VmHWM:	 4529272 kB
VmRSS:	 4386992 kB
VmHWM:	 4529272 kB
VmRSS:	 4386992 kB
VmHWM:	 4529272 kB
VmRSS:	 4386992 kB
VmHWM:	 4529272 kB
VmRSS:	 4386992 kB
VmHWM:	 4529272 kB
VmRSS:	 4386992 kB
VmHWM:	 4529272 kB
VmRSS:	 4386992 kB
VmHWM:	 4529272 kB
VmRSS:	 4386992 kB
VmHWM:	 4529272 kB
VmRSS:	 4386992 kB
VmHWM:	 4529272 kB
VmRSS:	 4386992 kB
VmHWM:	 4529272 kB
VmRSS:	 4386992 kB
VmHWM:	 4529272 kB
VmRSS:	 4386992 kB
VmHWM:	 4529272 kB
VmRSS:	 4386992 kB
VmHWM:	 4529272 kB
VmRSS:	 4386992 kB
VmHWM:	 4529272 kB
VmRSS:	 4386992 kB
VmHWM:	 4529272 kB
VmRSS:	 4386992 kB
VmHWM:	 4529272 kB
VmRSS:	 4386992 kB
VmHWM:	 4529272 kB
VmRSS:	 4386992 kB
VmHWM:	 4529272 kB
VmRSS:	 4386992 kB
VmHWM:	 4529272 kB
VmRSS:	 4386992 kB
VmHWM:	 4529272 kB
VmRSS:	 4386992 kB
VmHWM:	 4529272 kB
VmRSS:	 4386992 kB
VmHWM:	 4529272 kB
VmRSS:	 4386992 kB
VmHWM:	 4529272 kB
VmRSS:	 4386992 kB
VmHWM:	 4529272 kB
VmRSS:	 4386992 kB
VmHWM:	 4529272 kB
VmRSS:	 4386992 kB
VmHWM:	 4529272 kB
VmRSS:	 4386992 kB
VmHWM:	 4529272 kB
VmRSS:	 4386992 kB
VmHWM:	 4529272 kB
VmRSS:	 4386992 kB
VmHWM:	 4529272 kB
VmRSS:	 4386992 kB
VmHWM:	 4529272 kB
VmRSS:	 4386992 kB
VmHWM:	 4529272 kB
VmRSS:	 4386992 kB
VmHWM:	 4529272 kB
VmRSS:	 4386992 kB
VmHWM:	 4529272 kB
VmRSS:	 4386992 kB
VmHWM:	 4529272 kB
VmRSS:	 4386992 kB
VmHWM:	 4529272 kB
VmRSS:	 4386992 kB
VmHWM:	 4529272 kB
VmRSS:	 4386992 kB
VmHWM:	 4529272 kB
VmRSS:	 4386992 kB
VmHWM:	 4529272 kB
VmRSS:	 4386992 kB
VmHWM:	 4529272 kB
VmRSS:	 4386992 kB
VmHWM:	 4529272 kB
VmRSS:	 4386992 kB
VmHWM:	 4529272 kB
VmRSS:	 4386992 kB
VmHWM:	 4529272 kB
VmRSS:	 4386992 kB
VmHWM:	 4529272 kB
VmRSS:	 4386992 kB
VmHWM:	 4529272 kB
VmRSS:	 4386992 kB
VmHWM:	 4529272 kB
VmRSS:	 4386992 kB
VmHWM:	 4529272 kB
VmRSS:	 4386992 kB
VmHWM:	 4529272 kB
VmRSS:	 4386992 kB
VmHWM:	 4529272 kB
VmRSS:	 4386992 kB
VmHWM:	 4529272 kB
VmRSS:	 4386992 kB
VmHWM:	 4529272 kB
VmRSS:	 4386992 kB
VmHWM:	 4529272 kB
VmRSS:	 4386992 kB
VmHWM:	 4529272 kB
VmRSS:	 4386992 kB
VmHWM:	 4529272 kB
VmRSS:	 4386992 kB
VmHWM:	 4529272 kB
VmRSS:	 4386992 kB
VmHWM:	 4529272 kB
VmRSS:	 4386992 kB
VmHWM:	 4529272 kB
VmRSS:	 4386992 kB
VmHWM:	 4529272 kB
VmRSS:	 4386992 kB
VmHWM:	 4529272 kB
VmRSS:	 4386992 kB
VmHWM:	 4529272 kB
VmRSS:	 4386992 kB
VmHWM:	 4529272 kB
VmRSS:	 4386992 kB
VmHWM:	 4529272 kB
VmRSS:	 4386992 kB
VmHWM:	 4529272 kB
VmRSS:	 4386992 kB
VmHWM:	 4529272 kB
VmRSS:	 4386992 kB
VmHWM:	 4529272 kB
VmRSS:	 4386992 kB
VmHWM:	 4529272 kB
VmRSS:	 4386992 kB
===ENGINE_OUTPUT===
load_backend: loaded RPC backend from /data/local/tmp/llmbench/libggml-rpc.so
load_backend: loaded CPU backend from /data/local/tmp/llmbench/libggml-cpu-android_armv9.2_2.so
[
  {
    "build_commit": "b97ebdc98",
    "build_number": 8999,
    "cpu_info": "CPU",
    "gpu_info": "",
    "backends": "CPU",
    "model_filename": "/data/local/tmp/llmbench/models/unsloth_gemma-4-E2B-it-GGUF_gemma-4-E2B-it-Q4_K_M.gguf",
    "model_type": "gemma4 E2B Q4_K - Medium",
    "model_size": 3090917516,
    "model_n_params": 4647450147,
    "n_batch": 2048,
    "n_ubatch": 512,
    "n_threads": 4,
    "cpu_mask": "0x0",
    "cpu_strict": false,
    "poll": 50,
    "type_k": "f16",
    "type_v": "f16",
    "n_gpu_layers": 99,
    "n_cpu_moe": 0,
    "split_mode": "layer",
    "main_gpu": 0,
    "no_kv_offload": false,
    "flash_attn": false,
    "devices": "auto",
    "tensor_split": "0.00",
    "tensor_buft_overrides": "none",
    "use_mmap": true,
    "use_direct_io": false,
    "embeddings": false,
    "no_op_offload": 0,
    "no_host": false,
    "fit_target": 0,
    "fit_min_ctx": 0,
    "n_prompt": 1024,
    "n_gen": 0,
    "n_depth": 0,
    "test_time": "2026-10-06T14:20:24Z",
    "avg_ns": 20023781055,
    "stddev_ns": 1069895866,
    "avg_ts": 51.257787,
    "stddev_ts": 2.774905,
    "samples_ns": [ 18871484316, 18894681035, 20383344940, 20989547544, 20979847440 ],
    "samples_ts": [ 54.2618, 54.1951, 50.2371, 48.7862, 48.8087 ]
  },
  {
    "build_commit": "b97ebdc98",
    "build_number": 8999,
    "cpu_info": "CPU",
    "gpu_info": "",
    "backends": "CPU",
    "model_filename": "/data/local/tmp/llmbench/models/unsloth_gemma-4-E2B-it-GGUF_gemma-4-E2B-it-Q4_K_M.gguf",
    "model_type": "gemma4 E2B Q4_K - Medium",
    "model_size": 3090917516,
    "model_n_params": 4647450147,
    "n_batch": 2048,
    "n_ubatch": 512,
    "n_threads": 4,
    "cpu_mask": "0x0",
    "cpu_strict": false,
    "poll": 50,
    "type_k": "f16",
    "type_v": "f16",
    "n_gpu_layers": 99,
    "n_cpu_moe": 0,
    "split_mode": "layer",
    "main_gpu": 0,
    "no_kv_offload": false,
    "flash_attn": false,
    "devices": "auto",
    "tensor_split": "0.00",
    "tensor_buft_overrides": "none",
    "use_mmap": true,
    "use_direct_io": false,
    "embeddings": false,
    "no_op_offload": 0,
    "no_host": false,
    "fit_target": 0,
    "fit_min_ctx": 0,
    "n_prompt": 0,
    "n_gen": 256,
    "n_depth": 0,
    "test_time": "2026-10-06T14:22:18Z",
    "avg_ns": 13314540734,
    "stddev_ns": 732129802,
    "avg_ts": 19.274532,
    "stddev_ts": 1.080105,
    "samples_ns": [ 12221592287, 13357990880, 14286166713, 13337002339, 13369951453 ],
    "samples_ts": [ 20.9465, 19.1646, 17.9194, 19.1947, 19.1474 ]
  }
]
EXIT_CODE=0
