VmHWM:	 1462580 kB
VmRSS:	 1462580 kB
VmHWM:	 3185492 kB
VmRSS:	 3185492 kB
VmHWM:	 3779668 kB
VmRSS:	 3779668 kB
VmHWM:	 4347860 kB
VmRSS:	 4347860 kB
VmHWM:	 4529540 kB
VmRSS:	 4529540 kB
VmHWM:	 4529540 kB
VmRSS:	 4529540 kB
VmHWM:	 4543876 kB
VmRSS:	 4543876 kB
VmHWM:	 4543876 kB
VmRSS:	 4543876 kB
VmHWM:	 4543876 kB
VmRSS:	 4543876 kB
VmHWM:	 4578052 kB
VmRSS:	 4578052 kB
VmHWM:	 4578052 kB
VmRSS:	 4578052 kB
VmHWM:	 4578052 kB
VmRSS:	 4578052 kB
VmHWM:	 4578052 kB
VmRSS:	 4578052 kB
VmHWM:	 4578052 kB
VmRSS:	 4578052 kB
VmHWM:	 4581008 kB
VmRSS:	 4581008 kB
VmHWM:	 4581008 kB
VmRSS:	 4581008 kB
VmHWM:	 4581008 kB
VmRSS:	 4581008 kB
VmHWM:	 4581008 kB
VmRSS:	 4581008 kB
VmHWM:	 4581008 kB
VmRSS:	 4581008 kB
VmHWM:	 4581008 kB
VmRSS:	 4581008 kB
VmHWM:	 4581008 kB
VmRSS:	 4581008 kB
VmHWM:	 4581008 kB
VmRSS:	 4581008 kB
VmHWM:	 4581008 kB
VmRSS:	 4581008 kB
VmHWM:	 4581008 kB
VmRSS:	 4581008 kB
VmHWM:	 4581008 kB
VmRSS:	 4581008 kB
VmHWM:	 4581008 kB
VmRSS:	 4581008 kB
VmHWM:	 4581008 kB
VmRSS:	 4581008 kB
VmHWM:	 4581420 kB
VmRSS:	 4581420 kB
VmHWM:	 4581420 kB
VmRSS:	 4581420 kB
VmHWM:	 4581420 kB
VmRSS:	 4581420 kB
VmHWM:	 4581420 kB
VmRSS:	 4581420 kB
VmHWM:	 4581420 kB
VmRSS:	 4581420 kB
VmHWM:	 4581420 kB
VmRSS:	 4581420 kB
VmHWM:	 4581420 kB
VmRSS:	 4581420 kB
VmHWM:	 4581420 kB
VmRSS:	 4581420 kB
VmHWM:	 4581420 kB
VmRSS:	 4581420 kB
VmHWM:	 4581420 kB
VmRSS:	 4581420 kB
VmHWM:	 4581420 kB
VmRSS:	 4581420 kB
VmHWM:	 4581420 kB
VmRSS:	 4581420 kB
VmHWM:	 4581420 kB
VmRSS:	 4581420 kB
VmHWM:	 4581420 kB
VmRSS:	 4581420 kB
VmHWM:	 4581420 kB
VmRSS:	 4581420 kB
VmHWM:	 4581420 kB
VmRSS:	 4581420 kB
VmHWM:	 4581420 kB
VmRSS:	 4581420 kB
VmHWM:	 4581420 kB
VmRSS:	 4581420 kB
VmHWM:	 4581420 kB
VmRSS:	 4581420 kB
VmHWM:	 4581420 kB
VmRSS:	 4581420 kB
VmHWM:	 4581420 kB
VmRSS:	 4581420 kB
VmHWM:	 4581420 kB
VmRSS:	 4581420 kB
VmHWM:	 4581420 kB
VmRSS:	 4581420 kB
VmHWM:	 4581420 kB
VmRSS:	 4581420 kB
VmHWM:	 4581420 kB
VmRSS:	 4581420 kB
VmHWM:	 4581420 kB
VmRSS:	 4581420 kB
VmHWM:	 4581420 kB
VmRSS:	 4581420 kB
VmHWM:	 4581420 kB
VmRSS:	 4581420 kB
VmHWM:	 4581420 kB
VmRSS:	 4581420 kB
VmHWM:	 4581420 kB
VmRSS:	 4581420 kB
VmHWM:	 4581420 kB
VmRSS:	 4581420 kB
VmHWM:	 4581420 kB
VmRSS:	 4581420 kB
VmHWM:	 4581420 kB
VmRSS:	 4581420 kB
VmHWM:	 4581420 kB
VmRSS:	 4581420 kB
VmHWM:	 4581420 kB
VmRSS:	 4581420 kB
VmHWM:	 4581420 kB
VmRSS:	 4581420 kB
VmHWM:	 4581420 kB
VmRSS:	 4581420 kB
VmHWM:	 4581420 kB
VmRSS:	 4581420 kB
VmHWM:	 4581420 kB
VmRSS:	 4581420 kB
VmHWM:	 4581420 kB
VmRSS:	 4581420 kB
VmHWM:	 4581420 kB
VmRSS:	 4581420 kB
VmHWM:	 4581420 kB
VmRSS:	 4581420 kB
VmHWM:	 4581420 kB
VmRSS:	 4581420 kB
VmHWM:	 4581420 kB
VmRSS:	 4581420 kB
VmHWM:	 4581420 kB
VmRSS:	 4581420 kB
VmHWM:	 4581420 kB
VmRSS:	 4581420 kB
VmHWM:	 4581420 kB
VmRSS:	 4581420 kB
VmHWM:	 4581420 kB
VmRSS:	 4581420 kB
VmHWM:	 4581420 kB
VmRSS:	 4581420 kB
VmHWM:	 4581420 kB
VmRSS:	 4581420 kB
VmHWM:	 4581420 kB
VmRSS:	 4581420 kB
VmHWM:	 4581420 kB
VmRSS:	 4581420 kB
VmHWM:	 4581420 kB
VmRSS:	 4581420 kB
VmHWM:	 4581420 kB
VmRSS:	 4581420 kB
VmHWM:	 4581420 kB
VmRSS:	 4581420 kB
VmHWM:	 4581420 kB
VmRSS:	 4581420 kB
VmHWM:	 4581420 kB
VmRSS:	 4581420 kB
VmHWM:	 4581420 kB
VmRSS:	 4581420 kB
VmHWM:	 4581420 kB
VmRSS:	 4581420 kB
VmHWM:	 4581420 kB
VmRSS:	 4581420 kB
VmHWM:	 4581420 kB
VmRSS:	 4581420 kB
VmHWM:	 4581420 kB
VmRSS:	 4581420 kB
VmHWM:	 4581420 kB
VmRSS:	 4581420 kB
VmHWM:	 4581420 kB
VmRSS:	 4581420 kB
VmHWM:	 4581420 kB
VmRSS:	 4581420 kB
VmHWM:	 4581420 kB
VmRSS:	 4581420 kB
VmHWM:	 4581420 kB
VmRSS:	 4581420 kB
VmHWM:	 4581420 kB
VmRSS:	 4581420 kB
VmHWM:	 4581420 kB
VmRSS:	 4581420 kB
VmHWM:	 4581420 kB
VmRSS:	 4581420 kB
VmHWM:	 4581420 kB
VmRSS:	 4581420 kB
VmHWM:	 4581420 kB
VmRSS:	 4581420 kB
VmHWM:	 4581420 kB
VmRSS:	 4581420 kB
VmHWM:	 4581420 kB
VmRSS:	 4581420 kB
VmHWM:	 4581420 kB
VmRSS:	 4581420 kB
VmHWM:	 4581420 kB
VmRSS:	 4581420 kB
VmHWM:	 4581420 kB
VmRSS:	 4581420 kB
VmHWM:	 4581420 kB
VmRSS:	 4581420 kB
VmHWM:	 4581420 kB
VmRSS:	 4581420 kB
VmHWM:	 4581420 kB
VmRSS:	 4581420 kB
VmHWM:	 4581420 kB
VmRSS:	 4581420 kB
VmHWM:	 4581420 kB
VmRSS:	 4581420 kB
VmHWM:	 4581420 kB
VmRSS:	 4581420 kB
VmHWM:	 4581420 kB
VmRSS:	 4581420 kB
VmHWM:	 4581420 kB
VmRSS:	 4581420 kB
VmHWM:	 4581420 kB
VmRSS:	 4581420 kB
VmHWM:	 4581420 kB
VmRSS:	 4581420 kB
VmHWM:	 4581420 kB
VmRSS:	 4581420 kB
VmHWM:	 4581420 kB
VmRSS:	 4581420 kB
VmHWM:	 4581420 kB
VmRSS:	 4581420 kB
VmHWM:	 4581420 kB
VmRSS:	 4581420 kB
VmHWM:	 4581420 kB
VmRSS:	 4581420 kB
VmHWM:	 4581420 kB
VmRSS:	 4581420 kB
VmHWM:	 4581420 kB
VmRSS:	 4581420 kB
VmHWM:	 4581420 kB
VmRSS:	 4581420 kB
VmHWM:	 4581420 kB
VmRSS:	 4581420 kB
VmHWM:	 4581420 kB
VmRSS:	 4581420 kB
VmHWM:	 4581420 kB
VmRSS:	 4581420 kB
VmHWM:	 4581420 kB
VmRSS:	 4581420 kB
VmHWM:	 4581420 kB
VmRSS:	 4581420 kB
VmHWM:	 4581420 kB
VmRSS:	 4581420 kB
VmHWM:	 4581420 kB
VmRSS:	 4581420 kB
VmHWM:	 4581420 kB
VmRSS:	 4581420 kB
VmHWM:	 4581420 kB
VmRSS:	 4581420 kB
VmHWM:	 4581420 kB
VmRSS:	 4581420 kB
VmHWM:	 4581420 kB
VmRSS:	 4581420 kB
VmHWM:	 4581420 kB
VmRSS:	 4581420 kB
VmHWM:	 4581420 kB
VmRSS:	 4581420 kB
VmHWM:	 4581420 kB
VmRSS:	 4581420 kB
VmHWM:	 4581420 kB
VmRSS:	 4581420 kB
VmHWM:	 4581420 kB
VmRSS:	 4581420 kB
VmHWM:	 4581420 kB
VmRSS:	 4581420 kB
VmHWM:	 4581420 kB
VmRSS:	 4581420 kB
VmHWM:	 4581420 kB
VmRSS:	 4581420 kB
VmHWM:	 4581420 kB
VmRSS:	 4581420 kB
VmHWM:	 4581420 kB
VmRSS:	 4581420 kB
VmHWM:	 4581420 kB
VmRSS:	 4581420 kB
VmHWM:	 4581420 kB
VmRSS:	 4581420 kB
VmHWM:	 4581420 kB
VmRSS:	 4581420 kB
VmHWM:	 4581420 kB
VmRSS:	 4581420 kB
VmHWM:	 4581420 kB
VmRSS:	 4581420 kB
VmHWM:	 4581420 kB
VmRSS:	 4581420 kB
VmHWM:	 4581420 kB
VmRSS:	 4581420 kB
VmHWM:	 4581420 kB
VmRSS:	 4581420 kB
VmHWM:	 4581420 kB
VmRSS:	 4581420 kB
VmHWM:	 4581420 kB
VmRSS:	 4581420 kB
VmHWM:	 4581420 kB
VmRSS:	 4581420 kB
VmHWM:	 4581420 kB
VmRSS:	 4581420 kB
VmHWM:	 4581420 kB
VmRSS:	 4581420 kB
VmHWM:	 4581420 kB
VmRSS:	 4581420 kB
VmHWM:	 4581420 kB
VmRSS:	 4581420 kB
VmHWM:	 4581420 kB
VmRSS:	 4581420 kB
VmHWM:	 4581420 kB
VmRSS:	 4581420 kB
VmHWM:	 4581420 kB
VmRSS:	 4581420 kB
VmHWM:	 4581420 kB
VmRSS:	 4581420 kB
VmHWM:	 4581420 kB
VmRSS:	 4581420 kB
VmHWM:	 4581420 kB
VmRSS:	 4581420 kB
VmHWM:	 4581420 kB
VmRSS:	 4581420 kB
VmHWM:	 4581420 kB
VmRSS:	 4581420 kB
VmHWM:	 4581420 kB
VmRSS:	 4581420 kB
VmHWM:	 4581420 kB
VmRSS:	 4581420 kB
VmHWM:	 4581420 kB
VmRSS:	 4581420 kB
VmHWM:	 4581420 kB
VmRSS:	 4581420 kB
VmHWM:	 4581420 kB
VmRSS:	 4581420 kB
VmHWM:	 4581420 kB
VmRSS:	 4581420 kB
VmHWM:	 4581420 kB
VmRSS:	 4581420 kB
VmHWM:	 4581420 kB
VmRSS:	 4581420 kB
VmHWM:	 4581420 kB
VmRSS:	 4581420 kB
VmHWM:	 4581420 kB
VmRSS:	 4581420 kB
VmHWM:	 4581420 kB
VmRSS:	 4581420 kB
VmHWM:	 4581420 kB
VmRSS:	 4581420 kB
VmHWM:	 4581420 kB
VmRSS:	 4581420 kB
VmHWM:	 4581420 kB
VmRSS:	 4581420 kB
VmHWM:	 4581420 kB
VmRSS:	 4581420 kB
VmHWM:	 4581420 kB
VmRSS:	 4581420 kB
VmHWM:	 4581420 kB
VmRSS:	 4581420 kB
VmHWM:	 4581420 kB
VmRSS:	 4581420 kB
VmHWM:	 4581420 kB
VmRSS:	 4581420 kB
VmHWM:	 4581420 kB
VmRSS:	 4581420 kB
VmHWM:	 4581420 kB
VmRSS:	 4581420 kB
VmHWM:	 4581420 kB
VmRSS:	 4581420 kB
VmHWM:	 4581420 kB
VmRSS:	 4581420 kB
VmHWM:	 4581420 kB
VmRSS:	 4581420 kB
VmHWM:	 4581420 kB
VmRSS:	 4581420 kB
VmHWM:	 4581420 kB
VmRSS:	 4581420 kB
VmHWM:	 4581420 kB
VmRSS:	 4581420 kB
VmHWM:	 4581420 kB
VmRSS:	 4581420 kB
VmHWM:	 4581420 kB
VmRSS:	 4581420 kB
VmHWM:	 4581420 kB
VmRSS:	 4581420 kB
VmHWM:	 4581420 kB
VmRSS:	 4581420 kB
VmHWM:	 4581420 kB
VmRSS:	 4581420 kB
VmHWM:	 4581420 kB
VmRSS:	 4581420 kB
VmHWM:	 4581420 kB
VmRSS:	 4581420 kB
VmHWM:	 4581420 kB
VmRSS:	 4581420 kB
VmHWM:	 4581420 kB
VmRSS:	 4581420 kB
VmHWM:	 4581420 kB
VmRSS:	 4581420 kB
VmHWM:	 4581420 kB
VmRSS:	 4581420 kB
VmHWM:	 4581420 kB
VmRSS:	 4439296 kB
VmHWM:	 4581420 kB
VmRSS:	 4439296 kB
VmHWM:	 4581420 kB
VmRSS:	 4439296 kB
VmHWM:	 4581420 kB
VmRSS:	 4439296 kB
VmHWM:	 4581420 kB
VmRSS:	 4439296 kB
VmHWM:	 4581420 kB
VmRSS:	 4439296 kB
VmHWM:	 4581420 kB
VmRSS:	 4439296 kB
VmHWM:	 4581420 kB
VmRSS:	 4439296 kB
VmHWM:	 4581420 kB
VmRSS:	 4439296 kB
VmHWM:	 4581420 kB
VmRSS:	 4439296 kB
VmHWM:	 4581420 kB
VmRSS:	 4439296 kB
VmHWM:	 4581420 kB
VmRSS:	 4439296 kB
VmHWM:	 4581420 kB
VmRSS:	 4439296 kB
VmHWM:	 4581420 kB
VmRSS:	 4439296 kB
VmHWM:	 4581420 kB
VmRSS:	 4439296 kB
VmHWM:	 4581420 kB
VmRSS:	 4439296 kB
VmHWM:	 4581420 kB
VmRSS:	 4439296 kB
VmHWM:	 4581420 kB
VmRSS:	 4439296 kB
VmHWM:	 4581420 kB
VmRSS:	 4439296 kB
VmHWM:	 4581420 kB
VmRSS:	 4439296 kB
VmHWM:	 4581420 kB
VmRSS:	 4439296 kB
VmHWM:	 4581420 kB
VmRSS:	 4439296 kB
VmHWM:	 4581420 kB
VmRSS:	 4439296 kB
VmHWM:	 4581420 kB
VmRSS:	 4439296 kB
VmHWM:	 4581420 kB
VmRSS:	 4439296 kB
VmHWM:	 4581420 kB
VmRSS:	 4439296 kB
VmHWM:	 4581420 kB
VmRSS:	 4439296 kB
VmHWM:	 4581420 kB
VmRSS:	 4439296 kB
VmHWM:	 4581420 kB
VmRSS:	 4439296 kB
VmHWM:	 4581420 kB
VmRSS:	 4439296 kB
VmHWM:	 4581420 kB
VmRSS:	 4439296 kB
VmHWM:	 4581420 kB
VmRSS:	 4439296 kB
VmHWM:	 4581420 kB
VmRSS:	 4439296 kB
VmHWM:	 4581420 kB
VmRSS:	 4439296 kB
VmHWM:	 4581420 kB
VmRSS:	 4439296 kB
VmHWM:	 4581420 kB
VmRSS:	 4439296 kB
VmHWM:	 4581420 kB
VmRSS:	 4439296 kB
VmHWM:	 4581420 kB
VmRSS:	 4439296 kB
VmHWM:	 4581420 kB
VmRSS:	 4439296 kB
VmHWM:	 4581420 kB
VmRSS:	 4439296 kB
VmHWM:	 4581420 kB
VmRSS:	 4439296 kB
VmHWM:	 4581420 kB
VmRSS:	 4439296 kB
VmHWM:	 4581420 kB
VmRSS:	 4439296 kB
VmHWM:	 4581420 kB
VmRSS:	 4439296 kB
VmHWM:	 4581420 kB
VmRSS:	 4439296 kB
VmHWM:	 4581420 kB
VmRSS:	 4439296 kB
VmHWM:	 4581420 kB
VmRSS:	 4439296 kB
VmHWM:	 4581420 kB
VmRSS:	 4439296 kB
VmHWM:	 4581420 kB
VmRSS:	 4439296 kB
VmHWM:	 4581420 kB
VmRSS:	 4439296 kB
VmHWM:	 4581420 kB
VmRSS:	 4439296 kB
VmHWM:	 4581420 kB
VmRSS:	 4439296 kB
VmHWM:	 4581420 kB
VmRSS:	 4439296 kB
VmHWM:	 4581420 kB
VmRSS:	 4439296 kB
VmHWM:	 4581420 kB
VmRSS:	 4439296 kB
VmHWM:	 4581420 kB
VmRSS:	 4439296 kB
VmHWM:	 4581420 kB
VmRSS:	 4439296 kB
VmHWM:	 4581420 kB
VmRSS:	 4439296 kB
VmHWM:	 4581420 kB
VmRSS:	 4439296 kB
VmHWM:	 4581420 kB
VmRSS:	 4439296 kB
VmHWM:	 4581420 kB
VmRSS:	 4439296 kB
VmHWM:	 4581420 kB
VmRSS:	 4439296 kB
VmHWM:	 4581420 kB
VmRSS:	 4439296 kB
VmHWM:	 4581420 kB
VmRSS:	 4439296 kB
VmHWM:	 4581420 kB
VmRSS:	 4439296 kB
VmHWM:	 4581420 kB
VmRSS:	 4439296 kB
VmHWM:	 4581420 kB
VmRSS:	 4439296 kB
VmHWM:	 4581420 kB
VmRSS:	 4439296 kB
VmHWM:	 4581420 kB
VmRSS:	 4439296 kB
VmHWM:	 4581420 kB
VmRSS:	 4439296 kB
VmHWM:	 4581420 kB
VmRSS:	 4439296 kB
VmHWM:	 4581420 kB
VmRSS:	 4439296 kB
VmHWM:	 4581420 kB
VmRSS:	 4439296 kB
VmHWM:	 4581420 kB
VmRSS:	 4439296 kB
VmHWM:	 4581420 kB
VmRSS:	 4439296 kB
VmHWM:	 4581420 kB
VmRSS:	 4439296 kB
VmHWM:	 4581420 kB
VmRSS:	 4439296 kB
VmHWM:	 4581420 kB
VmRSS:	 4439296 kB
VmHWM:	 4581420 kB
VmRSS:	 4439296 kB
VmHWM:	 4581420 kB
VmRSS:	 4439296 kB
VmHWM:	 4581420 kB
VmRSS:	 4439296 kB
VmHWM:	 4581420 kB
VmRSS:	 4439296 kB
VmHWM:	 4581420 kB
VmRSS:	 4439296 kB
VmHWM:	 4581420 kB
VmRSS:	 4439296 kB
VmHWM:	 4581420 kB
VmRSS:	 4439296 kB
VmHWM:	 4581420 kB
VmRSS:	 4439296 kB
VmHWM:	 4581420 kB
VmRSS:	 4439296 kB
VmHWM:	 4581420 kB
VmRSS:	 4439296 kB
VmHWM:	 4581420 kB
VmRSS:	 4439296 kB
VmHWM:	 4581420 kB
VmRSS:	 4439296 kB
VmHWM:	 4581420 kB
VmRSS:	 4439296 kB
VmHWM:	 4581420 kB
VmRSS:	 4439296 kB
VmHWM:	 4581420 kB
VmRSS:	 4439296 kB
VmHWM:	 4581420 kB
VmRSS:	 4439296 kB
VmHWM:	 4581420 kB
VmRSS:	 4439296 kB
VmHWM:	 4581420 kB
VmRSS:	 4439296 kB
VmHWM:	 4581420 kB
VmRSS:	 4439296 kB
VmHWM:	 4581420 kB
VmRSS:	 4439296 kB
VmHWM:	 4581420 kB
VmRSS:	 4439296 kB
VmHWM:	 4581420 kB
VmRSS:	 4439296 kB
VmHWM:	 4581420 kB
VmRSS:	 4439296 kB
VmHWM:	 4581420 kB
VmRSS:	 4439296 kB
VmHWM:	 4581420 kB
VmRSS:	 4439296 kB
VmHWM:	 4581420 kB
VmRSS:	 4439296 kB
VmHWM:	 4581420 kB
VmRSS:	 4439296 kB
VmHWM:	 4581420 kB
VmRSS:	 4439296 kB
VmHWM:	 4581420 kB
VmRSS:	 4439296 kB
VmHWM:	 4581420 kB
VmRSS:	 4439296 kB
VmHWM:	 4581420 kB
VmRSS:	 4439296 kB
VmHWM:	 4581420 kB
VmRSS:	 4439296 kB
VmHWM:	 4581420 kB
VmRSS:	 4439296 kB
VmHWM:	 4581420 kB
VmRSS:	 4439296 kB
VmHWM:	 4581420 kB
VmRSS:	 4439296 kB
VmHWM:	 4581420 kB
VmRSS:	 4439296 kB
VmHWM:	 4581420 kB
VmRSS:	 4439296 kB
VmHWM:	 4581420 kB
VmRSS:	 4439296 kB
VmHWM:	 4581420 kB
VmRSS:	 4439296 kB
VmHWM:	 4581420 kB
VmRSS:	 4439296 kB
VmHWM:	 4581420 kB
VmRSS:	 2685940 kB
===ENGINE_OUTPUT===
load_backend: loaded RPC backend from /data/local/tmp/llmbench/libggml-rpc.so
load_backend: loaded CPU backend from /data/local/tmp/llmbench/libggml-cpu-android_armv9.2_2.so
[
  {
    "build_commit": "b97ebdc98",
    "build_number": 8999,
    "cpu_info": "CPU",
    "gpu_info": "",
    "backends": "CPU",
    "model_filename": "/data/local/tmp/llmbench/models/unsloth_gemma-4-E2B-it-GGUF_gemma-4-E2B-it-Q4_K_M.gguf",
    "model_type": "gemma4 E2B Q4_K - Medium",
    "model_size": 3090917516,
    "model_n_params": 4647450147,
    "n_batch": 2048,
    "n_ubatch": 512,
    "n_threads": 4,
    "cpu_mask": "0x0",
    "cpu_strict": false,
    "poll": 50,
    "type_k": "f16",
    "type_v": "f16",
    "n_gpu_layers": 99,
    "n_cpu_moe": 0,
    "split_mode": "layer",
    "main_gpu": 0,
    "no_kv_offload": false,
    "flash_attn": false,
    "devices": "auto",
    "tensor_split": "0.00",
    "tensor_buft_overrides": "none",
    "use_mmap": true,
    "use_direct_io": false,
    "embeddings": false,
    "no_op_offload": 0,
    "no_host": false,
    "fit_target": 0,
    "fit_min_ctx": 0,
    "n_prompt": 1024,
    "n_gen": 0,
    "n_depth": 0,
    "test_time": "2026-10-06T14:03:15Z",
    "avg_ns": 18160903086,
    "stddev_ns": 1271698900,
    "avg_ts": 56.629580,
    "stddev_ts": 4.368872,
    "samples_ns": [ 15895122546, 18605488691, 18622660045, 18850599888, 18830644264 ],
    "samples_ts": [ 64.4223, 55.0375, 54.9868, 54.3219, 54.3794 ]
  },
  {
    "build_commit": "b97ebdc98",
    "build_number": 8999,
    "cpu_info": "CPU",
    "gpu_info": "",
    "backends": "CPU",
    "model_filename": "/data/local/tmp/llmbench/models/unsloth_gemma-4-E2B-it-GGUF_gemma-4-E2B-it-Q4_K_M.gguf",
    "model_type": "gemma4 E2B Q4_K - Medium",
    "model_size": 3090917516,
    "model_n_params": 4647450147,
    "n_batch": 2048,
    "n_ubatch": 512,
    "n_threads": 4,
    "cpu_mask": "0x0",
    "cpu_strict": false,
    "poll": 50,
    "type_k": "f16",
    "type_v": "f16",
    "n_gpu_layers": 99,
    "n_cpu_moe": 0,
    "split_mode": "layer",
    "main_gpu": 0,
    "no_kv_offload": false,
    "flash_attn": false,
    "devices": "auto",
    "tensor_split": "0.00",
    "tensor_buft_overrides": "none",
    "use_mmap": true,
    "use_direct_io": false,
    "embeddings": false,
    "no_op_offload": 0,
    "no_host": false,
    "fit_target": 0,
    "fit_min_ctx": 0,
    "n_prompt": 0,
    "n_gen": 256,
    "n_depth": 0,
    "test_time": "2026-10-06T14:04:58Z",
    "avg_ns": 12158678484,
    "stddev_ns": 823072996,
    "avg_ts": 21.131381,
    "stddev_ts": 1.413257,
    "samples_ns": [ 11268613381, 11506903433, 12077861922, 12678689839, 13261323849 ],
    "samples_ts": [ 22.718, 22.2475, 21.1958, 20.1914, 19.3043 ]
  }
]
EXIT_CODE=0
