VmHWM:	 3455160 kB
VmRSS:	 3455160 kB
VmHWM:	 4053688 kB
VmRSS:	 4053688 kB
VmHWM:	 4529688 kB
VmRSS:	 4529688 kB
VmHWM:	 4529688 kB
VmRSS:	 4529688 kB
VmHWM:	 4544152 kB
VmRSS:	 4544152 kB
VmHWM:	 4544152 kB
VmRSS:	 4544152 kB
VmHWM:	 4544152 kB
VmRSS:	 4544152 kB
VmHWM:	 4578328 kB
VmRSS:	 4578328 kB
VmHWM:	 4578328 kB
VmRSS:	 4578328 kB
VmHWM:	 4578328 kB
VmRSS:	 4578328 kB
VmHWM:	 4578328 kB
VmRSS:	 4578328 kB
VmHWM:	 4578328 kB
VmRSS:	 4578328 kB
VmHWM:	 4578328 kB
VmRSS:	 4578328 kB
VmHWM:	 4581596 kB
VmRSS:	 4581596 kB
VmHWM:	 4581596 kB
VmRSS:	 4581596 kB
VmHWM:	 4581596 kB
VmRSS:	 4581596 kB
VmHWM:	 4581596 kB
VmRSS:	 4581596 kB
VmHWM:	 4581596 kB
VmRSS:	 4581596 kB
VmHWM:	 4581596 kB
VmRSS:	 4581596 kB
VmHWM:	 4581596 kB
VmRSS:	 4581596 kB
VmHWM:	 4581596 kB
VmRSS:	 4581596 kB
VmHWM:	 4581596 kB
VmRSS:	 4581596 kB
VmHWM:	 4581596 kB
VmRSS:	 4581596 kB
VmHWM:	 4581596 kB
VmRSS:	 4581596 kB
VmHWM:	 4581596 kB
VmRSS:	 4581596 kB
VmHWM:	 4581596 kB
VmRSS:	 4581596 kB
VmHWM:	 4581596 kB
VmRSS:	 4581596 kB
VmHWM:	 4581596 kB
VmRSS:	 4581596 kB
VmHWM:	 4581596 kB
VmRSS:	 4581596 kB
VmHWM:	 4581596 kB
VmRSS:	 4581596 kB
VmHWM:	 4581596 kB
VmRSS:	 4581596 kB
VmHWM:	 4581596 kB
VmRSS:	 4581596 kB
VmHWM:	 4581596 kB
VmRSS:	 4581596 kB
VmHWM:	 4581596 kB
VmRSS:	 4581596 kB
VmHWM:	 4581596 kB
VmRSS:	 4581596 kB
VmHWM:	 4581596 kB
VmRSS:	 4581596 kB
VmHWM:	 4581596 kB
VmRSS:	 4581596 kB
VmHWM:	 4581596 kB
VmRSS:	 4581596 kB
VmHWM:	 4581596 kB
VmRSS:	 4581596 kB
VmHWM:	 4581596 kB
VmRSS:	 4581596 kB
VmHWM:	 4581596 kB
VmRSS:	 4581596 kB
VmHWM:	 4581596 kB
VmRSS:	 4581596 kB
VmHWM:	 4581596 kB
VmRSS:	 4581596 kB
VmHWM:	 4581596 kB
VmRSS:	 4581596 kB
VmHWM:	 4581596 kB
VmRSS:	 4581596 kB
VmHWM:	 4581596 kB
VmRSS:	 4581596 kB
VmHWM:	 4581596 kB
VmRSS:	 4581596 kB
VmHWM:	 4581596 kB
VmRSS:	 4581596 kB
VmHWM:	 4581596 kB
VmRSS:	 4581596 kB
VmHWM:	 4581596 kB
VmRSS:	 4581596 kB
VmHWM:	 4581596 kB
VmRSS:	 4581596 kB
VmHWM:	 4581596 kB
VmRSS:	 4581596 kB
VmHWM:	 4581596 kB
VmRSS:	 4581596 kB
VmHWM:	 4581596 kB
VmRSS:	 4581596 kB
VmHWM:	 4581596 kB
VmRSS:	 4581596 kB
VmHWM:	 4581596 kB
VmRSS:	 4581596 kB
VmHWM:	 4581596 kB
VmRSS:	 4581596 kB
VmHWM:	 4581596 kB
VmRSS:	 4581596 kB
VmHWM:	 4581596 kB
VmRSS:	 4581596 kB
VmHWM:	 4581596 kB
VmRSS:	 4581596 kB
VmHWM:	 4581596 kB
VmRSS:	 4581596 kB
VmHWM:	 4581596 kB
VmRSS:	 4581596 kB
VmHWM:	 4581596 kB
VmRSS:	 4581596 kB
VmHWM:	 4581596 kB
VmRSS:	 4581596 kB
VmHWM:	 4581596 kB
VmRSS:	 4581596 kB
VmHWM:	 4581596 kB
VmRSS:	 4581596 kB
VmHWM:	 4581596 kB
VmRSS:	 4581596 kB
VmHWM:	 4581596 kB
VmRSS:	 4581596 kB
VmHWM:	 4581596 kB
VmRSS:	 4581596 kB
VmHWM:	 4581596 kB
VmRSS:	 4581596 kB
VmHWM:	 4581596 kB
VmRSS:	 4581596 kB
VmHWM:	 4581596 kB
VmRSS:	 4581596 kB
VmHWM:	 4581596 kB
VmRSS:	 4581596 kB
VmHWM:	 4581596 kB
VmRSS:	 4581596 kB
VmHWM:	 4581596 kB
VmRSS:	 4581596 kB
VmHWM:	 4581596 kB
VmRSS:	 4581596 kB
VmHWM:	 4581596 kB
VmRSS:	 4581596 kB
VmHWM:	 4581596 kB
VmRSS:	 4581596 kB
VmHWM:	 4581596 kB
VmRSS:	 4581596 kB
VmHWM:	 4581596 kB
VmRSS:	 4581596 kB
VmHWM:	 4581596 kB
VmRSS:	 4581596 kB
VmHWM:	 4581596 kB
VmRSS:	 4581596 kB
VmHWM:	 4581596 kB
VmRSS:	 4581596 kB
VmHWM:	 4581596 kB
VmRSS:	 4581596 kB
VmHWM:	 4581596 kB
VmRSS:	 4581596 kB
VmHWM:	 4581596 kB
VmRSS:	 4581596 kB
VmHWM:	 4581596 kB
VmRSS:	 4581596 kB
VmHWM:	 4581596 kB
VmRSS:	 4581596 kB
VmHWM:	 4581596 kB
VmRSS:	 4581596 kB
VmHWM:	 4581596 kB
VmRSS:	 4581596 kB
VmHWM:	 4581596 kB
VmRSS:	 4581596 kB
VmHWM:	 4581596 kB
VmRSS:	 4581596 kB
VmHWM:	 4581596 kB
VmRSS:	 4581596 kB
VmHWM:	 4581596 kB
VmRSS:	 4581596 kB
VmHWM:	 4581596 kB
VmRSS:	 4581596 kB
VmHWM:	 4581596 kB
VmRSS:	 4581596 kB
VmHWM:	 4581596 kB
VmRSS:	 4581596 kB
VmHWM:	 4581596 kB
VmRSS:	 4581596 kB
VmHWM:	 4581596 kB
VmRSS:	 4581596 kB
VmHWM:	 4581596 kB
VmRSS:	 4581596 kB
VmHWM:	 4581596 kB
VmRSS:	 4581596 kB
VmHWM:	 4581596 kB
VmRSS:	 4581596 kB
VmHWM:	 4581596 kB
VmRSS:	 4581596 kB
VmHWM:	 4581596 kB
VmRSS:	 4581596 kB
VmHWM:	 4581596 kB
VmRSS:	 4581596 kB
VmHWM:	 4581596 kB
VmRSS:	 4581596 kB
VmHWM:	 4581596 kB
VmRSS:	 4581596 kB
VmHWM:	 4581596 kB
VmRSS:	 4581596 kB
VmHWM:	 4581596 kB
VmRSS:	 4581596 kB
VmHWM:	 4581596 kB
VmRSS:	 4581596 kB
VmHWM:	 4581596 kB
VmRSS:	 4581596 kB
VmHWM:	 4581596 kB
VmRSS:	 4581596 kB
VmHWM:	 4581596 kB
VmRSS:	 4581596 kB
VmHWM:	 4581596 kB
VmRSS:	 4581596 kB
VmHWM:	 4581596 kB
VmRSS:	 4581596 kB
VmHWM:	 4581596 kB
VmRSS:	 4581596 kB
VmHWM:	 4581596 kB
VmRSS:	 4581596 kB
VmHWM:	 4581596 kB
VmRSS:	 4581596 kB
VmHWM:	 4581596 kB
VmRSS:	 4581596 kB
VmHWM:	 4581596 kB
VmRSS:	 4581596 kB
VmHWM:	 4581596 kB
VmRSS:	 4581596 kB
VmHWM:	 4581596 kB
VmRSS:	 4581596 kB
VmHWM:	 4581596 kB
VmRSS:	 4581596 kB
VmHWM:	 4581596 kB
VmRSS:	 4581596 kB
VmHWM:	 4581596 kB
VmRSS:	 4581596 kB
VmHWM:	 4581596 kB
VmRSS:	 4581596 kB
VmHWM:	 4581596 kB
VmRSS:	 4581596 kB
VmHWM:	 4581596 kB
VmRSS:	 4581596 kB
VmHWM:	 4581596 kB
VmRSS:	 4581596 kB
VmHWM:	 4581596 kB
VmRSS:	 4581596 kB
VmHWM:	 4581596 kB
VmRSS:	 4581596 kB
VmHWM:	 4581596 kB
VmRSS:	 4581596 kB
VmHWM:	 4581596 kB
VmRSS:	 4581596 kB
VmHWM:	 4581596 kB
VmRSS:	 4581596 kB
VmHWM:	 4581596 kB
VmRSS:	 4581596 kB
VmHWM:	 4581596 kB
VmRSS:	 4581596 kB
VmHWM:	 4581596 kB
VmRSS:	 4581596 kB
VmHWM:	 4581596 kB
VmRSS:	 4581596 kB
VmHWM:	 4581596 kB
VmRSS:	 4581596 kB
VmHWM:	 4581596 kB
VmRSS:	 4581596 kB
VmHWM:	 4581596 kB
VmRSS:	 4581596 kB
VmHWM:	 4581596 kB
VmRSS:	 4581596 kB
VmHWM:	 4581596 kB
VmRSS:	 4581596 kB
VmHWM:	 4581596 kB
VmRSS:	 4581596 kB
VmHWM:	 4581596 kB
VmRSS:	 4581596 kB
VmHWM:	 4581596 kB
VmRSS:	 4581596 kB
VmHWM:	 4581596 kB
VmRSS:	 4581596 kB
VmHWM:	 4581596 kB
VmRSS:	 4581596 kB
VmHWM:	 4581596 kB
VmRSS:	 4581596 kB
VmHWM:	 4581596 kB
VmRSS:	 4581596 kB
VmHWM:	 4581596 kB
VmRSS:	 4581596 kB
VmHWM:	 4581596 kB
VmRSS:	 4581596 kB
VmHWM:	 4581596 kB
VmRSS:	 4581596 kB
VmHWM:	 4581596 kB
VmRSS:	 4581596 kB
VmHWM:	 4581596 kB
VmRSS:	 4581596 kB
VmHWM:	 4581596 kB
VmRSS:	 4581596 kB
VmHWM:	 4581596 kB
VmRSS:	 4581596 kB
VmHWM:	 4581596 kB
VmRSS:	 4581596 kB
VmHWM:	 4581596 kB
VmRSS:	 4581596 kB
VmHWM:	 4581596 kB
VmRSS:	 4581596 kB
VmHWM:	 4581596 kB
VmRSS:	 4581596 kB
VmHWM:	 4581596 kB
VmRSS:	 4581596 kB
VmHWM:	 4581596 kB
VmRSS:	 4581596 kB
VmHWM:	 4581596 kB
VmRSS:	 4581596 kB
VmHWM:	 4581596 kB
VmRSS:	 4581596 kB
VmHWM:	 4581596 kB
VmRSS:	 4581596 kB
VmHWM:	 4581596 kB
VmRSS:	 4581596 kB
VmHWM:	 4581596 kB
VmRSS:	 4581596 kB
VmHWM:	 4581596 kB
VmRSS:	 4581596 kB
VmHWM:	 4581596 kB
VmRSS:	 4581596 kB
VmHWM:	 4581596 kB
VmRSS:	 4581596 kB
VmHWM:	 4581596 kB
VmRSS:	 4581596 kB
VmHWM:	 4581596 kB
VmRSS:	 4581596 kB
VmHWM:	 4581596 kB
VmRSS:	 4581596 kB
VmHWM:	 4581596 kB
VmRSS:	 4581596 kB
VmHWM:	 4581596 kB
VmRSS:	 4581596 kB
VmHWM:	 4581596 kB
VmRSS:	 4581596 kB
VmHWM:	 4581596 kB
VmRSS:	 4581596 kB
VmHWM:	 4581596 kB
VmRSS:	 4581596 kB
VmHWM:	 4581596 kB
VmRSS:	 4581596 kB
VmHWM:	 4581596 kB
VmRSS:	 4581596 kB
VmHWM:	 4581596 kB
VmRSS:	 4581596 kB
VmHWM:	 4581596 kB
VmRSS:	 4581596 kB
VmHWM:	 4581596 kB
VmRSS:	 4581596 kB
VmHWM:	 4581596 kB
VmRSS:	 4581596 kB
VmHWM:	 4581596 kB
VmRSS:	 4581596 kB
VmHWM:	 4581596 kB
VmRSS:	 4581596 kB
VmHWM:	 4581596 kB
VmRSS:	 4581596 kB
VmHWM:	 4581596 kB
VmRSS:	 4581596 kB
VmHWM:	 4581596 kB
VmRSS:	 4581596 kB
VmHWM:	 4581596 kB
VmRSS:	 4581596 kB
VmHWM:	 4581596 kB
VmRSS:	 4581596 kB
VmHWM:	 4581596 kB
VmRSS:	 4581596 kB
VmHWM:	 4581596 kB
VmRSS:	 4581596 kB
VmHWM:	 4581596 kB
VmRSS:	 4581596 kB
VmHWM:	 4581596 kB
VmRSS:	 4581596 kB
VmHWM:	 4581596 kB
VmRSS:	 4581596 kB
VmHWM:	 4581596 kB
VmRSS:	 4581596 kB
VmHWM:	 4581596 kB
VmRSS:	 4581596 kB
VmHWM:	 4581596 kB
VmRSS:	 4581596 kB
VmHWM:	 4581596 kB
VmRSS:	 4581596 kB
VmHWM:	 4581596 kB
VmRSS:	 4581596 kB
VmHWM:	 4581596 kB
VmRSS:	 4581596 kB
VmHWM:	 4581596 kB
VmRSS:	 4581596 kB
VmHWM:	 4581596 kB
VmRSS:	 4581596 kB
VmHWM:	 4581596 kB
VmRSS:	 4581596 kB
VmHWM:	 4581596 kB
VmRSS:	 4581596 kB
VmHWM:	 4581596 kB
VmRSS:	 4581596 kB
VmHWM:	 4581596 kB
VmRSS:	 4581596 kB
VmHWM:	 4581596 kB
VmRSS:	 4581596 kB
VmHWM:	 4581596 kB
VmRSS:	 4581596 kB
VmHWM:	 4581596 kB
VmRSS:	 4581596 kB
VmHWM:	 4581596 kB
VmRSS:	 4581596 kB
VmHWM:	 4581596 kB
VmRSS:	 4581596 kB
VmHWM:	 4581596 kB
VmRSS:	 4581596 kB
VmHWM:	 4581596 kB
VmRSS:	 4581596 kB
VmHWM:	 4581596 kB
VmRSS:	 4581596 kB
VmHWM:	 4581596 kB
VmRSS:	 4581596 kB
VmHWM:	 4581596 kB
VmRSS:	 4581596 kB
VmHWM:	 4581596 kB
VmRSS:	 4581596 kB
VmHWM:	 4581596 kB
VmRSS:	 4581596 kB
VmHWM:	 4581596 kB
VmRSS:	 4581596 kB
VmHWM:	 4581596 kB
VmRSS:	 4581596 kB
VmHWM:	 4581596 kB
VmRSS:	 4581596 kB
VmHWM:	 4581596 kB
VmRSS:	 4581596 kB
VmHWM:	 4581596 kB
VmRSS:	 4581596 kB
VmHWM:	 4581596 kB
VmRSS:	 4581596 kB
VmHWM:	 4581596 kB
VmRSS:	 4581596 kB
VmHWM:	 4581596 kB
VmRSS:	 4581596 kB
VmHWM:	 4581596 kB
VmRSS:	 4581596 kB
VmHWM:	 4581596 kB
VmRSS:	 4581596 kB
VmHWM:	 4581596 kB
VmRSS:	 4581596 kB
VmHWM:	 4581596 kB
VmRSS:	 4438248 kB
VmHWM:	 4581596 kB
VmRSS:	 4439144 kB
VmHWM:	 4581596 kB
VmRSS:	 4439144 kB
VmHWM:	 4581596 kB
VmRSS:	 4439144 kB
VmHWM:	 4581596 kB
VmRSS:	 4439144 kB
VmHWM:	 4581596 kB
VmRSS:	 4439144 kB
VmHWM:	 4581596 kB
VmRSS:	 4439144 kB
VmHWM:	 4581596 kB
VmRSS:	 4439144 kB
VmHWM:	 4581596 kB
VmRSS:	 4439144 kB
VmHWM:	 4581596 kB
VmRSS:	 4439144 kB
VmHWM:	 4581596 kB
VmRSS:	 4439144 kB
VmHWM:	 4581596 kB
VmRSS:	 4439144 kB
VmHWM:	 4581596 kB
VmRSS:	 4439144 kB
VmHWM:	 4581596 kB
VmRSS:	 4439144 kB
VmHWM:	 4581596 kB
VmRSS:	 4439144 kB
VmHWM:	 4581596 kB
VmRSS:	 4439144 kB
VmHWM:	 4581596 kB
VmRSS:	 4439144 kB
VmHWM:	 4581596 kB
VmRSS:	 4439144 kB
VmHWM:	 4581596 kB
VmRSS:	 4439144 kB
VmHWM:	 4581596 kB
VmRSS:	 4439144 kB
VmHWM:	 4581596 kB
VmRSS:	 4439144 kB
VmHWM:	 4581596 kB
VmRSS:	 4439144 kB
VmHWM:	 4581596 kB
VmRSS:	 4439144 kB
VmHWM:	 4581596 kB
VmRSS:	 4439144 kB
VmHWM:	 4581596 kB
VmRSS:	 4439144 kB
VmHWM:	 4581596 kB
VmRSS:	 4439144 kB
VmHWM:	 4581596 kB
VmRSS:	 4439144 kB
VmHWM:	 4581596 kB
VmRSS:	 4439144 kB
VmHWM:	 4581596 kB
VmRSS:	 4439144 kB
VmHWM:	 4581596 kB
VmRSS:	 4439144 kB
VmHWM:	 4581596 kB
VmRSS:	 4439144 kB
VmHWM:	 4581596 kB
VmRSS:	 4439144 kB
VmHWM:	 4581596 kB
VmRSS:	 4439144 kB
VmHWM:	 4581596 kB
VmRSS:	 4439144 kB
VmHWM:	 4581596 kB
VmRSS:	 4439144 kB
VmHWM:	 4581596 kB
VmRSS:	 4439144 kB
VmHWM:	 4581596 kB
VmRSS:	 4439144 kB
VmHWM:	 4581596 kB
VmRSS:	 4439144 kB
VmHWM:	 4581596 kB
VmRSS:	 4439144 kB
VmHWM:	 4581596 kB
VmRSS:	 4439144 kB
VmHWM:	 4581596 kB
VmRSS:	 4439144 kB
VmHWM:	 4581596 kB
VmRSS:	 4439144 kB
VmHWM:	 4581596 kB
VmRSS:	 4439144 kB
VmHWM:	 4581596 kB
VmRSS:	 4439144 kB
VmHWM:	 4581596 kB
VmRSS:	 4439144 kB
VmHWM:	 4581596 kB
VmRSS:	 4439144 kB
VmHWM:	 4581596 kB
VmRSS:	 4439144 kB
VmHWM:	 4581596 kB
VmRSS:	 4439144 kB
VmHWM:	 4581596 kB
VmRSS:	 4439144 kB
VmHWM:	 4581596 kB
VmRSS:	 4439144 kB
VmHWM:	 4581596 kB
VmRSS:	 4439144 kB
VmHWM:	 4581596 kB
VmRSS:	 4439144 kB
VmHWM:	 4581596 kB
VmRSS:	 4439144 kB
VmHWM:	 4581596 kB
VmRSS:	 4439144 kB
VmHWM:	 4581596 kB
VmRSS:	 4439144 kB
VmHWM:	 4581596 kB
VmRSS:	 4439144 kB
VmHWM:	 4581596 kB
VmRSS:	 4439144 kB
VmHWM:	 4581596 kB
VmRSS:	 4439144 kB
VmHWM:	 4581596 kB
VmRSS:	 4439144 kB
VmHWM:	 4581596 kB
VmRSS:	 4439144 kB
VmHWM:	 4581596 kB
VmRSS:	 4439144 kB
VmHWM:	 4581596 kB
VmRSS:	 4439144 kB
VmHWM:	 4581596 kB
VmRSS:	 4439144 kB
VmHWM:	 4581596 kB
VmRSS:	 4439144 kB
VmHWM:	 4581596 kB
VmRSS:	 4439144 kB
VmHWM:	 4581596 kB
VmRSS:	 4439144 kB
VmHWM:	 4581596 kB
VmRSS:	 4439144 kB
VmHWM:	 4581596 kB
VmRSS:	 4439144 kB
VmHWM:	 4581596 kB
VmRSS:	 4439144 kB
VmHWM:	 4581596 kB
VmRSS:	 4439144 kB
VmHWM:	 4581596 kB
VmRSS:	 4439144 kB
VmHWM:	 4581596 kB
VmRSS:	 4439144 kB
VmHWM:	 4581596 kB
VmRSS:	 4439144 kB
VmHWM:	 4581596 kB
VmRSS:	 4439144 kB
VmHWM:	 4581596 kB
VmRSS:	 4439144 kB
VmHWM:	 4581596 kB
VmRSS:	 4439144 kB
VmHWM:	 4581596 kB
VmRSS:	 4439144 kB
VmHWM:	 4581596 kB
VmRSS:	 4439144 kB
VmHWM:	 4581596 kB
VmRSS:	 4439144 kB
VmHWM:	 4581596 kB
VmRSS:	 4439144 kB
VmHWM:	 4581596 kB
VmRSS:	 4439144 kB
VmHWM:	 4581596 kB
VmRSS:	 4439144 kB
VmHWM:	 4581596 kB
VmRSS:	 4439144 kB
VmHWM:	 4581596 kB
VmRSS:	 4439144 kB
VmHWM:	 4581596 kB
VmRSS:	 4439144 kB
VmHWM:	 4581596 kB
VmRSS:	 4439144 kB
VmHWM:	 4581596 kB
VmRSS:	 4439144 kB
VmHWM:	 4581596 kB
VmRSS:	 4439144 kB
VmHWM:	 4581596 kB
VmRSS:	 4439144 kB
VmHWM:	 4581596 kB
VmRSS:	 4439144 kB
VmHWM:	 4581596 kB
VmRSS:	 4439144 kB
VmHWM:	 4581596 kB
VmRSS:	 4439144 kB
VmHWM:	 4581596 kB
VmRSS:	 4439144 kB
VmHWM:	 4581596 kB
VmRSS:	 4439144 kB
VmHWM:	 4581596 kB
VmRSS:	 4439144 kB
VmHWM:	 4581596 kB
VmRSS:	 4439144 kB
VmHWM:	 4581596 kB
VmRSS:	 4439144 kB
VmHWM:	 4581596 kB
VmRSS:	 4439144 kB
VmHWM:	 4581596 kB
VmRSS:	 4439144 kB
VmHWM:	 4581596 kB
VmRSS:	 4439144 kB
VmHWM:	 4581596 kB
VmRSS:	 4439144 kB
VmHWM:	 4581596 kB
VmRSS:	 4439144 kB
VmHWM:	 4581596 kB
VmRSS:	 4439144 kB
VmHWM:	 4581596 kB
VmRSS:	 4439144 kB
VmHWM:	 4581596 kB
VmRSS:	 4439144 kB
VmHWM:	 4581596 kB
VmRSS:	 4439144 kB
VmHWM:	 4581596 kB
VmRSS:	 4439144 kB
VmHWM:	 4581596 kB
VmRSS:	 4439144 kB
VmHWM:	 4581596 kB
VmRSS:	 4439144 kB
VmHWM:	 4581596 kB
VmRSS:	 4439144 kB
VmHWM:	 4581596 kB
VmRSS:	 4439144 kB
VmHWM:	 4581596 kB
VmRSS:	 4439144 kB
VmHWM:	 4581596 kB
VmRSS:	 4439144 kB
VmHWM:	 4581596 kB
VmRSS:	 4439144 kB
VmHWM:	 4581596 kB
VmRSS:	 4439144 kB
VmHWM:	 4581596 kB
VmRSS:	 4439144 kB
VmHWM:	 4581596 kB
VmRSS:	 4439144 kB
VmHWM:	 4581596 kB
VmRSS:	 4439144 kB
VmHWM:	 4581596 kB
VmRSS:	 4439144 kB
VmHWM:	 4581596 kB
VmRSS:	 4439144 kB
VmHWM:	 4581596 kB
VmRSS:	 4439144 kB
VmHWM:	 4581596 kB
VmRSS:	 4439144 kB
VmHWM:	 4581596 kB
VmRSS:	 4439144 kB
VmHWM:	 4581596 kB
VmRSS:	 4439144 kB
VmHWM:	 4581596 kB
VmRSS:	 4439144 kB
VmHWM:	 4581596 kB
VmRSS:	 4439144 kB
VmHWM:	 4581596 kB
VmRSS:	 4439144 kB
===ENGINE_OUTPUT===
load_backend: loaded RPC backend from /data/local/tmp/llmbench/libggml-rpc.so
load_backend: loaded CPU backend from /data/local/tmp/llmbench/libggml-cpu-android_armv9.2_2.so
[
  {
    "build_commit": "b97ebdc98",
    "build_number": 8999,
    "cpu_info": "CPU",
    "gpu_info": "",
    "backends": "CPU",
    "model_filename": "/data/local/tmp/llmbench/models/unsloth_gemma-4-E2B-it-GGUF_gemma-4-E2B-it-Q4_K_M.gguf",
    "model_type": "gemma4 E2B Q4_K - Medium",
    "model_size": 3090917516,
    "model_n_params": 4647450147,
    "n_batch": 2048,
    "n_ubatch": 512,
    "n_threads": 4,
    "cpu_mask": "0x0",
    "cpu_strict": false,
    "poll": 50,
    "type_k": "f16",
    "type_v": "f16",
    "n_gpu_layers": 99,
    "n_cpu_moe": 0,
    "split_mode": "layer",
    "main_gpu": 0,
    "no_kv_offload": false,
    "flash_attn": false,
    "devices": "auto",
    "tensor_split": "0.00",
    "tensor_buft_overrides": "none",
    "use_mmap": true,
    "use_direct_io": false,
    "embeddings": false,
    "no_op_offload": 0,
    "no_host": false,
    "fit_target": 0,
    "fit_min_ctx": 0,
    "n_prompt": 1024,
    "n_gen": 0,
    "n_depth": 0,
    "test_time": "2026-10-06T14:26:30Z",
    "avg_ns": 20801357273,
    "stddev_ns": 372401980,
    "avg_ts": 49.240493,
    "stddev_ts": 0.903212,
    "samples_ns": [ 20135336138, 20965479002, 20956178794, 20977301451, 20972490981 ],
    "samples_ts": [ 50.8559, 48.8422, 48.8639, 48.8147, 48.8259 ]
  },
  {
    "build_commit": "b97ebdc98",
    "build_number": 8999,
    "cpu_info": "CPU",
    "gpu_info": "",
    "backends": "CPU",
    "model_filename": "/data/local/tmp/llmbench/models/unsloth_gemma-4-E2B-it-GGUF_gemma-4-E2B-it-Q4_K_M.gguf",
    "model_type": "gemma4 E2B Q4_K - Medium",
    "model_size": 3090917516,
    "model_n_params": 4647450147,
    "n_batch": 2048,
    "n_ubatch": 512,
    "n_threads": 4,
    "cpu_mask": "0x0",
    "cpu_strict": false,
    "poll": 50,
    "type_k": "f16",
    "type_v": "f16",
    "n_gpu_layers": 99,
    "n_cpu_moe": 0,
    "split_mode": "layer",
    "main_gpu": 0,
    "no_kv_offload": false,
    "flash_attn": false,
    "devices": "auto",
    "tensor_split": "0.00",
    "tensor_buft_overrides": "none",
    "use_mmap": true,
    "use_direct_io": false,
    "embeddings": false,
    "no_op_offload": 0,
    "no_host": false,
    "fit_target": 0,
    "fit_min_ctx": 0,
    "n_prompt": 0,
    "n_gen": 256,
    "n_depth": 0,
    "test_time": "2026-10-06T14:28:28Z",
    "avg_ns": 13037833224,
    "stddev_ns": 481852846,
    "avg_ts": 19.657740,
    "stddev_ts": 0.763561,
    "samples_ns": [ 12179823641, 13327328328, 13214011662, 13214789943, 13253212547 ],
    "samples_ts": [ 21.0184, 19.2087, 19.3734, 19.3722, 19.3161 ]
  }
]
EXIT_CODE=0
