VmHWM:	 3489772 kB
VmRSS:	 3489772 kB
VmHWM:	 4087148 kB
VmRSS:	 4087148 kB
VmHWM:	 4529548 kB
VmRSS:	 4529548 kB
VmHWM:	 4529548 kB
VmRSS:	 4529548 kB
VmHWM:	 4544012 kB
VmRSS:	 4544012 kB
VmHWM:	 4544012 kB
VmRSS:	 4544012 kB
VmHWM:	 4544012 kB
VmRSS:	 4544012 kB
VmHWM:	 4578188 kB
VmRSS:	 4578188 kB
VmHWM:	 4578188 kB
VmRSS:	 4578188 kB
VmHWM:	 4578188 kB
VmRSS:	 4578188 kB
VmHWM:	 4578188 kB
VmRSS:	 4578188 kB
VmHWM:	 4578188 kB
VmRSS:	 4578188 kB
VmHWM:	 4578188 kB
VmRSS:	 4578188 kB
VmHWM:	 4581420 kB
VmRSS:	 4581420 kB
VmHWM:	 4581420 kB
VmRSS:	 4581420 kB
VmHWM:	 4581420 kB
VmRSS:	 4581420 kB
VmHWM:	 4581420 kB
VmRSS:	 4581420 kB
VmHWM:	 4581420 kB
VmRSS:	 4581420 kB
VmHWM:	 4581420 kB
VmRSS:	 4581420 kB
VmHWM:	 4581420 kB
VmRSS:	 4581420 kB
VmHWM:	 4581420 kB
VmRSS:	 4581420 kB
VmHWM:	 4581420 kB
VmRSS:	 4581420 kB
VmHWM:	 4581420 kB
VmRSS:	 4581420 kB
VmHWM:	 4581420 kB
VmRSS:	 4581420 kB
VmHWM:	 4581420 kB
VmRSS:	 4581420 kB
VmHWM:	 4581420 kB
VmRSS:	 4581420 kB
VmHWM:	 4581420 kB
VmRSS:	 4581420 kB
VmHWM:	 4581420 kB
VmRSS:	 4581420 kB
VmHWM:	 4581420 kB
VmRSS:	 4581420 kB
VmHWM:	 4581420 kB
VmRSS:	 4581420 kB
VmHWM:	 4581420 kB
VmRSS:	 4581420 kB
VmHWM:	 4581420 kB
VmRSS:	 4581420 kB
VmHWM:	 4581420 kB
VmRSS:	 4581420 kB
VmHWM:	 4581420 kB
VmRSS:	 4581420 kB
VmHWM:	 4581420 kB
VmRSS:	 4581420 kB
VmHWM:	 4581420 kB
VmRSS:	 4581420 kB
VmHWM:	 4581420 kB
VmRSS:	 4581420 kB
VmHWM:	 4581420 kB
VmRSS:	 4581420 kB
VmHWM:	 4581420 kB
VmRSS:	 4581420 kB
VmHWM:	 4581420 kB
VmRSS:	 4581420 kB
VmHWM:	 4581420 kB
VmRSS:	 4581420 kB
VmHWM:	 4581420 kB
VmRSS:	 4581420 kB
VmHWM:	 4581420 kB
VmRSS:	 4581420 kB
VmHWM:	 4581420 kB
VmRSS:	 4581420 kB
VmHWM:	 4581420 kB
VmRSS:	 4581420 kB
VmHWM:	 4581420 kB
VmRSS:	 4581420 kB
VmHWM:	 4581420 kB
VmRSS:	 4581420 kB
VmHWM:	 4581420 kB
VmRSS:	 4581420 kB
VmHWM:	 4581420 kB
VmRSS:	 4581420 kB
VmHWM:	 4581420 kB
VmRSS:	 4581420 kB
VmHWM:	 4581420 kB
VmRSS:	 4581420 kB
VmHWM:	 4581420 kB
VmRSS:	 4581420 kB
VmHWM:	 4581420 kB
VmRSS:	 4581420 kB
VmHWM:	 4581420 kB
VmRSS:	 4581420 kB
VmHWM:	 4581420 kB
VmRSS:	 4581420 kB
VmHWM:	 4581420 kB
VmRSS:	 4581420 kB
VmHWM:	 4581420 kB
VmRSS:	 4581420 kB
VmHWM:	 4581420 kB
VmRSS:	 4581420 kB
VmHWM:	 4581420 kB
VmRSS:	 4581420 kB
VmHWM:	 4581420 kB
VmRSS:	 4581420 kB
VmHWM:	 4581420 kB
VmRSS:	 4581420 kB
VmHWM:	 4581420 kB
VmRSS:	 4581420 kB
VmHWM:	 4581420 kB
VmRSS:	 4581420 kB
VmHWM:	 4581420 kB
VmRSS:	 4581420 kB
VmHWM:	 4581420 kB
VmRSS:	 4581420 kB
VmHWM:	 4581420 kB
VmRSS:	 4581420 kB
VmHWM:	 4581420 kB
VmRSS:	 4581420 kB
VmHWM:	 4581420 kB
VmRSS:	 4581420 kB
VmHWM:	 4581420 kB
VmRSS:	 4581420 kB
VmHWM:	 4581420 kB
VmRSS:	 4581420 kB
VmHWM:	 4581420 kB
VmRSS:	 4581420 kB
VmHWM:	 4581420 kB
VmRSS:	 4581420 kB
VmHWM:	 4581420 kB
VmRSS:	 4581420 kB
VmHWM:	 4581420 kB
VmRSS:	 4581420 kB
VmHWM:	 4581420 kB
VmRSS:	 4581420 kB
VmHWM:	 4581420 kB
VmRSS:	 4581420 kB
VmHWM:	 4581420 kB
VmRSS:	 4581420 kB
VmHWM:	 4581420 kB
VmRSS:	 4581420 kB
VmHWM:	 4581420 kB
VmRSS:	 4581420 kB
VmHWM:	 4581420 kB
VmRSS:	 4581420 kB
VmHWM:	 4581420 kB
VmRSS:	 4581420 kB
VmHWM:	 4581420 kB
VmRSS:	 4581420 kB
VmHWM:	 4581420 kB
VmRSS:	 4581420 kB
VmHWM:	 4581420 kB
VmRSS:	 4581420 kB
VmHWM:	 4581420 kB
VmRSS:	 4581420 kB
VmHWM:	 4581420 kB
VmRSS:	 4581420 kB
VmHWM:	 4581420 kB
VmRSS:	 4581420 kB
VmHWM:	 4581420 kB
VmRSS:	 4581420 kB
VmHWM:	 4581420 kB
VmRSS:	 4581420 kB
VmHWM:	 4581420 kB
VmRSS:	 4581420 kB
VmHWM:	 4581420 kB
VmRSS:	 4581420 kB
VmHWM:	 4581420 kB
VmRSS:	 4581420 kB
VmHWM:	 4581420 kB
VmRSS:	 4581420 kB
VmHWM:	 4581420 kB
VmRSS:	 4581420 kB
VmHWM:	 4581420 kB
VmRSS:	 4581420 kB
VmHWM:	 4581420 kB
VmRSS:	 4581420 kB
VmHWM:	 4581420 kB
VmRSS:	 4581420 kB
VmHWM:	 4581420 kB
VmRSS:	 4581420 kB
VmHWM:	 4581420 kB
VmRSS:	 4581420 kB
VmHWM:	 4581420 kB
VmRSS:	 4581420 kB
VmHWM:	 4581420 kB
VmRSS:	 4581420 kB
VmHWM:	 4581420 kB
VmRSS:	 4581420 kB
VmHWM:	 4581420 kB
VmRSS:	 4581420 kB
VmHWM:	 4581420 kB
VmRSS:	 4581420 kB
VmHWM:	 4581420 kB
VmRSS:	 4581420 kB
VmHWM:	 4581420 kB
VmRSS:	 4581420 kB
VmHWM:	 4581420 kB
VmRSS:	 4581420 kB
VmHWM:	 4581420 kB
VmRSS:	 4581420 kB
VmHWM:	 4581420 kB
VmRSS:	 4581420 kB
VmHWM:	 4581420 kB
VmRSS:	 4581420 kB
VmHWM:	 4581420 kB
VmRSS:	 4581420 kB
VmHWM:	 4581420 kB
VmRSS:	 4581420 kB
VmHWM:	 4581420 kB
VmRSS:	 4581420 kB
VmHWM:	 4581420 kB
VmRSS:	 4581420 kB
VmHWM:	 4581420 kB
VmRSS:	 4581420 kB
VmHWM:	 4581420 kB
VmRSS:	 4581420 kB
VmHWM:	 4581420 kB
VmRSS:	 4581420 kB
VmHWM:	 4581420 kB
VmRSS:	 4581420 kB
VmHWM:	 4581420 kB
VmRSS:	 4581420 kB
VmHWM:	 4581420 kB
VmRSS:	 4581420 kB
VmHWM:	 4581420 kB
VmRSS:	 4581420 kB
VmHWM:	 4581420 kB
VmRSS:	 4581420 kB
VmHWM:	 4581420 kB
VmRSS:	 4581420 kB
VmHWM:	 4581420 kB
VmRSS:	 4581420 kB
VmHWM:	 4581420 kB
VmRSS:	 4581420 kB
VmHWM:	 4581420 kB
VmRSS:	 4581420 kB
VmHWM:	 4581420 kB
VmRSS:	 4581420 kB
VmHWM:	 4581420 kB
VmRSS:	 4581420 kB
VmHWM:	 4581420 kB
VmRSS:	 4581420 kB
VmHWM:	 4581420 kB
VmRSS:	 4581420 kB
VmHWM:	 4581420 kB
VmRSS:	 4581420 kB
VmHWM:	 4581420 kB
VmRSS:	 4581420 kB
VmHWM:	 4581420 kB
VmRSS:	 4581420 kB
VmHWM:	 4581420 kB
VmRSS:	 4581420 kB
VmHWM:	 4581420 kB
VmRSS:	 4581420 kB
VmHWM:	 4581420 kB
VmRSS:	 4581420 kB
VmHWM:	 4581420 kB
VmRSS:	 4581420 kB
VmHWM:	 4581420 kB
VmRSS:	 4581420 kB
VmHWM:	 4581420 kB
VmRSS:	 4581420 kB
VmHWM:	 4581420 kB
VmRSS:	 4581420 kB
VmHWM:	 4581420 kB
VmRSS:	 4581420 kB
VmHWM:	 4581420 kB
VmRSS:	 4581420 kB
VmHWM:	 4581420 kB
VmRSS:	 4581420 kB
VmHWM:	 4581420 kB
VmRSS:	 4581420 kB
VmHWM:	 4581420 kB
VmRSS:	 4581420 kB
VmHWM:	 4581420 kB
VmRSS:	 4581420 kB
VmHWM:	 4581420 kB
VmRSS:	 4581420 kB
VmHWM:	 4581420 kB
VmRSS:	 4581420 kB
VmHWM:	 4581420 kB
VmRSS:	 4581420 kB
VmHWM:	 4581420 kB
VmRSS:	 4581420 kB
VmHWM:	 4581420 kB
VmRSS:	 4581420 kB
VmHWM:	 4581420 kB
VmRSS:	 4581420 kB
VmHWM:	 4581420 kB
VmRSS:	 4581420 kB
VmHWM:	 4581420 kB
VmRSS:	 4581420 kB
VmHWM:	 4581420 kB
VmRSS:	 4581420 kB
VmHWM:	 4581420 kB
VmRSS:	 4581420 kB
VmHWM:	 4581420 kB
VmRSS:	 4581420 kB
VmHWM:	 4581420 kB
VmRSS:	 4581420 kB
VmHWM:	 4581420 kB
VmRSS:	 4581420 kB
VmHWM:	 4581420 kB
VmRSS:	 4581420 kB
VmHWM:	 4581420 kB
VmRSS:	 4581420 kB
VmHWM:	 4581420 kB
VmRSS:	 4581420 kB
VmHWM:	 4581420 kB
VmRSS:	 4581420 kB
VmHWM:	 4581420 kB
VmRSS:	 4581420 kB
VmHWM:	 4581420 kB
VmRSS:	 4581420 kB
VmHWM:	 4581420 kB
VmRSS:	 4581420 kB
VmHWM:	 4581420 kB
VmRSS:	 4581420 kB
VmHWM:	 4581420 kB
VmRSS:	 4581420 kB
VmHWM:	 4581420 kB
VmRSS:	 4581420 kB
VmHWM:	 4581420 kB
VmRSS:	 4581420 kB
VmHWM:	 4581420 kB
VmRSS:	 4581420 kB
VmHWM:	 4581420 kB
VmRSS:	 4581420 kB
VmHWM:	 4581420 kB
VmRSS:	 4581420 kB
VmHWM:	 4581420 kB
VmRSS:	 4581420 kB
VmHWM:	 4581420 kB
VmRSS:	 4581420 kB
VmHWM:	 4581420 kB
VmRSS:	 4581420 kB
VmHWM:	 4581420 kB
VmRSS:	 4581420 kB
VmHWM:	 4581420 kB
VmRSS:	 4581420 kB
VmHWM:	 4581420 kB
VmRSS:	 4581420 kB
VmHWM:	 4581420 kB
VmRSS:	 4581420 kB
VmHWM:	 4581420 kB
VmRSS:	 4581420 kB
VmHWM:	 4581420 kB
VmRSS:	 4581420 kB
VmHWM:	 4581420 kB
VmRSS:	 4581420 kB
VmHWM:	 4581420 kB
VmRSS:	 4581420 kB
VmHWM:	 4581420 kB
VmRSS:	 4581420 kB
VmHWM:	 4581420 kB
VmRSS:	 4581420 kB
VmHWM:	 4581420 kB
VmRSS:	 4581420 kB
VmHWM:	 4581420 kB
VmRSS:	 4581420 kB
VmHWM:	 4581420 kB
VmRSS:	 4581420 kB
VmHWM:	 4581420 kB
VmRSS:	 4581420 kB
VmHWM:	 4581420 kB
VmRSS:	 4581420 kB
VmHWM:	 4581420 kB
VmRSS:	 4581420 kB
VmHWM:	 4581420 kB
VmRSS:	 4581420 kB
VmHWM:	 4581420 kB
VmRSS:	 4581420 kB
VmHWM:	 4581420 kB
VmRSS:	 4581420 kB
VmHWM:	 4581420 kB
VmRSS:	 4581420 kB
VmHWM:	 4581420 kB
VmRSS:	 4581420 kB
VmHWM:	 4581420 kB
VmRSS:	 4581420 kB
VmHWM:	 4581420 kB
VmRSS:	 4581420 kB
VmHWM:	 4581420 kB
VmRSS:	 4581420 kB
VmHWM:	 4581420 kB
VmRSS:	 4581420 kB
VmHWM:	 4581420 kB
VmRSS:	 4581420 kB
VmHWM:	 4581420 kB
VmRSS:	 4581420 kB
VmHWM:	 4581420 kB
VmRSS:	 4581420 kB
VmHWM:	 4581420 kB
VmRSS:	 4581420 kB
VmHWM:	 4581420 kB
VmRSS:	 4581420 kB
VmHWM:	 4581420 kB
VmRSS:	 4581420 kB
VmHWM:	 4581420 kB
VmRSS:	 4581420 kB
VmHWM:	 4581420 kB
VmRSS:	 4581420 kB
VmHWM:	 4581420 kB
VmRSS:	 4581420 kB
VmHWM:	 4581420 kB
VmRSS:	 4581420 kB
VmHWM:	 4581420 kB
VmRSS:	 4581420 kB
VmHWM:	 4581420 kB
VmRSS:	 4581420 kB
VmHWM:	 4581420 kB
VmRSS:	 4581420 kB
VmHWM:	 4581420 kB
VmRSS:	 4581420 kB
VmHWM:	 4581420 kB
VmRSS:	 4581420 kB
VmHWM:	 4581420 kB
VmRSS:	 4581420 kB
VmHWM:	 4581420 kB
VmRSS:	 4581420 kB
VmHWM:	 4581420 kB
VmRSS:	 4581420 kB
VmHWM:	 4581420 kB
VmRSS:	 4581420 kB
VmHWM:	 4581420 kB
VmRSS:	 4581420 kB
VmHWM:	 4581420 kB
VmRSS:	 4581420 kB
VmHWM:	 4581420 kB
VmRSS:	 4581420 kB
VmHWM:	 4581420 kB
VmRSS:	 4581420 kB
VmHWM:	 4581420 kB
VmRSS:	 4581420 kB
VmHWM:	 4581420 kB
VmRSS:	 4581420 kB
VmHWM:	 4581420 kB
VmRSS:	 4581420 kB
VmHWM:	 4581420 kB
VmRSS:	 4581420 kB
VmHWM:	 4581420 kB
VmRSS:	 4581420 kB
VmHWM:	 4581420 kB
VmRSS:	 4581420 kB
VmHWM:	 4581420 kB
VmRSS:	 4581420 kB
VmHWM:	 4581420 kB
VmRSS:	 4581420 kB
VmHWM:	 4581420 kB
VmRSS:	 4581420 kB
VmHWM:	 4581420 kB
VmRSS:	 4581420 kB
VmHWM:	 4581420 kB
VmRSS:	 4581420 kB
VmHWM:	 4581420 kB
VmRSS:	 4581420 kB
VmHWM:	 4581420 kB
VmRSS:	 4581420 kB
VmHWM:	 4581420 kB
VmRSS:	 4581420 kB
VmHWM:	 4581420 kB
VmRSS:	 4581420 kB
VmHWM:	 4581420 kB
VmRSS:	 4581420 kB
VmHWM:	 4581420 kB
VmRSS:	 4581420 kB
VmHWM:	 4581420 kB
VmRSS:	 4439016 kB
VmHWM:	 4581420 kB
VmRSS:	 4439016 kB
VmHWM:	 4581420 kB
VmRSS:	 4439016 kB
VmHWM:	 4581420 kB
VmRSS:	 4439016 kB
VmHWM:	 4581420 kB
VmRSS:	 4439016 kB
VmHWM:	 4581420 kB
VmRSS:	 4439016 kB
VmHWM:	 4581420 kB
VmRSS:	 4439016 kB
VmHWM:	 4581420 kB
VmRSS:	 4439016 kB
VmHWM:	 4581420 kB
VmRSS:	 4439016 kB
VmHWM:	 4581420 kB
VmRSS:	 4439016 kB
VmHWM:	 4581420 kB
VmRSS:	 4439016 kB
VmHWM:	 4581420 kB
VmRSS:	 4439016 kB
VmHWM:	 4581420 kB
VmRSS:	 4439016 kB
VmHWM:	 4581420 kB
VmRSS:	 4439016 kB
VmHWM:	 4581420 kB
VmRSS:	 4439016 kB
VmHWM:	 4581420 kB
VmRSS:	 4439016 kB
VmHWM:	 4581420 kB
VmRSS:	 4439016 kB
VmHWM:	 4581420 kB
VmRSS:	 4439016 kB
VmHWM:	 4581420 kB
VmRSS:	 4439016 kB
VmHWM:	 4581420 kB
VmRSS:	 4439016 kB
VmHWM:	 4581420 kB
VmRSS:	 4439016 kB
VmHWM:	 4581420 kB
VmRSS:	 4439016 kB
VmHWM:	 4581420 kB
VmRSS:	 4439016 kB
VmHWM:	 4581420 kB
VmRSS:	 4439016 kB
VmHWM:	 4581420 kB
VmRSS:	 4439016 kB
VmHWM:	 4581420 kB
VmRSS:	 4439016 kB
VmHWM:	 4581420 kB
VmRSS:	 4439016 kB
VmHWM:	 4581420 kB
VmRSS:	 4439016 kB
VmHWM:	 4581420 kB
VmRSS:	 4439016 kB
VmHWM:	 4581420 kB
VmRSS:	 4439016 kB
VmHWM:	 4581420 kB
VmRSS:	 4439016 kB
VmHWM:	 4581420 kB
VmRSS:	 4439016 kB
VmHWM:	 4581420 kB
VmRSS:	 4439016 kB
VmHWM:	 4581420 kB
VmRSS:	 4439016 kB
VmHWM:	 4581420 kB
VmRSS:	 4439016 kB
VmHWM:	 4581420 kB
VmRSS:	 4439016 kB
VmHWM:	 4581420 kB
VmRSS:	 4439016 kB
VmHWM:	 4581420 kB
VmRSS:	 4439016 kB
VmHWM:	 4581420 kB
VmRSS:	 4439016 kB
VmHWM:	 4581420 kB
VmRSS:	 4439016 kB
VmHWM:	 4581420 kB
VmRSS:	 4439016 kB
VmHWM:	 4581420 kB
VmRSS:	 4439016 kB
VmHWM:	 4581420 kB
VmRSS:	 4439016 kB
VmHWM:	 4581420 kB
VmRSS:	 4439016 kB
VmHWM:	 4581420 kB
VmRSS:	 4439016 kB
VmHWM:	 4581420 kB
VmRSS:	 4439016 kB
VmHWM:	 4581420 kB
VmRSS:	 4439016 kB
VmHWM:	 4581420 kB
VmRSS:	 4439016 kB
VmHWM:	 4581420 kB
VmRSS:	 4439016 kB
VmHWM:	 4581420 kB
VmRSS:	 4439016 kB
VmHWM:	 4581420 kB
VmRSS:	 4439016 kB
VmHWM:	 4581420 kB
VmRSS:	 4439016 kB
VmHWM:	 4581420 kB
VmRSS:	 4439016 kB
VmHWM:	 4581420 kB
VmRSS:	 4439016 kB
VmHWM:	 4581420 kB
VmRSS:	 4439016 kB
VmHWM:	 4581420 kB
VmRSS:	 4439016 kB
VmHWM:	 4581420 kB
VmRSS:	 4439016 kB
VmHWM:	 4581420 kB
VmRSS:	 4439016 kB
VmHWM:	 4581420 kB
VmRSS:	 4439016 kB
VmHWM:	 4581420 kB
VmRSS:	 4439016 kB
VmHWM:	 4581420 kB
VmRSS:	 4439016 kB
VmHWM:	 4581420 kB
VmRSS:	 4439016 kB
VmHWM:	 4581420 kB
VmRSS:	 4439016 kB
VmHWM:	 4581420 kB
VmRSS:	 4439016 kB
VmHWM:	 4581420 kB
VmRSS:	 4439016 kB
VmHWM:	 4581420 kB
VmRSS:	 4439016 kB
VmHWM:	 4581420 kB
VmRSS:	 4439016 kB
VmHWM:	 4581420 kB
VmRSS:	 4439016 kB
VmHWM:	 4581420 kB
VmRSS:	 4439016 kB
VmHWM:	 4581420 kB
VmRSS:	 4439016 kB
VmHWM:	 4581420 kB
VmRSS:	 4439016 kB
VmHWM:	 4581420 kB
VmRSS:	 4439016 kB
VmHWM:	 4581420 kB
VmRSS:	 4439016 kB
VmHWM:	 4581420 kB
VmRSS:	 4439016 kB
VmHWM:	 4581420 kB
VmRSS:	 4439016 kB
VmHWM:	 4581420 kB
VmRSS:	 4439016 kB
VmHWM:	 4581420 kB
VmRSS:	 4439016 kB
VmHWM:	 4581420 kB
VmRSS:	 4439016 kB
VmHWM:	 4581420 kB
VmRSS:	 4439016 kB
VmHWM:	 4581420 kB
VmRSS:	 4439016 kB
VmHWM:	 4581420 kB
VmRSS:	 4439016 kB
VmHWM:	 4581420 kB
VmRSS:	 4439016 kB
VmHWM:	 4581420 kB
VmRSS:	 4439016 kB
VmHWM:	 4581420 kB
VmRSS:	 4439016 kB
VmHWM:	 4581420 kB
VmRSS:	 4439016 kB
VmHWM:	 4581420 kB
VmRSS:	 4439016 kB
VmHWM:	 4581420 kB
VmRSS:	 4439016 kB
VmHWM:	 4581420 kB
VmRSS:	 4439016 kB
VmHWM:	 4581420 kB
VmRSS:	 4439016 kB
VmHWM:	 4581420 kB
VmRSS:	 4439016 kB
VmHWM:	 4581420 kB
VmRSS:	 4439016 kB
VmHWM:	 4581420 kB
VmRSS:	 4439016 kB
VmHWM:	 4581420 kB
VmRSS:	 4439016 kB
VmHWM:	 4581420 kB
VmRSS:	 4439016 kB
VmHWM:	 4581420 kB
VmRSS:	 4439016 kB
VmHWM:	 4581420 kB
VmRSS:	 4439016 kB
VmHWM:	 4581420 kB
VmRSS:	 4439016 kB
VmHWM:	 4581420 kB
VmRSS:	 4439016 kB
VmHWM:	 4581420 kB
VmRSS:	 4439016 kB
VmHWM:	 4581420 kB
VmRSS:	 4439016 kB
VmHWM:	 4581420 kB
VmRSS:	 4439016 kB
VmHWM:	 4581420 kB
VmRSS:	 4439016 kB
VmHWM:	 4581420 kB
VmRSS:	 4439016 kB
VmHWM:	 4581420 kB
VmRSS:	 4439016 kB
VmHWM:	 4581420 kB
VmRSS:	 4439016 kB
VmHWM:	 4581420 kB
VmRSS:	 4439016 kB
VmHWM:	 4581420 kB
VmRSS:	 4439016 kB
VmHWM:	 4581420 kB
VmRSS:	 4439016 kB
VmHWM:	 4581420 kB
VmRSS:	 4439016 kB
VmHWM:	 4581420 kB
VmRSS:	 4439016 kB
VmHWM:	 4581420 kB
VmRSS:	 4439016 kB
VmHWM:	 4581420 kB
VmRSS:	 4439016 kB
VmHWM:	 4581420 kB
VmRSS:	 4439016 kB
VmHWM:	 4581420 kB
VmRSS:	 4439016 kB
VmHWM:	 4581420 kB
VmRSS:	 4439016 kB
VmHWM:	 4581420 kB
VmRSS:	 4439016 kB
VmHWM:	 4581420 kB
VmRSS:	 4439016 kB
VmHWM:	 4581420 kB
VmRSS:	 4439016 kB
VmHWM:	 4581420 kB
VmRSS:	 4439016 kB
VmHWM:	 4581420 kB
VmRSS:	 4439016 kB
VmHWM:	 4581420 kB
VmRSS:	 4439016 kB
VmHWM:	 4581420 kB
VmRSS:	 4439016 kB
VmHWM:	 4581420 kB
VmRSS:	 4439016 kB
VmHWM:	 4581420 kB
VmRSS:	 4439016 kB
VmHWM:	 4581420 kB
VmRSS:	 4439016 kB
VmHWM:	 4581420 kB
VmRSS:	 4439016 kB
VmHWM:	 4581420 kB
VmRSS:	 4439016 kB
VmHWM:	 4581420 kB
VmRSS:	 4439016 kB
VmHWM:	 4581420 kB
VmRSS:	 4307688 kB
===ENGINE_OUTPUT===
load_backend: loaded RPC backend from /data/local/tmp/llmbench/libggml-rpc.so
load_backend: loaded CPU backend from /data/local/tmp/llmbench/libggml-cpu-android_armv9.2_2.so
[
  {
    "build_commit": "b97ebdc98",
    "build_number": 8999,
    "cpu_info": "CPU",
    "gpu_info": "",
    "backends": "CPU",
    "model_filename": "/data/local/tmp/llmbench/models/unsloth_gemma-4-E2B-it-GGUF_gemma-4-E2B-it-Q4_K_M.gguf",
    "model_type": "gemma4 E2B Q4_K - Medium",
    "model_size": 3090917516,
    "model_n_params": 4647450147,
    "n_batch": 2048,
    "n_ubatch": 512,
    "n_threads": 4,
    "cpu_mask": "0x0",
    "cpu_strict": false,
    "poll": 50,
    "type_k": "f16",
    "type_v": "f16",
    "n_gpu_layers": 99,
    "n_cpu_moe": 0,
    "split_mode": "layer",
    "main_gpu": 0,
    "no_kv_offload": false,
    "flash_attn": false,
    "devices": "auto",
    "tensor_split": "0.00",
    "tensor_buft_overrides": "none",
    "use_mmap": true,
    "use_direct_io": false,
    "embeddings": false,
    "no_op_offload": 0,
    "no_host": false,
    "fit_target": 0,
    "fit_min_ctx": 0,
    "n_prompt": 1024,
    "n_gen": 0,
    "n_depth": 0,
    "test_time": "2026-10-06T14:31:36Z",
    "avg_ns": 21777593471,
    "stddev_ns": 1200052139,
    "avg_ts": 47.132532,
    "stddev_ts": 2.534987,
    "samples_ns": [ 20740103846, 21004376138, 21030228117, 22698978377, 23414280877 ],
    "samples_ts": [ 49.3729, 48.7517, 48.6918, 45.1122, 43.734 ]
  },
  {
    "build_commit": "b97ebdc98",
    "build_number": 8999,
    "cpu_info": "CPU",
    "gpu_info": "",
    "backends": "CPU",
    "model_filename": "/data/local/tmp/llmbench/models/unsloth_gemma-4-E2B-it-GGUF_gemma-4-E2B-it-Q4_K_M.gguf",
    "model_type": "gemma4 E2B Q4_K - Medium",
    "model_size": 3090917516,
    "model_n_params": 4647450147,
    "n_batch": 2048,
    "n_ubatch": 512,
    "n_threads": 4,
    "cpu_mask": "0x0",
    "cpu_strict": false,
    "poll": 50,
    "type_k": "f16",
    "type_v": "f16",
    "n_gpu_layers": 99,
    "n_cpu_moe": 0,
    "split_mode": "layer",
    "main_gpu": 0,
    "no_kv_offload": false,
    "flash_attn": false,
    "devices": "auto",
    "tensor_split": "0.00",
    "tensor_buft_overrides": "none",
    "use_mmap": true,
    "use_direct_io": false,
    "embeddings": false,
    "no_op_offload": 0,
    "no_host": false,
    "fit_target": 0,
    "fit_min_ctx": 0,
    "n_prompt": 0,
    "n_gen": 256,
    "n_depth": 0,
    "test_time": "2026-10-06T14:33:38Z",
    "avg_ns": 13289753036,
    "stddev_ns": 25813353,
    "avg_ts": 19.263020,
    "stddev_ts": 0.037494,
    "samples_ns": [ 13291561922, 13299510672, 13245390411, 13300630880, 13311671297 ],
    "samples_ts": [ 19.2603, 19.2488, 19.3275, 19.2472, 19.2312 ]
  }
]
EXIT_CODE=0
