=== litert-community_Qwen3-1.7B_int8-unfused-published_128x256_ctx1024 warmup
INFO: [accelerator_registry.cc:54] RegisterAccelerator: ptr=0x74a9c109c0, name=GPU Metal
INFO: [gpu_registry.cc:131] Dynamically loaded GPU accelerator(libLiteRtMetalAccelerator.dylib) registered.
INFO: [accelerator_registry.cc:54] RegisterAccelerator: ptr=0x74a9c10a20, name=CpuAccelerator
INFO: [accelerator_registry.cc:54] RegisterAccelerator: ptr=0x74a9c10a80, name=GPU Metal
INFO: [gpu_registry.cc:131] Dynamically loaded GPU accelerator(libLiteRtMetalAccelerator.dylib) registered.
INFO: [accelerator_registry.cc:54] RegisterAccelerator: ptr=0x74a9c10ae0, name=CpuAccelerator
INFO: [gpu_environment.cc:367] Failed to create OpenCL context.
INFO: [accelerator_registry.cc:54] RegisterAccelerator: ptr=0x74abd062e0, name=GPU Metal
INFO: [gpu_registry.cc:131] Dynamically loaded GPU accelerator(libLiteRtMetalAccelerator.dylib) registered.
INFO: [accelerator_registry.cc:54] RegisterAccelerator: ptr=0x74abd06280, name=CpuAccelerator
  Time to first token: 0.09 s
      Prefill Speed: 1689.59 tokens/sec.
=== litert-community_Qwen3-1.7B_int8-unfused-published_128x256_ctx1024 ctrl
INFO: [accelerator_registry.cc:54] RegisterAccelerator: ptr=0x101e18e30, name=GPU Metal
INFO: [gpu_registry.cc:131] Dynamically loaded GPU accelerator(libLiteRtMetalAccelerator.dylib) registered.
INFO: [accelerator_registry.cc:54] RegisterAccelerator: ptr=0x101e19240, name=CpuAccelerator
INFO: [accelerator_registry.cc:54] RegisterAccelerator: ptr=0x101e261c0, name=GPU Metal
INFO: [gpu_registry.cc:131] Dynamically loaded GPU accelerator(libLiteRtMetalAccelerator.dylib) registered.
INFO: [accelerator_registry.cc:54] RegisterAccelerator: ptr=0x101e26950, name=CpuAccelerator
INFO: [gpu_environment.cc:367] Failed to create OpenCL context.
INFO: [accelerator_registry.cc:54] RegisterAccelerator: ptr=0x793ff69020, name=GPU Metal
INFO: [gpu_registry.cc:131] Dynamically loaded GPU accelerator(libLiteRtMetalAccelerator.dylib) registered.
INFO: [accelerator_registry.cc:54] RegisterAccelerator: ptr=0x793ff69080, name=CpuAccelerator
  Time to first token: 0.09 s
      Prefill Speed: 1708.87 tokens/sec.
=== litert-community_Qwen3-1.7B_int8-unfused-published_128x256_ctx1024 prof
INFO: [accelerator_registry.cc:54] RegisterAccelerator: ptr=0x106be5490, name=GPU Metal
INFO: [gpu_registry.cc:131] Dynamically loaded GPU accelerator(libLiteRtMetalAccelerator.dylib) registered.
INFO: [accelerator_registry.cc:54] RegisterAccelerator: ptr=0x106be5740, name=CpuAccelerator
INFO: [accelerator_registry.cc:54] RegisterAccelerator: ptr=0x106bf2570, name=GPU Metal
INFO: [gpu_registry.cc:131] Dynamically loaded GPU accelerator(libLiteRtMetalAccelerator.dylib) registered.
INFO: [accelerator_registry.cc:54] RegisterAccelerator: ptr=0x106be9e80, name=CpuAccelerator
INFO: [gpu_environment.cc:367] Failed to create OpenCL context.
INFO: [accelerator_registry.cc:54] RegisterAccelerator: ptr=0x77bffb35a0, name=GPU Metal
INFO: [gpu_registry.cc:131] Dynamically loaded GPU accelerator(libLiteRtMetalAccelerator.dylib) registered.
INFO: [accelerator_registry.cc:54] RegisterAccelerator: ptr=0x77bffb34e0, name=CpuAccelerator
  Time to first token: 0.18 s
      Prefill Speed: 840.91 tokens/sec.
=== litert-local_Qwen3-1.7B_wi8_gpuflags_norope-fused_128x256_ctx1024 warmup
INFO: [accelerator_registry.cc:54] RegisterAccelerator: ptr=0x106781190, name=GPU Metal
INFO: [gpu_registry.cc:131] Dynamically loaded GPU accelerator(libLiteRtMetalAccelerator.dylib) registered.
INFO: [accelerator_registry.cc:54] RegisterAccelerator: ptr=0x106781490, name=CpuAccelerator
INFO: [accelerator_registry.cc:54] RegisterAccelerator: ptr=0x106794270, name=GPU Metal
INFO: [gpu_registry.cc:131] Dynamically loaded GPU accelerator(libLiteRtMetalAccelerator.dylib) registered.
INFO: [accelerator_registry.cc:54] RegisterAccelerator: ptr=0x1067942d0, name=CpuAccelerator
INFO: [gpu_environment.cc:367] Failed to create OpenCL context.
INFO: [accelerator_registry.cc:54] RegisterAccelerator: ptr=0x7800761500, name=GPU Metal
INFO: [gpu_registry.cc:131] Dynamically loaded GPU accelerator(libLiteRtMetalAccelerator.dylib) registered.
INFO: [accelerator_registry.cc:54] RegisterAccelerator: ptr=0x7800761560, name=CpuAccelerator
  Time to first token: 0.25 s
      Prefill Speed: 536.18 tokens/sec.
=== litert-local_Qwen3-1.7B_wi8_gpuflags_norope-fused_128x256_ctx1024 ctrl
INFO: [accelerator_registry.cc:54] RegisterAccelerator: ptr=0x780b01a520, name=GPU Metal
INFO: [gpu_registry.cc:131] Dynamically loaded GPU accelerator(libLiteRtMetalAccelerator.dylib) registered.
INFO: [accelerator_registry.cc:54] RegisterAccelerator: ptr=0x780b01a4c0, name=CpuAccelerator
INFO: [accelerator_registry.cc:54] RegisterAccelerator: ptr=0x780b01a460, name=GPU Metal
INFO: [gpu_registry.cc:131] Dynamically loaded GPU accelerator(libLiteRtMetalAccelerator.dylib) registered.
INFO: [accelerator_registry.cc:54] RegisterAccelerator: ptr=0x780b01ab20, name=CpuAccelerator
INFO: [gpu_environment.cc:367] Failed to create OpenCL context.
INFO: [accelerator_registry.cc:54] RegisterAccelerator: ptr=0x780e612760, name=GPU Metal
INFO: [gpu_registry.cc:131] Dynamically loaded GPU accelerator(libLiteRtMetalAccelerator.dylib) registered.
INFO: [accelerator_registry.cc:54] RegisterAccelerator: ptr=0x780e6127c0, name=CpuAccelerator
  Time to first token: 0.25 s
      Prefill Speed: 530.66 tokens/sec.
=== litert-local_Qwen3-1.7B_wi8_gpuflags_norope-fused_128x256_ctx1024 prof
INFO: [accelerator_registry.cc:54] RegisterAccelerator: ptr=0x106cd90e0, name=GPU Metal
INFO: [gpu_registry.cc:131] Dynamically loaded GPU accelerator(libLiteRtMetalAccelerator.dylib) registered.
INFO: [accelerator_registry.cc:54] RegisterAccelerator: ptr=0x106cd95a0, name=CpuAccelerator
INFO: [accelerator_registry.cc:54] RegisterAccelerator: ptr=0x106ce8770, name=GPU Metal
INFO: [gpu_registry.cc:131] Dynamically loaded GPU accelerator(libLiteRtMetalAccelerator.dylib) registered.
INFO: [accelerator_registry.cc:54] RegisterAccelerator: ptr=0x106cd7b70, name=CpuAccelerator
INFO: [gpu_environment.cc:367] Failed to create OpenCL context.
INFO: [accelerator_registry.cc:54] RegisterAccelerator: ptr=0x7ae34af5a0, name=GPU Metal
INFO: [gpu_registry.cc:131] Dynamically loaded GPU accelerator(libLiteRtMetalAccelerator.dylib) registered.
INFO: [accelerator_registry.cc:54] RegisterAccelerator: ptr=0x7ae34af600, name=CpuAccelerator
  Time to first token: 0.50 s
      Prefill Speed: 265.94 tokens/sec.
DRIVER_DONE 2026-09-16 08:21:50
