W0000 00:00:1789521664.332197 5804520 litert_lm_loader.h:158] TFLite model type: TF_LITE_VISION_ENCODER not found for backend constraints. Skipping.
W0000 00:00:1789521664.332244 5804520 litert_lm_loader.h:158] TFLite model type: TF_LITE_AUDIO_ENCODER_HW not found for backend constraints. Skipping.
W0000 00:00:1789521664.332254 5804520 litert_lm_loader.h:174] TFLite model type: TF_LITE_VISION_ENCODER not found for prefer activation type. Use system's default backend activation type. System's default activation type for Text decoder is fp16. Vision encoder and audio encoder default is fp32.
W0000 00:00:1789521664.332260 5804520 litert_lm_loader.h:174] TFLite model type: TF_LITE_AUDIO_ENCODER_HW not found for prefer activation type. Use system's default backend activation type. System's default activation type for Text decoder is fp16. Vision encoder and audio encoder default is fp32.
W0000 00:00:1789521664.332204 5804532 litert_lm_loader.cc:291] Section not found: 
INFO: [environment.cc:36] Creating LiteRT environment with options
WARNING: [npu_registry.cc:34] NPU accelerator could not be loaded and registered: kLiteRtStatusErrorInvalidArgument.
INFO: [accelerator_registry.cc:54] RegisterAccelerator: ptr=0x105239d60, name=GPU WebGPU
VERBOSE: [tensor_buffer_registry.cc:54] Custom tensor buffer handler is registered for buffer type WebGpuBuffer
VERBOSE: [tensor_buffer_registry.cc:54] Custom tensor buffer handler is registered for buffer type WebGpuBufferFp16
VERBOSE: [tensor_buffer_registry.cc:54] Custom tensor buffer handler is registered for buffer type WebGpuTexture
VERBOSE: [tensor_buffer_registry.cc:54] Custom tensor buffer handler is registered for buffer type WebGpuTextureFp16
VERBOSE: [tensor_buffer_registry.cc:54] Custom tensor buffer handler is registered for buffer type WebGpuImageBuffer
VERBOSE: [tensor_buffer_registry.cc:54] Custom tensor buffer handler is registered for buffer type WebGpuImageBufferFp16
VERBOSE: [tensor_buffer_registry.cc:54] Custom tensor buffer handler is registered for buffer type WebGpuBufferPacked
INFO: [gpu_registry.cc:109] Statically linked GPU accelerator registered.
INFO: [accelerator_registry.cc:54] RegisterAccelerator: ptr=0x10523b6b0, name=CpuAccelerator
INFO: [cpu_registry.cc:75] XNNPACK CPU accelerator registered.
INFO: [environment.cc:36] Creating LiteRT environment with options
WARNING: [npu_registry.cc:34] NPU accelerator could not be loaded and registered: kLiteRtStatusErrorInvalidArgument.
INFO: [accelerator_registry.cc:54] RegisterAccelerator: ptr=0x7904934000, name=GPU WebGPU
VERBOSE: [tensor_buffer_registry.cc:54] Custom tensor buffer handler is registered for buffer type WebGpuBuffer
VERBOSE: [tensor_buffer_registry.cc:54] Custom tensor buffer handler is registered for buffer type WebGpuBufferFp16
VERBOSE: [tensor_buffer_registry.cc:54] Custom tensor buffer handler is registered for buffer type WebGpuTexture
VERBOSE: [tensor_buffer_registry.cc:54] Custom tensor buffer handler is registered for buffer type WebGpuTextureFp16
VERBOSE: [tensor_buffer_registry.cc:54] Custom tensor buffer handler is registered for buffer type WebGpuImageBuffer
VERBOSE: [tensor_buffer_registry.cc:54] Custom tensor buffer handler is registered for buffer type WebGpuImageBufferFp16
VERBOSE: [tensor_buffer_registry.cc:54] Custom tensor buffer handler is registered for buffer type WebGpuBufferPacked
INFO: [gpu_registry.cc:109] Statically linked GPU accelerator registered.
INFO: [accelerator_registry.cc:54] RegisterAccelerator: ptr=0x7904934060, name=CpuAccelerator
INFO: [cpu_registry.cc:75] XNNPACK CPU accelerator registered.
INFO: [magic_number_utils.cc:101] Loaded: num_subgraphs=452, num_signatures=2
INFO: [magic_number_utils.cc:109]   signature=prefill_1024, subgraph_index=0, num_tensors=1705, num_inputs=60, num_outputs=57, num_ops=1252
INFO: [magic_number_utils.cc:109]   signature=decode, subgraph_index=1, num_tensors=1616, num_inputs=60, num_outputs=57, num_ops=1165
INFO: [magic_number_utils.cc:113] Magic number configs: num_configs=1
INFO: [magic_number_utils.cc:120]   config[0]: magic_number=32771, target_number=4096, signature_prefix=null
INFO: [magic_number_utils.cc:536] 482 tensors of signature prefill_1024 have been updated for magic number  32771 to target number 4096
INFO: [magic_number_utils.cc:536] 482 tensors of signature decode have been updated for magic number  32771 to target number 4096
INFO: [compiled_model.cc:835] Flatbuffer model initialized directly from incoming litert model.
VERBOSE: [ml_drift_delegate_create.cc:89] User provided gpu options found.
INFO: [delegate_webgpu.cc:322] Create WebGPU environment (use_low_power=0, enable_host_mapped_pointer=1)
I0000 00:00:1789521664.364894 5804520 environment.cc:526] Selected adapter: Apple M4 Max, arch=metal-3, vendor=apple, backend=Metal, adapterType=Integrated GPU
INFO: [delegate_webgpu.cc:343] Created a WebGPU environment.
INFO: [environment.cc:47] Adding options to the existing LiteRT environment
INFO: [gpu_environment.cc:367] Failed to create OpenCL context.
INFO: [gpu_environment.cc:384] Created default Metal device.
INFO: [gpu_environment.h:155] Created LiteRT GpuEnvironment.
INFO: [environment.cc:47] Adding options to the existing LiteRT environment
I0000 00:00:1789521664.386854 5804520 delegate_webgpu.cc:731] # of threads to upload weights = 2
I0000 00:00:1789521664.386886 5804520 delegate_webgpu.cc:739] # of threads to compile kernels = 1
VERBOSE: Replacing 1252 out of 1252 node(s) with delegate (LITERT_WEBGPU) node, yielding 1 partitions for subgraph 0 (prefill_1024).
I0000 00:00:1789521664.642957 5804520 delegate_kernel.cc:331] Total 58 external tensors are used for delegate inputs and outputs
I0000 00:00:1789521664.643021 5804520 delegate_kernel.cc:912] Initializing WebGPU-based API from graph.
VERBOSE: Replacing 1165 out of 1165 node(s) with delegate (LITERT_WEBGPU) node, yielding 1 partitions for subgraph 1 (decode).
I0000 00:00:1789521664.736627 5804520 delegate_kernel.cc:331] Total 58 external tensors are used for delegate inputs and outputs
I0000 00:00:1789521664.736642 5804520 delegate_kernel.cc:912] Initializing WebGPU-based API from graph.
INFO: [environment.cc:36] Creating LiteRT environment with options
WARNING: [npu_registry.cc:34] NPU accelerator could not be loaded and registered: kLiteRtStatusErrorInvalidArgument.
INFO: [accelerator_registry.cc:54] RegisterAccelerator: ptr=0x78fd917c00, name=GPU WebGPU
VERBOSE: [tensor_buffer_registry.cc:54] Custom tensor buffer handler is registered for buffer type WebGpuBuffer
VERBOSE: [tensor_buffer_registry.cc:54] Custom tensor buffer handler is registered for buffer type WebGpuBufferFp16
VERBOSE: [tensor_buffer_registry.cc:54] Custom tensor buffer handler is registered for buffer type WebGpuTexture
VERBOSE: [tensor_buffer_registry.cc:54] Custom tensor buffer handler is registered for buffer type WebGpuTextureFp16
VERBOSE: [tensor_buffer_registry.cc:54] Custom tensor buffer handler is registered for buffer type WebGpuImageBuffer
VERBOSE: [tensor_buffer_registry.cc:54] Custom tensor buffer handler is registered for buffer type WebGpuImageBufferFp16
VERBOSE: [tensor_buffer_registry.cc:54] Custom tensor buffer handler is registered for buffer type WebGpuBufferPacked
INFO: [gpu_registry.cc:109] Statically linked GPU accelerator registered.
INFO: [accelerator_registry.cc:54] RegisterAccelerator: ptr=0x78fd917c60, name=CpuAccelerator
INFO: [cpu_registry.cc:75] XNNPACK CPU accelerator registered.
W0000 00:00:1789521664.783012 5804520 litert_lm_loader.cc:291] Section not found: 
W0000 00:00:1789521664.783033 5804520 litert_lm_loader.h:129] TFLite model for type: TF_LITE_END_OF_AUDIO not found. Skipping.
W0000 00:00:1789521664.783037 5804520 litert_lm_loader.cc:291] Section not found: 
W0000 00:00:1789521664.783040 5804520 litert_lm_loader.h:129] TFLite model for type: TF_LITE_END_OF_VISION not found. Skipping.
W0000 00:00:1789521664.783043 5804520 litert_lm_loader.cc:291] Section not found: 
W0000 00:00:1789521664.783045 5804520 litert_lm_loader.h:129] TFLite model for type: TF_LITE_EMBEDDER not found. Skipping.
W0000 00:00:1789521664.783047 5804520 litert_lm_loader.cc:291] Section not found: 
W0000 00:00:1789521664.783059 5804520 litert_lm_loader.h:129] TFLite model for type: TF_LITE_PER_LAYER_EMBEDDER not found. Skipping.
W0000 00:00:1789521664.783072 5804520 litert_lm_loader.h:158] TFLite model type: TF_LITE_VISION_ENCODER not found for backend constraints. Skipping.
W0000 00:00:1789521664.783075 5804520 litert_lm_loader.h:158] TFLite model type: TF_LITE_AUDIO_ENCODER_HW not found for backend constraints. Skipping.
W0000 00:00:1789521664.783077 5804520 litert_lm_loader.h:174] TFLite model type: TF_LITE_VISION_ENCODER not found for prefer activation type. Use system's default backend activation type. System's default activation type for Text decoder is fp16. Vision encoder and audio encoder default is fp32.
W0000 00:00:1789521664.783079 5804520 litert_lm_loader.h:174] TFLite model type: TF_LITE_AUDIO_ENCODER_HW not found for prefer activation type. Use system's default backend activation type. System's default activation type for Text decoder is fp16. Vision encoder and audio encoder default is fp32.
W0000 00:00:1789521665.091855 5804609 sampler_factory.cc:492] WebGPU sampler not available, falling back to statically linked C API: UNAVAILABLE: ERROR: [third_party/odml/litert_lm/runtime/components/sampler_factory.cc:324]
└ Could not load shared library libLiteRtTopKWebGpuSampler.dylib: dlopen(libLiteRtTopKWebGpuSampler.dylib, 0x0005): tried: 'libLiteRtTopKWebGpuSampler.dylib' (no such file), '/System/Volumes/Preboot/Cryptexes/OSlibLiteRtTopKWebGpuSampler.dylib' (no such file), '/opt/homebrew/lib/libLiteRtTopKWebGpuSampler.dylib' (no such file), '/System/Volumes/Preboot/Cryptexes/OS/opt/homebrew/lib/libLiteRtTopKWebGpuSampler.dylib' (no such file), '/usr/lib/libLiteRtTopKWebGpuSampler.dylib' (no such file, not in dyld cache), 'libLiteRtTopKWebGpuSampler.dylib' (no such file).
=== Source Location Trace: ===
./third_party/odml/litert/litert/cc/litert_macros.h:578
I0000 00:00:1789521665.106687 5804609 llm_litert_compiled_model_executor.cc:1457] Sampler will handle decode input tensors.
Based on the passage, Halden's industries were:

1. **Sowing and shipping** (in the 18th century, when the river changed course)
2. **Fishing** (in 1811)
3. **Building and construction** (in 1879, when the railway arrived)

So, the four industries Halden relied on in order, along with the year the railway arrived:

- **Sowing and shipping** (18th century)
- **Fishing** (1811)
- **Building and construction** (1879)
- **Tourism** (1879) – as the railway arrived in 1879, and tourism was the result.
INFO: [accelerator_registry.cc:43] DestroyAccelerator: ptr=0x7904934060, name=CpuAccelerator
INFO: [accelerator_registry.cc:43] DestroyAccelerator: ptr=0x7904934000, name=GPU WebGPU
INFO: [accelerator_registry.cc:43] DestroyAccelerator: ptr=0x78fd917c60, name=CpuAccelerator
INFO: [accelerator_registry.cc:43] DestroyAccelerator: ptr=0x78fd917c00, name=GPU WebGPU
EXIT_CODE=0
