start 2026-09-19 06:53:44 NDK=/Users/majimadaisuke/Library/Android/sdk/ndk/28.2.13676358
drwxr-xr-x@ 10 majimadaisuke  staff       320 Sep 19 06:53 .
drwxr-xr-x@ 10 majimadaisuke  staff       320 Sep 18 08:00 ..
-rw-r--r--@  1 majimadaisuke  staff       736 Sep 18 08:00 BUILD
-rwxr-xr-x@  1 majimadaisuke  staff  19606552 Sep 19 06:53 libGemmaModelConstraintProvider.so
-rwxr-xr-x@  1 majimadaisuke  staff   3400496 Sep 19 06:53 libLiteRtGpuAccelerator.so
-rwxr-xr-x@  1 majimadaisuke  staff   3171112 Sep 19 06:53 libLiteRtOpenClAccelerator.so
-rwxr-xr-x@  1 majimadaisuke  staff  11819152 Sep 19 06:53 libLiteRtTopKOpenClSampler.so
-rwxr-xr-x@  1 majimadaisuke  staff  11804264 Sep 19 06:53 libLiteRtTopKWebGpuSampler.so
-rwxr-xr-x@  1 majimadaisuke  staff   3203888 Sep 19 06:53 libLiteRtWebGpuAccelerator.so
-rw-r--r--@  1 majimadaisuke  staff  19695320 Sep 19 06:53 libwebgpu_dawn.so
lfs done 06:53:52
INFO: Reading 'startup' options from /Users/majimadaisuke/code/litert-lm-1dadd00c-wt/.bazelrc: --windows_enable_symlinks
INFO: Options provided by the client:
  Inherited 'common' options: --isatty=0 --terminal_columns=80
INFO: Reading rc options for 'build' from /Users/majimadaisuke/code/litert-lm-1dadd00c-wt/.bazelrc:
  Inherited 'common' options: --experimental_repo_remote_exec --registry=https://raw.githubusercontent.com/bazelbuild/bazel-central-registry/main/ --experimental_repo_remote_exec --noenable_bzlmod
INFO: Reading rc options for 'build' from /Users/majimadaisuke/code/litert-lm-1dadd00c-wt/.bazelrc:
  'build' options: --repo_env=USE_PYWRAP_RULES=True --copt=-DGRPC_BAZEL_BUILD --host_copt=-DGRPC_BAZEL_BUILD --action_env=GRPC_BAZEL_RUNTIME=1 --repo_env=PROTOCOL_BUFFERS_PYTHON_IMPLEMENTATION=upb --action_env=PROTOCOL_BUFFERS_PYTHON_IMPLEMENTATION=upb --@rules_python//python/config_settings:precompile=force_disabled --define framework_shared_object=true --define tsl_protobuf_header_only=true --define=allow_oversize_protos=true --spawn_strategy=standalone -c opt --announce_rc --define=grpc_no_ares=true --noincompatible_remove_legacy_whole_archive --features=-force_no_whole_archive --host_features=-force_no_whole_archive --enable_platform_specific_config --define=with_xla_support=true --config=short_logs --experimental_cc_shared_library --experimental_link_static_libraries_once=false --incompatible_enforce_config_setting_visibility --@rules_ml_toolchain//common:enable_hermetic_cc=False --repo_env USE_HERMETIC_CC_TOOLCHAIN=0 --repo_env=HERMETIC_PYTHON_VERSION=3.13 --config=v2 --config=litert_prefixes --features=-layering_check --host_features=-layering_check --features=-header_modules --host_features=-header_modules
INFO: Found applicable config definition build:short_logs in file /Users/majimadaisuke/code/litert-lm-1dadd00c-wt/.bazelrc: --output_filter=DONT_MATCH_ANYTHING
INFO: Found applicable config definition build:v2 in file /Users/majimadaisuke/code/litert-lm-1dadd00c-wt/.bazelrc: --define=tf_api_version=2 --action_env=TF2_BEHAVIOR=1
INFO: Found applicable config definition build:litert_prefixes in file /Users/majimadaisuke/code/litert-lm-1dadd00c-wt/.bazelrc: --define=litert_prefixes=external/org_tensorflow/
INFO: Found applicable config definition build:android_arm64 in file /Users/majimadaisuke/code/litert-lm-1dadd00c-wt/.bazelrc: --config=android --cpu=arm64-v8a --fat_apk_cpu=arm64-v8a --platforms=@org_tensorflow//tensorflow/tools/toolchains/android:arm64-v8a
INFO: Found applicable config definition build:android in file /Users/majimadaisuke/code/litert-lm-1dadd00c-wt/.bazelrc: --crosstool_top=//external:android/crosstool --host_crosstool_top=@bazel_tools//tools/cpp:toolchain --dynamic_mode=off --define=xnn_enable_avxvnniint8=false --copt=-ULITERT_DISABLE_OPENCL_SUPPORT --copt=-w --cxxopt=-std=c++20 --host_cxxopt=-std=c++20 --define=with_xla_support=false --copt=-DABSL_FLAGS_STRIP_NAMES=0
INFO: Found applicable config definition build:macos in file /Users/majimadaisuke/code/litert-lm-1dadd00c-wt/.bazelrc: --apple_platform_type=macos --copt=-DGRPC_BAZEL_BUILD --features=archive_param_file --linkopt=-Wl,-undefined,dynamic_lookup --host_linkopt=-Wl,-undefined,dynamic_lookup --copt=-w --define=PREFIX=/usr --define=LIBDIR=$(PREFIX)/lib --define=INCLUDEDIR=$(PREFIX)/include --define=PROTOBUF_INCLUDE_PATH=$(PREFIX)/include --cxxopt=-std=c++20 --host_cxxopt=-std=c++20
Computing main repo mapping: 
DEBUG: /private/var/tmp/_bazel_majimadaisuke/30e61f249bc951eba3a4fca6bd3cff0f/external/org_tensorflow/third_party/repo.bzl:138:14: 
Warning: skipping import of repository 'rules_proto' because it already exists.
Loading: 
Loading: 0 packages loaded
WARNING: Build options --copt, --cpu, --crosstool_top, and 6 more have changed, discarding analysis cache (this can be expensive, see https://bazel.build/advanced/performance/iteration-speed).
Analyzing: target //omni/asr:asr_runner (0 packages loaded, 0 targets configured)
Analyzing: target //omni/asr:asr_runner (0 packages loaded, 0 targets configured)

DEBUG: /private/var/tmp/_bazel_majimadaisuke/30e61f249bc951eba3a4fca6bd3cff0f/external/rules_python/python/private/py_executable.bzl:1498:14: 
======================================================================
WARNING: Target @XNNPACK//:generate_build_identifier_py is using implicit __init__.py creation.
  This diabolic behavior is deprecated and will be disabled by default in a
  future release.
  See https://github.com/bazel-contrib/rules_python/issues/2945

  Ensure all __init__.py files are explicitly created and
  added to the srcs or deps of your targets.

  Disable implicit creation by setting:
    legacy_create_init = 0
  on the target, or globally by setting:
    --incompatible_default_to_explicit_init_py
======================================================================
Analyzing: target //omni/asr:asr_runner (548 packages loaded, 23269 targets configured)

Analyzing: target //omni/asr:asr_runner (548 packages loaded, 23269 targets configured)

Analyzing: target //omni/asr:asr_runner (548 packages loaded, 23269 targets configured)

Analyzing: target //omni/asr:asr_runner (548 packages loaded, 23269 targets configured)

Analyzing: target //omni/asr:asr_runner (548 packages loaded, 23269 targets configured)

INFO: Analyzed target //omni/asr:asr_runner (549 packages loaded, 23458 targets configured).
[981 / 3,699] Compiling include/codegen/python.cc [for tool]; 0s local ... (17 actions, 16 running)
[1,090 / 3,750] Compiling src/flatc.cpp [for tool]; 1s local ... (17 actions, 16 running)
[1,165 / 3,761] Compiling src/google/protobuf/wire_format.cc [for tool]; 1s local ... (16 actions running)
[1,249 / 3,802] Compiling src/idl_gen_ts.cpp [for tool]; 2s local ... (16 actions, 15 running)
[1,290 / 3,809] Compiling src/idl_gen_ts.cpp [for tool]; 3s local ... (17 actions, 16 running)
[1,320 / 3,818] Compiling src/idl_gen_ts.cpp [for tool]; 4s local ... (17 actions, 16 running)
[1,374 / 3,836] Compiling src/idl_parser.cpp; 2s local ... (17 actions, 16 running)
[1,392 / 3,836] Compiling src/idl_parser.cpp; 3s local ... (16 actions, 15 running)
[1,412 / 3,842] Compiling src/idl_parser.cpp [for tool]; 3s local ... (16 actions running)
[1,440 / 3,849] Compiling src/idl_parser.cpp [for tool]; 4s local ... (17 actions, 16 running)
[1,468 / 3,864] Compiling src/idl_parser.cpp [for tool]; 5s local ... (17 actions, 16 running)
[1,492 / 3,869] Compiling src/idl_gen_swift.cpp [for tool]; 3s local ... (17 actions, 16 running)
[1,514 / 3,869] Compiling src/google/protobuf/compiler/python/generator.cc [for tool]; 2s local ... (17 actions, 16 running)
[1,531 / 3,869] Compiling src/google/protobuf/compiler/python/generator.cc [for tool]; 3s local ... (17 actions, 16 running)
[1,545 / 3,869] Compiling Rust rlib tokenizers v0.21.0 (87 files); 3s local ... (17 actions, 15 running)
[1,564 / 3,873] Compiling Rust rlib tokenizers v0.21.0 (87 files); 4s local ... (17 actions, 16 running)
[1,579 / 3,873] Compiling Rust rlib tokenizers v0.21.0 (87 files); 5s local ... (17 actions, 16 running)
[1,597 / 3,875] Compiling src/idl_gen_cpp.cpp [for tool]; 5s local ... (17 actions, 16 running)
[1,621 / 3,886] Compiling src/idl_gen_python.cpp [for tool]; 3s local ... (17 actions, 16 running)
[1,644 / 3,894] Compiling src/idl_gen_python.cpp [for tool]; 4s local ... (17 actions, 16 running)
[1,668 / 3,900] Compiling src/google/protobuf/compiler/command_line_interface.cc [for tool]; 4s local ... (17 actions, 16 running)
[1,693 / 3,904] Compiling src/idl_gen_csharp.cpp [for tool]; 3s local ... (17 actions, 15 running)
[1,736 / 3,916] Compiling src/idl_gen_csharp.cpp [for tool]; 4s local ... (16 actions, 15 running)
[1,770 / 3,932] Compiling src/idl_gen_csharp.cpp [for tool]; 5s local ... (16 actions, 14 running)
[1,804 / 3,947] Compiling src/google/protobuf/descriptor.cc [for tool]; 3s local ... (16 actions, 15 running)
[1,831 / 3,966] Compiling src/google/protobuf/descriptor.cc [for tool]; 4s local ... (17 actions, 16 running)
[1,861 / 3,975] Compiling src/google/protobuf/descriptor.cc [for tool]; 5s local ... (17 actions, 16 running)
[1,879 / 3,978] Compiling src/google/protobuf/descriptor.cc [for tool]; 6s local ... (16 actions, 15 running)
[1,909 / 3,983] Compiling src/idl_gen_kotlin.cpp [for tool]; 2s local ... (17 actions, 16 running)
[1,942 / 4,002] Compiling src/idl_gen_go.cpp [for tool]; 2s local ... (17 actions, 16 running)
[1,977 / 4,018] Compiling src/google/protobuf/descriptor.pb.cc [for tool]; 2s local ... (17 actions, 16 running)
[2,015 / 4,028] Compiling src/google/protobuf/descriptor_database.cc [for tool]; 2s local ... (17 actions, 16 running)
[2,042 / 4,028] Compiling src/idl_gen_java.cpp [for tool]; 1s local ... (17 actions, 16 running)
[2,062 / 4,028] Compiling src/idl_gen_java.cpp [for tool]; 2s local ... (17 actions, 16 running)
[2,080 / 4,028] Compiling src/idl_gen_java.cpp [for tool]; 3s local ... (17 actions, 16 running)
[2,100 / 4,028] Compiling src/idl_gen_java.cpp [for tool]; 4s local ... (17 actions, 16 running)
[2,126 / 4,028] Compiling src/google/protobuf/compiler/java/full/map_field.cc [for tool]; 1s local ... (17 actions, 16 running)
[2,148 / 4,028] Compiling src/google/protobuf/compiler/rust/naming.cc [for tool]; 1s local ... (17 actions, 16 running)
[2,166 / 4,028] Compiling src/google/protobuf/compiler/objectivec/primitive_field.cc [for tool]; 1s local ... (17 actions, 16 running)
[2,191 / 4,028] Compiling src/google/protobuf/compiler/java/full/message_field.cc [for tool]; 2s local ... (17 actions, 16 running)
[2,203 / 4,028] Compiling src/google/protobuf/compiler/java/full/string_field.cc [for tool]; 2s local ... (17 actions, 16 running)
[2,224 / 4,028] Compiling src/google/protobuf/descriptor.cc; 2s local ... (16 actions, 15 running)
[2,242 / 4,028] Compiling src/google/protobuf/descriptor.cc; 3s local ... (16 actions, 15 running)
[2,261 / 4,028] Compiling src/google/protobuf/descriptor.cc; 4s local ... (16 actions, 15 running)
[2,275 / 4,028] Compiling src/google/protobuf/descriptor.cc; 6s local ... (16 actions, 15 running)
[2,297 / 4,028] Compiling src/google/protobuf/compiler/java/full/message.cc [for tool]; 2s local ... (15 actions, 14 running)
[2,338 / 4,028] Compiling tflite/delegates/xnnpack/quantization_util.cc; 1s local ... (16 actions, 15 running)
[2,360 / 4,028] Compiling src/google/protobuf/compiler/cpp/field_generators/string_view_field.cc [for tool]; 2s local ... (16 actions, 15 running)
[2,397 / 4,028] Compiling src/google/protobuf/compiler/cpp/enum.cc [for tool]; 1s local ... (17 actions, 15 running)
[2,416 / 4,028] Compiling src/google/protobuf/compiler/cpp/enum.cc [for tool]; 2s local ... (16 actions, 15 running)
[2,444 / 4,028] Compiling miniaudio.c; 2s local ... (16 actions, 15 running)
[2,472 / 4,028] Compiling src/google/protobuf/compiler/cpp/extension.cc [for tool]; 1s local ... (16 actions, 15 running)
[2,499 / 4,028] Compiling src/google/protobuf/compiler/cpp/extension.cc [for tool]; 2s local ... (16 actions, 15 running)
[2,543 / 4,028] Compiling src/google/protobuf/compiler/cpp/file.cc [for tool]; 3s local ... (16 actions, 15 running)
[2,573 / 4,028] Compiling src/google/protobuf/compiler/cpp/file.cc [for tool]; 4s local ... (16 actions, 15 running)
[2,620 / 4,028] Compiling src/google/protobuf/compiler/cpp/parse_function_generator.cc [for tool]; 2s local ... (17 actions, 15 running)
[2,701 / 4,028] Compiling litert/core/util/flatbuffer_tools.cc; 2s local ... (16 actions, 15 running)
[2,783 / 4,028] Compiling src/google/protobuf/compiler/cpp/message.cc [for tool]; 1s local ... (17 actions, 15 running)
[2,884 / 4,028] Compiling src/google/protobuf/compiler/cpp/message.cc [for tool]; 2s local ... (16 actions, 15 running)
[2,961 / 4,028] Compiling src/google/protobuf/compiler/cpp/message.cc [for tool]; 3s local ... (16 actions, 15 running)
[3,038 / 4,028] Compiling src/google/protobuf/compiler/cpp/message.cc [for tool]; 4s local ... (16 actions, 15 running)
[3,122 / 4,028] Compiling src/google/protobuf/compiler/cpp/message.cc [for tool]; 5s local ... (17 actions, 15 running)
[3,227 / 4,028] Compiling tflite/delegates/nnapi/nnapi_delegate.cc; 1s local ... (17 actions, 15 running)
[3,317 / 4,028] Compiling tflite/delegates/nnapi/nnapi_delegate.cc; 2s local ... (17 actions, 15 running)
[3,410 / 4,028] Compiling litert/core/model/model_load.cc; 2s local ... (17 actions, 15 running)
[3,508 / 4,028] Compiling litert/compiler/plugin/compiler_plugin.cc; 1s local ... (17 actions, 15 running)
[3,610 / 4,028] Compiling litert/compiler/plugin/compiler_plugin.cc; 2s local ... (17 actions, 15 running)
[3,727 / 4,028] Compiling upb_generator/minitable/generator.cc [for tool]; 1s local ... (14 actions, 13 running)
[3,731 / 4,028] Compiling tflite/kernels/activations.cc; 2s local ... (16 actions, 15 running)
[3,742 / 4,028] Compiling tflite/kernels/activations.cc; 3s local ... (16 actions, 15 running)
[3,754 / 4,028] Compiling tflite/kernels/activations.cc; 4s local ... (16 actions, 15 running)
[3,786 / 4,028] Compiling tflite/kernels/batch_to_space_nd.cc; 1s local ... (16 actions, 15 running)
[3,798 / 4,028] Compiling tflite/kernels/cast.cc; 1s local ... (16 actions, 15 running)
[3,817 / 4,028] Compiling tflite/kernels/concatenation.cc; 2s local ... (16 actions, 15 running)
[3,828 / 4,028] Compiling tflite/kernels/conv.cc; 3s local ... (17 actions, 16 running)
[3,838 / 4,028] Compiling tflite/kernels/depth_to_space.cc; 2s local ... (17 actions, 16 running)
[3,850 / 4,028] Compiling tflite/kernels/depthwise_conv.cc; 3s local ... (17 actions, 16 running)
[3,860 / 4,028] Compiling tflite/kernels/transpose_conv.cc; 1s local ... (17 actions, 16 running)
[3,868 / 4,028] Compiling tflite/kernels/transpose_conv.cc; 2s local ... (17 actions, 16 running)
[3,878 / 4,028] Compiling litert/runtime/compiled_model.cc; 3s local ... (17 actions, 16 running)
[3,885 / 4,028] Compiling tflite/kernels/fully_connected.cc; 3s local ... (17 actions, 16 running)
[3,896 / 4,028] Compiling tflite/kernels/lstm.cc; 2s local ... (17 actions, 16 running)
[3,908 / 4,028] Compiling tflite/kernels/mul.cc; 2s local ... (17 actions, 16 running)
[3,914 / 4,028] Compiling tflite/kernels/pad.cc; 2s local ... (17 actions, 16 running)
[3,926 / 4,028] Compiling tflite/kernels/reduce.cc; 2s local ... (17 actions, 16 running)
[3,938 / 4,028] Compiling tflite/kernels/reduce.cc; 3s local ... (17 actions, 16 running)
[3,949 / 4,028] Compiling tflite/kernels/sub.cc; 1s local ... (17 actions, 16 running)
[3,953 / 4,028] Compiling tflite/kernels/sub.cc; 2s local ... (17 actions, 16 running)
[3,967 / 4,028] Compiling runtime/components/embedding_lookup/embedding_lookup_end_of_multi_modal.cc; 2s local ... (17 actions, 16 running)
[3,976 / 4,028] Compiling runtime/components/top_p_cpu_sampler.cc; 1s local ... (16 actions, 15 running)
[3,981 / 4,028] Compiling runtime/components/embedding_lookup/embedding_lookup_text.cc; 2s local ... (17 actions, 16 running)
[3,988 / 4,028] Compiling runtime/components/model_resources_litert_lm.cc; 2s local ... (17 actions, 16 running)
[3,995 / 4,028] Compiling runtime/core/cached_session.cc; 3s local ... (17 actions, 16 running)
[4,000 / 4,028] Compiling runtime/executor/litert_compiled_model_executor_utils.cc; 2s local ... (17 actions, 16 running)
[4,001 / 4,028] Compiling runtime/executor/litert_compiled_model_executor_utils.cc; 3s local ... (17 actions, 16 running)
[4,011 / 4,028] Compiling runtime/executor/npu/llm_litert_npu_kv_cache.cc; 3s local ... (16 actions running)
[4,014 / 4,028] Compiling runtime/executor/llm_litert_npu_compiled_model_executor.cc; 3s local ... (13 actions running)
[4,026 / 4,028] Compiling omni/base/model_utils.cc; 3s local
INFO: Found 1 target...
Target //omni/asr:asr_runner up-to-date:
  bazel-bin/omni/asr/asr_runner
INFO: Elapsed time: 111.621s, Critical Path: 15.28s
INFO: 2980 processes: 394 internal, 2586 local.
INFO: Build completed successfully, 2980 total actions
EXIT_CODE=0 end 2026-09-19 06:55:44
