INFO: [environment.cc:36] Creating LiteRT environment with options
WARNING: [npu_registry.cc:34] NPU accelerator could not be loaded and registered: kLiteRtStatusErrorNotFound.
INFO: [gpu_registry.cc:127] Attempting to load GPU accelerator(libLiteRtGpuAccelerator.dylib).
INFO: [gpu_registry.cc:127] Attempting to load GPU accelerator(libLiteRtMetalAccelerator.dylib).
INFO: [accelerator_registry.cc:54] RegisterAccelerator: ptr=0x13c4ac600, name=GPU Metal
INFO: [gpu_registry.cc:135] Dynamically loaded GPU accelerator(libLiteRtMetalAccelerator.dylib) registered.
INFO: [accelerator_registry.cc:54] RegisterAccelerator: ptr=0x13c4acb40, name=CpuAccelerator
INFO: [cpu_registry.cc:75] XNNPACK CPU accelerator registered.
INFO: [environment.cc:36] Creating LiteRT environment with options
WARNING: [npu_registry.cc:34] NPU accelerator could not be loaded and registered: kLiteRtStatusErrorNotFound.
INFO: [gpu_registry.cc:127] Attempting to load GPU accelerator(libLiteRtGpuAccelerator.dylib).
INFO: [gpu_registry.cc:127] Attempting to load GPU accelerator(libLiteRtMetalAccelerator.dylib).
INFO: [accelerator_registry.cc:54] RegisterAccelerator: ptr=0x13c728540, name=GPU Metal
INFO: [gpu_registry.cc:135] Dynamically loaded GPU accelerator(libLiteRtMetalAccelerator.dylib) registered.
INFO: [accelerator_registry.cc:54] RegisterAccelerator: ptr=0x13c7283c0, name=CpuAccelerator
INFO: [cpu_registry.cc:75] XNNPACK CPU accelerator registered.
INFO: [compiled_model.cc:829] Flatbuffer model initialized directly from incoming litert model.
INFO: Initialized TensorFlow Lite runtime.
INFO: Created TensorFlow Lite XNNPACK delegate for CPU.
INFO: [environment.cc:36] Creating LiteRT environment with options
WARNING: [npu_registry.cc:34] NPU accelerator could not be loaded and registered: kLiteRtStatusErrorNotFound.
INFO: [gpu_registry.cc:127] Attempting to load GPU accelerator(libLiteRtGpuAccelerator.dylib).
INFO: [gpu_registry.cc:127] Attempting to load GPU accelerator(libLiteRtMetalAccelerator.dylib).
INFO: [accelerator_registry.cc:54] RegisterAccelerator: ptr=0x17e954420, name=GPU Metal
INFO: [gpu_registry.cc:135] Dynamically loaded GPU accelerator(libLiteRtMetalAccelerator.dylib) registered.
INFO: [accelerator_registry.cc:54] RegisterAccelerator: ptr=0x17e954660, name=CpuAccelerator
INFO: [cpu_registry.cc:75] XNNPACK CPU accelerator registered.
WARNING: All log messages before absl::InitializeLog() is called are written to STDERR
W0000 00:00:1790327292.807080  149858 litert_lm_loader.cc:391] Section not found: TFLiteModel
W0000 00:00:1790327292.807087  149858 litert_lm_loader.cc:479] TFLite model for type: tf_lite_end_of_audio not found. Skipping.
W0000 00:00:1790327292.807089  149858 litert_lm_loader.cc:391] Section not found: TFLiteModel
W0000 00:00:1790327292.807089  149858 litert_lm_loader.cc:479] TFLite model for type: tf_lite_end_of_vision not found. Skipping.
INFO: [compiled_model.cc:829] Flatbuffer model initialized directly from incoming litert model.
W0000 00:00:1790327292.811699  149858 litert_lm_loader.cc:391] Section not found: TFLiteModel
W0000 00:00:1790327292.811701  149858 litert_lm_loader.cc:479] TFLite model for type: tf_lite_per_layer_embedder not found. Skipping.
INFO: [compiled_model.cc:829] Flatbuffer model initialized directly from incoming litert model.
W0000 00:00:1790327292.903427  149858 litert_lm_loader.cc:391] Section not found: SP_Tokenizer
W0000 00:00:1790327292.903434  149858 litert_lm_loader.cc:391] Section not found: SP_Tokenizer
W0000 00:00:1790327292.903434  149858 litert_lm_loader.cc:391] Section not found: HF_Tokenizer_Zlib
W0000 00:00:1790327292.991601  149858 mel_filterbank.cc:137] Missing 10 bands  starting at 0 in mel-frequency design. Perhaps too many channels or not enough frequency resolution in spectrum. (fft_length: 257 sample_rate: 16000 mel_channel_count: 128 lower_frequency_limit: 0 upper_frequency_limit: 8000
I0000 00:00:1790327292.991644  149858 asr_bench_shim.cc:138] Starting speech recognition on /var/mobile/Containers/Data/Application/D4B62E56-287B-4D60-B0DC-96B98ED3F81A/Documents/asr/audio/librispeech-dev-clean-1272-82s.wav...
I0000 00:00:1790327303.108974  149858 asr_bench_shim.cc:161] Finished speech recognition.
INFO: [accelerator_registry.cc:43] DestroyAccelerator: ptr=0x13c4acb40, name=CpuAccelerator
INFO: [accelerator_registry.cc:43] DestroyAccelerator: ptr=0x13c4ac600, name=GPU Metal
INFO: [accelerator_registry.cc:43] DestroyAccelerator: ptr=0x17e954660, name=CpuAccelerator
INFO: [accelerator_registry.cc:43] DestroyAccelerator: ptr=0x17e954420, name=GPU Metal
LLVM Profile Error: Failed to write file "default.profraw": Operation not permitted
