# xcrun devicectl device process launch --console --terminate-existing --device C7A74909-7573-5A0F-9201-F7D03DC811EF com.daisukemajima.asrbench -- --asr-autorun --run-id litert-lm_litert-community_whisper-tiny_asr-rtf-librispeech-82s_cpu_run1 --model-name whisper-tiny --model-file whisper_tiny_30s_i8.tflite --metadata model_metadata.json --backend cpu --threads 4 --overlap 0.4 --merger timestamp --audio librispeech-dev-clean-1272-82s.wav
# devicectl exit=0
Launched application with com.daisukemajima.asrbench bundle identifier.
Waiting for the application to terminate…
INFO: [environment.cc:36] Creating LiteRT environment with options
WARNING: [npu_registry.cc:34] NPU accelerator could not be loaded and registered: kLiteRtStatusErrorNotFound.
INFO: [gpu_registry.cc:127] Attempting to load GPU accelerator(libLiteRtGpuAccelerator.dylib).
INFO: [gpu_registry.cc:127] Attempting to load GPU accelerator(libLiteRtMetalAccelerator.dylib).
INFO: [accelerator_registry.cc:54] RegisterAccelerator: ptr=0x1385f01e0, name=GPU Metal
INFO: [gpu_registry.cc:135] Dynamically loaded GPU accelerator(libLiteRtMetalAccelerator.dylib) registered.
INFO: [accelerator_registry.cc:54] RegisterAccelerator: ptr=0x1385f0240, name=CpuAccelerator
INFO: [cpu_registry.cc:75] XNNPACK CPU accelerator registered.
INFO: [compiled_model.cc:829] Flatbuffer model initialized directly from incoming litert model.
INFO: Initialized TensorFlow Lite runtime.
INFO: Created TensorFlow Lite XNNPACK delegate for CPU.
WARNING: All log messages before absl::InitializeLog() is called are written to STDERR
I0000 00:00:1790326432.708506  139043 asr_bench_shim.cc:138] Starting speech recognition on /var/mobile/Containers/Data/Application/D4B62E56-287B-4D60-B0DC-96B98ED3F81A/Documents/asr/audio/librispeech-dev-clean-1272-82s.wav...
INFO: [environment.cc:36] Creating LiteRT environment with options
WARNING: [npu_registry.cc:34] NPU accelerator could not be loaded and registered: kLiteRtStatusErrorNotFound.
INFO: [gpu_registry.cc:127] Attempting to load GPU accelerator(libLiteRtGpuAccelerator.dylib).
INFO: [gpu_registry.cc:127] Attempting to load GPU accelerator(libLiteRtMetalAccelerator.dylib).
INFO: [accelerator_registry.cc:54] RegisterAccelerator: ptr=0x13dcb0fc0, name=GPU Metal
INFO: [gpu_registry.cc:135] Dynamically loaded GPU accelerator(libLiteRtMetalAccelerator.dylib) registered.
INFO: [accelerator_registry.cc:54] RegisterAccelerator: ptr=0x13dcb1020, name=CpuAccelerator
INFO: [cpu_registry.cc:75] XNNPACK CPU accelerator registered.
I0000 00:00:1790326436.431737  139043 asr_bench_shim.cc:161] Finished speech recognition.
INFO: [accelerator_registry.cc:43] DestroyAccelerator: ptr=0x1385f0240, name=CpuAccelerator
INFO: [accelerator_registry.cc:43] DestroyAccelerator: ptr=0x1385f01e0, name=GPU Metal
ASRBENCH_RESULT_JSON {"textMerger":"timestamp","textChunks":4,"gpuAcceleratorDylib":"not requested","backend":"cpu","runId":"litert-lm_litert-community_whisper-tiny_asr-rtf-librispeech-82s_cpu_run1","engineVersion":"main@66058c82","asrFirstTextLatencyMS":2113.5473750000001,"modelName":"whisper-tiny","batteryLevelInitial":0.80000001192092896,"overlapRatio":0.40000000596046448,"sessionCreateSeconds":0.00026554200000000001,"launchToRunSeconds":0.001944875,"engineCreateSeconds":0.069333375000000003,"memoryPeakFootprintMB":289.12693786621094,"numThreads":4,"ok":true,"exitCode":0,"batteryState":"charging","modelFile":"whisper_tiny_30s_i8.tflite","error":null,"audioFile":"librispeech-dev-clean-1272-82s.wav","transcript":"Nor is Mr. Kulter's manner less interesting than his matter. He has grave doubts whether Sir Frederick Leighton's work is ready, great after all, and can discover in it but little over. Okay, Ithaca. The Nell's pictures are sort of upguards and Adam paintings and Mason's exquisite idols are as national as a jingle poem. Mr. a jingo poem. Mr. Birkenfaster's landscape smile at one much in the same way as Mr. Kirkker used to flashes teeth. And Mr. John Cullier gives his sitter a cheerful slap in the back before he says, \"Like a shampoo or an octopus bath.\" Next man, she laments \"What a shampoo, we're in a Turkish bath.\" Next man, she laments most bitterly the divorce that has been made between decorative arc and us that in the great days of art, Michelangelo was the finishing upholsterer. The little girl had been asleep, but she heard the raps and opened the door. Where is that? The buzzers were triggered as muscles into complete relaxation. The out of voice snapped with a harsh urgency clearly used to command. The 20s, 10 seconds,","memoryPeakResidentMB":374.1875,"thermalFinal":"nominal","totalWallSeconds":3.7963889590000002,"batteryLevelFinal":0.80000001192092896,"asrProcessingSeconds":3.7232143340000001,"thermalInitial":"nominal","device":{"systemVersion":"27.0","systemName":"iOS","processorCount":6,"modelIdentifier":"iPhone19,2","physicalMemoryMB":11543,"lowPowerMode":false},"loadTimeSeconds":0.071543791999999995}
ASRBENCH_DONE 0
INFO: [accelerator_registry.cc:43] DestroyAccelerator: ptr=0x13dcb1020, name=CpuAccelerator
INFO: [accelerator_registry.cc:43] DestroyAccelerator: ptr=0x13dcb0fc0, name=GPU Metal
LLVM Profile Error: Failed to write file "default.profraw": Operation not permitted
The app terminated with the exit code 0.
