# xcrun devicectl device process launch --console --terminate-existing --device C7A74909-7573-5A0F-9201-F7D03DC811EF com.daisukemajima.asrbench -- --asr-autorun --run-id litert-lm_litert-community_moonshine-tiny_asr-rtf-librispeech-82s_gpu_run1 --model-name moonshine-tiny --model-file moonshine_tiny_5s_i8.tflite --metadata model_metadata.json --backend gpu --threads 4 --overlap 0.4 --merger timestamp --audio librispeech-dev-clean-1272-82s.wav
# devicectl exit=0
Launched application with com.daisukemajima.asrbench bundle identifier.
Waiting for the application to terminate…
INFO: GPU accelerator dylib /private/var/containers/Bundle/Application/26A9F0E5-B58E-4805-AEB8-E2ED562DAD34/AsrBench.app/Frameworks/libLiteRtMetalAccelerator.dylib: loaded
INFO: [environment.cc:36] Creating LiteRT environment with options
WARNING: [npu_registry.cc:34] NPU accelerator could not be loaded and registered: kLiteRtStatusErrorNotFound.
INFO: [gpu_registry.cc:127] Attempting to load GPU accelerator(libLiteRtGpuAccelerator.dylib).
INFO: [gpu_registry.cc:127] Attempting to load GPU accelerator(libLiteRtMetalAccelerator.dylib).
INFO: [accelerator_registry.cc:54] RegisterAccelerator: ptr=0x106de09c0, name=GPU Metal
INFO: [gpu_registry.cc:135] Dynamically loaded GPU accelerator(libLiteRtMetalAccelerator.dylib) registered.
INFO: [accelerator_registry.cc:54] RegisterAccelerator: ptr=0x106de0a80, name=CpuAccelerator
INFO: [cpu_registry.cc:75] XNNPACK CPU accelerator registered.
INFO: [compiled_model.cc:829] Flatbuffer model initialized directly from incoming litert model.
INFO: Initialized TensorFlow Lite runtime.
I0000 00:00:1790326327.510796  138103 delegate_metal.mm:89] Created a Metal device.
INFO: [environment.cc:47] Adding options to the existing LiteRT environment
INFO: [gpu_environment.cc:436] Failed to create OpenCL context.
INFO: [gpu_environment.cc:398] Created Metal device from provided device id
INFO: [gpu_environment.h:155] Created LiteRT GpuEnvironment.
INFO: [environment.cc:47] Adding options to the existing LiteRT environment
I0000 00:00:1790326327.511324  138103 gpu_backend_metal.mm:114] Metal Residency Set successfully initialized.
I0000 00:00:1790326327.553386  138103 delegate_kernel.cc:994] Initializing Metal-based API from graph.
I0000 00:00:1790326327.642784  138103 delegate_kernel.cc:994] Initializing Metal-based API from graph.
INFO: Created TensorFlow Lite XNNPACK delegate for CPU.
WARNING: All log messages before absl::InitializeLog() is called are written to STDERR
I0000 00:00:1790326327.677816  138103 asr_bench_shim.cc:138] Starting speech recognition on /var/mobile/Containers/Data/Application/D4B62E56-287B-4D60-B0DC-96B98ED3F81A/Documents/asr/audio/librispeech-dev-clean-1272-82s.wav...
I0000 00:00:1790326330.260040  138103 asr_bench_shim.cc:161] Finished speech recognition.
I0000 00:00:1790326330.263636  138103 delegate_metal.mm:76] Destroyed the Metal environment.
INFO: [accelerator_registry.cc:43] DestroyAccelerator: ptr=0x106de0a80, name=CpuAccelerator
INFO: [accelerator_registry.cc:43] DestroyAccelerator: ptr=0x106de09c0, name=GPU Metal
ASRBENCH_RESULT_JSON {"textMerger":"timestamp","textChunks":27,"gpuAcceleratorDylib":"loaded","backend":"gpu","runId":"litert-lm_litert-community_moonshine-tiny_asr-rtf-librispeech-82s_gpu_run1","engineVersion":"main@66058c82","asrFirstTextLatencyMS":148.555667,"modelName":"moonshine-tiny","batteryLevelInitial":0.80000001192092896,"overlapRatio":0.40000000596046448,"sessionCreateSeconds":0.000223833,"launchToRunSeconds":0.006780416,"engineCreateSeconds":0.21311274999999999,"memoryPeakFootprintMB":188.12682342529297,"numThreads":4,"ok":true,"exitCode":0,"batteryState":"charging","modelFile":"moonshine_tiny_5s_i8.tflite","error":null,"audioFile":"librispeech-dev-clean-1272-82s.wav","transcript":"Nor is Mr. Quilter's manner less interesting than his matter. has grieved dose with her Sir Frederick Clayton. other three-year-old is a great group after all. and can discover in it but little of Waukee is like a little off-walker, I think. Linnell's pictures, art, art, and art. most popular characters in the world are a sort of up-guards and atom paintings. and Mason's exquisite idols are as nice as the ones that are in the world. interesting thing is that the most important thing is that the most important thing is that the most important thing is that the most important thing is that the most important thing is that the most important thing is that the most important thing is that the most important thing is that the most important thing is that the most the smile at one much in the same way as at Mr. Carcor, asks. is the car car used to flash his teeth. And this is the same thing. John Collier gives his sitter a cheerful, sweet, he's a terrible slap in the back. Before he says, like a shit, like a shit, like a shit, like a shit, like talking about the first one. We're going to be talking about the first he laments most bitterly the divorce he said, I'm going to be a little bit more like a little bit of a bit of a bit of a bit of a bit of a bit of a bit of a bit of a bit of a bit of a bit of a bit of a bit of a bit of a bit of a case of the law, the law of the law of the law of the law of the law of the law of the law of the law of the law of the law of the law of the law of the law of the law of the law of the law of art, the most important thing is to be able to art Michelangelo was the furnishing upholsterer, the little girl had been asleep, but she's so happy. sleep, but she heard the raps and opened the door. think that's the best way to get a little bit of a were triggered as muscles into complete relaxation. other voice snapped with a harsh urgency. sorry, urgency. Clearly, I used to command. twenties, ten seconds.","memoryPeakResidentMB":240.171875,"thermalFinal":"nominal","totalWallSeconds":2.807126416,"batteryLevelFinal":0.80000001192092896,"asrProcessingSeconds":2.5822039170000002,"thermalInitial":"nominal","device":{"systemVersion":"27.0","systemName":"iOS","processorCount":6,"modelIdentifier":"iPhone19,2","physicalMemoryMB":11543,"lowPowerMode":false},"loadTimeSeconds":0.22011699900000001}
ASRBENCH_DONE 0
LLVM Profile Error: Failed to write file "default.profraw": Operation not permitted
The app terminated with the exit code 0.
