INFO: GPU accelerator dylib /private/var/containers/Bundle/Application/26A9F0E5-B58E-4805-AEB8-E2ED562DAD34/AsrBench.app/Frameworks/libLiteRtMetalAccelerator.dylib: loaded
INFO: [environment.cc:36] Creating LiteRT environment with options
WARNING: [npu_registry.cc:34] NPU accelerator could not be loaded and registered: kLiteRtStatusErrorNotFound.
INFO: [gpu_registry.cc:127] Attempting to load GPU accelerator(libLiteRtGpuAccelerator.dylib).
INFO: [gpu_registry.cc:127] Attempting to load GPU accelerator(libLiteRtMetalAccelerator.dylib).
INFO: [accelerator_registry.cc:54] RegisterAccelerator: ptr=0x108844b40, name=GPU Metal
INFO: [gpu_registry.cc:135] Dynamically loaded GPU accelerator(libLiteRtMetalAccelerator.dylib) registered.
INFO: [accelerator_registry.cc:54] RegisterAccelerator: ptr=0x108844ba0, name=CpuAccelerator
INFO: [cpu_registry.cc:75] XNNPACK CPU accelerator registered.
INFO: [compiled_model.cc:829] Flatbuffer model initialized directly from incoming litert model.
INFO: Initialized TensorFlow Lite runtime.
I0000 00:00:1790326376.877952  138502 delegate_metal.mm:89] Created a Metal device.
INFO: [environment.cc:47] Adding options to the existing LiteRT environment
INFO: [gpu_environment.cc:436] Failed to create OpenCL context.
INFO: [gpu_environment.cc:398] Created Metal device from provided device id
INFO: [gpu_environment.h:155] Created LiteRT GpuEnvironment.
INFO: [environment.cc:47] Adding options to the existing LiteRT environment
I0000 00:00:1790326376.878478  138502 gpu_backend_metal.mm:114] Metal Residency Set successfully initialized.
I0000 00:00:1790326376.921491  138502 delegate_kernel.cc:994] Initializing Metal-based API from graph.
I0000 00:00:1790326377.010013  138502 delegate_kernel.cc:994] Initializing Metal-based API from graph.
INFO: Created TensorFlow Lite XNNPACK delegate for CPU.
WARNING: All log messages before absl::InitializeLog() is called are written to STDERR
I0000 00:00:1790326377.045282  138502 asr_bench_shim.cc:138] Starting speech recognition on /var/mobile/Containers/Data/Application/D4B62E56-287B-4D60-B0DC-96B98ED3F81A/Documents/asr/audio/librispeech-dev-clean-1272-82s.wav...
I0000 00:00:1790326379.630999  138502 asr_bench_shim.cc:161] Finished speech recognition.
I0000 00:00:1790326379.634693  138502 delegate_metal.mm:76] Destroyed the Metal environment.
INFO: [accelerator_registry.cc:43] DestroyAccelerator: ptr=0x108844ba0, name=CpuAccelerator
INFO: [accelerator_registry.cc:43] DestroyAccelerator: ptr=0x108844b40, name=GPU Metal
