INFO: GPU accelerator dylib /private/var/containers/Bundle/Application/26A9F0E5-B58E-4805-AEB8-E2ED562DAD34/AsrBench.app/Frameworks/libLiteRtMetalAccelerator.dylib: loaded
INFO: [environment.cc:36] Creating LiteRT environment with options
WARNING: [npu_registry.cc:34] NPU accelerator could not be loaded and registered: kLiteRtStatusErrorNotFound.
INFO: [gpu_registry.cc:127] Attempting to load GPU accelerator(libLiteRtGpuAccelerator.dylib).
INFO: [gpu_registry.cc:127] Attempting to load GPU accelerator(libLiteRtMetalAccelerator.dylib).
INFO: [accelerator_registry.cc:54] RegisterAccelerator: ptr=0x1304b0360, name=GPU Metal
INFO: [gpu_registry.cc:135] Dynamically loaded GPU accelerator(libLiteRtMetalAccelerator.dylib) registered.
INFO: [accelerator_registry.cc:54] RegisterAccelerator: ptr=0x1304b0a20, name=CpuAccelerator
INFO: [cpu_registry.cc:75] XNNPACK CPU accelerator registered.
INFO: [environment.cc:36] Creating LiteRT environment with options
WARNING: [npu_registry.cc:34] NPU accelerator could not be loaded and registered: kLiteRtStatusErrorNotFound.
INFO: [gpu_registry.cc:127] Attempting to load GPU accelerator(libLiteRtGpuAccelerator.dylib).
INFO: [gpu_registry.cc:127] Attempting to load GPU accelerator(libLiteRtMetalAccelerator.dylib).
INFO: [accelerator_registry.cc:54] RegisterAccelerator: ptr=0x130758180, name=GPU Metal
INFO: [gpu_registry.cc:135] Dynamically loaded GPU accelerator(libLiteRtMetalAccelerator.dylib) registered.
INFO: [accelerator_registry.cc:54] RegisterAccelerator: ptr=0x130758240, name=CpuAccelerator
INFO: [cpu_registry.cc:75] XNNPACK CPU accelerator registered.
INFO: [compiled_model.cc:829] Flatbuffer model initialized directly from incoming litert model.
INFO: Initialized TensorFlow Lite runtime.
I0000 00:00:1790327568.627266  153085 delegate_metal.mm:89] Created a Metal device.
INFO: [environment.cc:47] Adding options to the existing LiteRT environment
INFO: [gpu_environment.cc:436] Failed to create OpenCL context.
INFO: [gpu_environment.cc:398] Created Metal device from provided device id
INFO: [gpu_environment.h:155] Created LiteRT GpuEnvironment.
INFO: [environment.cc:47] Adding options to the existing LiteRT environment
I0000 00:00:1790327568.627746  153085 gpu_backend_metal.mm:114] Metal Residency Set successfully initialized.
I0000 00:00:1790327568.848653  153085 delegate_kernel.cc:336] Total 112 external tensors are used for delegate inputs and outputs
I0000 00:00:1790327568.848663  153085 delegate_kernel.cc:994] Initializing Metal-based API from graph.
I0000 00:00:1790327569.089563  153085 delegate_kernel.cc:336] Total 113 external tensors are used for delegate inputs and outputs
I0000 00:00:1790327569.089572  153085 delegate_kernel.cc:994] Initializing Metal-based API from graph.
INFO: [environment.cc:36] Creating LiteRT environment with options
WARNING: [npu_registry.cc:34] NPU accelerator could not be loaded and registered: kLiteRtStatusErrorNotFound.
INFO: [gpu_registry.cc:127] Attempting to load GPU accelerator(libLiteRtGpuAccelerator.dylib).
INFO: [gpu_registry.cc:127] Attempting to load GPU accelerator(libLiteRtMetalAccelerator.dylib).
INFO: [accelerator_registry.cc:54] RegisterAccelerator: ptr=0x1506fab80, name=GPU Metal
INFO: [gpu_registry.cc:135] Dynamically loaded GPU accelerator(libLiteRtMetalAccelerator.dylib) registered.
INFO: [accelerator_registry.cc:54] RegisterAccelerator: ptr=0x1506fab20, name=CpuAccelerator
INFO: [cpu_registry.cc:75] XNNPACK CPU accelerator registered.
WARNING: All log messages before absl::InitializeLog() is called are written to STDERR
W0000 00:00:1790327569.181845  153085 litert_lm_loader.cc:391] Section not found: TFLiteModel
W0000 00:00:1790327569.181856  153085 litert_lm_loader.cc:479] TFLite model for type: tf_lite_end_of_audio not found. Skipping.
W0000 00:00:1790327569.181857  153085 litert_lm_loader.cc:391] Section not found: TFLiteModel
W0000 00:00:1790327569.181858  153085 litert_lm_loader.cc:479] TFLite model for type: tf_lite_end_of_vision not found. Skipping.
INFO: [compiled_model.cc:829] Flatbuffer model initialized directly from incoming litert model.
INFO: Created TensorFlow Lite XNNPACK delegate for CPU.
W0000 00:00:1790327569.184703  153085 litert_lm_loader.cc:391] Section not found: TFLiteModel
W0000 00:00:1790327569.184705  153085 litert_lm_loader.cc:479] TFLite model for type: tf_lite_per_layer_embedder not found. Skipping.
INFO: [compiled_model.cc:829] Flatbuffer model initialized directly from incoming litert model.
INFO: [environment.cc:47] Adding options to the existing LiteRT environment
I0000 00:00:1790327569.186794  153085 gpu_backend_metal.mm:114] Metal Residency Set successfully initialized.
I0000 00:00:1790327569.797900  153085 delegate_kernel.cc:994] Initializing Metal-based API from graph.
W0000 00:00:1790327569.846482  153085 litert_lm_loader.cc:391] Section not found: SP_Tokenizer
W0000 00:00:1790327569.846488  153085 litert_lm_loader.cc:391] Section not found: SP_Tokenizer
W0000 00:00:1790327569.846489  153085 litert_lm_loader.cc:391] Section not found: HF_Tokenizer_Zlib
W0000 00:00:1790327569.934663  153085 mel_filterbank.cc:137] Missing 10 bands  starting at 0 in mel-frequency design. Perhaps too many channels or not enough frequency resolution in spectrum. (fft_length: 257 sample_rate: 16000 mel_channel_count: 128 lower_frequency_limit: 0 upper_frequency_limit: 8000
I0000 00:00:1790327569.934730  153085 asr_bench_shim.cc:138] Starting speech recognition on /var/mobile/Containers/Data/Application/D4B62E56-287B-4D60-B0DC-96B98ED3F81A/Documents/asr/audio/librispeech-dev-clean-1272-82s.wav...
I0000 00:00:1790327607.972866  153085 asr_bench_shim.cc:161] Finished speech recognition.
INFO: [accelerator_registry.cc:43] DestroyAccelerator: ptr=0x1304b0a20, name=CpuAccelerator
INFO: [accelerator_registry.cc:43] DestroyAccelerator: ptr=0x1304b0360, name=GPU Metal
INFO: [accelerator_registry.cc:43] DestroyAccelerator: ptr=0x1506fab20, name=CpuAccelerator
INFO: [accelerator_registry.cc:43] DestroyAccelerator: ptr=0x1506fab80, name=GPU Metal
LLVM Profile Error: Failed to write file "default.profraw": Operation not permitted
