# xcrun devicectl device process launch --console --terminate-existing --device C7A74909-7573-5A0F-9201-F7D03DC811EF com.daisukemajima.asrbench -- --asr-autorun --run-id litert-lm_litert-community_moonshine-tiny_asr-rtf-librispeech-82s_cpu_run3 --model-name moonshine-tiny --model-file moonshine_tiny_5s_i8.tflite --metadata model_metadata.json --backend cpu --threads 4 --overlap 0.4 --merger timestamp --audio librispeech-dev-clean-1272-82s.wav
# devicectl exit=0
Launched application with com.daisukemajima.asrbench bundle identifier.
Waiting for the application to terminate…
INFO: [environment.cc:36] Creating LiteRT environment with options
WARNING: [npu_registry.cc:34] NPU accelerator could not be loaded and registered: kLiteRtStatusErrorNotFound.
INFO: [gpu_registry.cc:127] Attempting to load GPU accelerator(libLiteRtGpuAccelerator.dylib).
INFO: [gpu_registry.cc:127] Attempting to load GPU accelerator(libLiteRtMetalAccelerator.dylib).
INFO: [accelerator_registry.cc:54] RegisterAccelerator: ptr=0x1091e8480, name=GPU Metal
INFO: [gpu_registry.cc:135] Dynamically loaded GPU accelerator(libLiteRtMetalAccelerator.dylib) registered.
INFO: [accelerator_registry.cc:54] RegisterAccelerator: ptr=0x1091e84e0, name=CpuAccelerator
INFO: [cpu_registry.cc:75] XNNPACK CPU accelerator registered.
INFO: [compiled_model.cc:829] Flatbuffer model initialized directly from incoming litert model.
INFO: Initialized TensorFlow Lite runtime.
INFO: Created TensorFlow Lite XNNPACK delegate for CPU.
WARNING: All log messages before absl::InitializeLog() is called are written to STDERR
I0000 00:00:1790326230.169682  137197 asr_bench_shim.cc:138] Starting speech recognition on /var/mobile/Containers/Data/Application/D4B62E56-287B-4D60-B0DC-96B98ED3F81A/Documents/asr/audio/librispeech-dev-clean-1272-82s.wav...
I0000 00:00:1790326235.632081  137197 asr_bench_shim.cc:161] Finished speech recognition.
INFO: [accelerator_registry.cc:43] DestroyAccelerator: ptr=0x1091e84e0, name=CpuAccelerator
INFO: [accelerator_registry.cc:43] DestroyAccelerator: ptr=0x1091e8480, name=GPU Metal
ASRBENCH_RESULT_JSON {"textMerger":"timestamp","textChunks":27,"gpuAcceleratorDylib":"not requested","backend":"cpu","runId":"litert-lm_litert-community_moonshine-tiny_asr-rtf-librispeech-82s_cpu_run3","engineVersion":"main@66058c82","asrFirstTextLatencyMS":406.77175,"modelName":"moonshine-tiny","batteryLevelInitial":0.80000001192092896,"overlapRatio":0.40000000596046448,"sessionCreateSeconds":0.00019208300000000001,"launchToRunSeconds":0.0020583329999999999,"engineCreateSeconds":0.062436791999999998,"memoryPeakFootprintMB":106.782958984375,"numThreads":4,"ok":true,"exitCode":0,"batteryState":"charging","modelFile":"moonshine_tiny_5s_i8.tflite","error":null,"audioFile":"librispeech-dev-clean-1272-82s.wav","transcript":"Nor is Mr. Quilter's manner less interesting than his matter. He has grave doubts, whether a surfer dreddled late in his life. Sir Frederick Layton's work is really Greek after all, and can discover in it but little of rocky, is a. little of Waukee Ithaca. Linels, pictures, aura sore. pictures are a sort of up-guards and atom paintings. and Adam paintings and mason's exquisite idols, eras, Nash. it, it'lls eras national as a jingo poem. Mr. Burke fosters landscapes, smile at one, much in the same way as at Mr. Carcor used to flash his teeth. And Mr. John Collier gives his sitter a cheerful slap in the back. Before he says like a shampoo or an Turkish bath, next man he laments most bitterly the divorce that has been made between decorative art and what we usually call pictures. Makes a customary appeal to the last judgment and reminds us that in the great days of art, my God, my God, my God, my God, my God, my God, my God, my God, my God, my God, my God, my God, my God, my God, my God, upholsterer. The little girl had been asleep, but she had been asleep, but she heard the raps and opened the door. Where is that? The buzzers were triggered as muscles and complete relaxation. The other voice snapped with a harsh urgency clearly used to command. The 20th. 20s, 10 seconds,","memoryPeakResidentMB":182.015625,"thermalFinal":"nominal","totalWallSeconds":5.5286655830000004,"batteryLevelFinal":0.80000001192092896,"asrProcessingSeconds":5.4623834169999999,"thermalInitial":"nominal","device":{"systemVersion":"27.0","systemName":"iOS","processorCount":6,"modelIdentifier":"iPhone19,2","physicalMemoryMB":11543,"lowPowerMode":false},"loadTimeSeconds":0.064687207999999996}
ASRBENCH_DONE 0
LLVM Profile Error: Failed to write file "default.profraw": Operation not permitted
The app terminated with the exit code 0.
