# xcrun devicectl device process launch --console --terminate-existing --device C7A74909-7573-5A0F-9201-F7D03DC811EF com.daisukemajima.asrbench -- --asr-autorun --run-id litert-lm_litert-community_parakeet-tdt-0_6b-v3_asr-rtf-librispeech-82s_gpu_run1 --model-name parakeet-tdt-0.6b-v3 --model-file parakeet_tdt_0.6b_v3_5s_i8_stateful.tflite --metadata model_metadata.json --backend gpu --threads 4 --overlap 0.4 --merger timestamp --audio librispeech-dev-clean-1272-82s.wav
# devicectl exit=0
Launched application with com.daisukemajima.asrbench bundle identifier.
Waiting for the application to terminate…
INFO: GPU accelerator dylib /private/var/containers/Bundle/Application/26A9F0E5-B58E-4805-AEB8-E2ED562DAD34/AsrBench.app/Frameworks/libLiteRtMetalAccelerator.dylib: loaded
INFO: [environment.cc:36] Creating LiteRT environment with options
WARNING: [npu_registry.cc:34] NPU accelerator could not be loaded and registered: kLiteRtStatusErrorNotFound.
INFO: [gpu_registry.cc:127] Attempting to load GPU accelerator(libLiteRtGpuAccelerator.dylib).
INFO: [gpu_registry.cc:127] Attempting to load GPU accelerator(libLiteRtMetalAccelerator.dylib).
INFO: [accelerator_registry.cc:54] RegisterAccelerator: ptr=0x108444e40, name=GPU Metal
INFO: [gpu_registry.cc:135] Dynamically loaded GPU accelerator(libLiteRtMetalAccelerator.dylib) registered.
INFO: [accelerator_registry.cc:54] RegisterAccelerator: ptr=0x108444ea0, name=CpuAccelerator
INFO: [cpu_registry.cc:75] XNNPACK CPU accelerator registered.
INFO: [compiled_model.cc:829] Flatbuffer model initialized directly from incoming litert model.
INFO: Initialized TensorFlow Lite runtime.
I0000 00:00:1790326920.906789  144089 delegate_metal.mm:89] Created a Metal device.
INFO: [environment.cc:47] Adding options to the existing LiteRT environment
INFO: [gpu_environment.cc:436] Failed to create OpenCL context.
INFO: [gpu_environment.cc:398] Created Metal device from provided device id
INFO: [gpu_environment.h:155] Created LiteRT GpuEnvironment.
INFO: [environment.cc:47] Adding options to the existing LiteRT environment
I0000 00:00:1790326920.907309  144089 gpu_backend_metal.mm:114] Metal Residency Set successfully initialized.
I0000 00:00:1790326922.731968  144089 delegate_kernel.cc:994] Initializing Metal-based API from graph.
I0000 00:00:1790326923.227841  144089 delegate_kernel.cc:994] Initializing Metal-based API from graph.
I0000 00:00:1790326923.527134  144089 delegate_kernel.cc:994] Initializing Metal-based API from graph.
INFO: Created TensorFlow Lite XNNPACK delegate for CPU.
WARNING: All log messages before absl::InitializeLog() is called are written to STDERR
W0000 00:00:1790326923.812245  144089 mel_filterbank.cc:137] Missing 10 bands  starting at 0 in mel-frequency design. Perhaps too many channels or not enough frequency resolution in spectrum. (fft_length: 257 sample_rate: 16000 mel_channel_count: 128 lower_frequency_limit: 0 upper_frequency_limit: 8000
I0000 00:00:1790326923.812407  144089 asr_bench_shim.cc:138] Starting speech recognition on /var/mobile/Containers/Data/Application/D4B62E56-287B-4D60-B0DC-96B98ED3F81A/Documents/asr/audio/librispeech-dev-clean-1272-82s.wav...
INFO: [environment.cc:36] Creating LiteRT environment with options
WARNING: [npu_registry.cc:34] NPU accelerator could not be loaded and registered: kLiteRtStatusErrorNotFound.
INFO: [gpu_registry.cc:127] Attempting to load GPU accelerator(libLiteRtGpuAccelerator.dylib).
INFO: [gpu_registry.cc:127] Attempting to load GPU accelerator(libLiteRtMetalAccelerator.dylib).
INFO: [accelerator_registry.cc:54] RegisterAccelerator: ptr=0x132713420, name=GPU Metal
INFO: [gpu_registry.cc:135] Dynamically loaded GPU accelerator(libLiteRtMetalAccelerator.dylib) registered.
INFO: [accelerator_registry.cc:54] RegisterAccelerator: ptr=0x132713120, name=CpuAccelerator
INFO: [cpu_registry.cc:75] XNNPACK CPU accelerator registered.
I0000 00:00:1790326926.949782  144089 asr_bench_shim.cc:161] Finished speech recognition.
I0000 00:00:1790326926.957651  144089 delegate_metal.mm:76] Destroyed the Metal environment.
INFO: [accelerator_registry.cc:43] DestroyAccelerator: ptr=0x108444ea0, name=CpuAccelerator
INFO: [accelerator_registry.cc:43] DestroyAccelerator: ptr=0x108444e40, name=GPU Metal
ASRBENCH_RESULT_JSON {"textMerger":"timestamp","textChunks":21,"gpuAcceleratorDylib":"loaded","backend":"gpu","runId":"litert-lm_litert-community_parakeet-tdt-0_6b-v3_asr-rtf-librispeech-82s_gpu_run1","engineVersion":"main@66058c82","asrFirstTextLatencyMS":243.94466700000001,"modelName":"parakeet-tdt-0.6b-v3","batteryLevelInitial":0.80000001192092896,"overlapRatio":0.40000000596046448,"sessionCreateSeconds":0.00028166699999999999,"launchToRunSeconds":0.0051812500000000001,"engineCreateSeconds":2.945827875,"memoryPeakFootprintMB":767.12769317626953,"numThreads":4,"ok":true,"exitCode":0,"batteryState":"charging","modelFile":"parakeet_tdt_0.6b_v3_5s_i8_stateful.tflite","error":null,"audioFile":"librispeech-dev-clean-1272-82s.wav","transcript":"Nor is mister Quilter's manner less interesting than his matter. Greek after all, and can discover in it but little of rocky Ithaca. Linnell's pictures are a sort of up guards and atom paintings, and Mason's exquisite idols are as national as a jingo poem. Mr. Birkett fosters landscapes, smile at one much in the same way that mister Carker used to be. And mister John Collier gives his sitter a cheerful slap on the back, before he says, like a shampooer in a Turkish bath, Next Man He laments most bitterly the divorce that has been made between decorative art and what we usually call pictures. Appeal to the last judgment and reminds us that in the great days of art, Michelangelo was the furnishing upholsterer. The little girl had been asleep, but she was girl had been asleep, but she heard the raps and opened the door. Where is the door. Where is that? The buzzers were trying to get whir triggered his muscles into complete relaxation. The other voice snapped with a harsh urgency","memoryPeakResidentMB":1365.109375,"thermalFinal":"nominal","totalWallSeconds":6.0975145829999997,"batteryLevelFinal":0.80000001192092896,"asrProcessingSeconds":3.1373690000000001,"thermalInitial":"nominal","device":{"systemVersion":"27.0","systemName":"iOS","processorCount":6,"modelIdentifier":"iPhone19,2","physicalMemoryMB":11543,"lowPowerMode":false},"loadTimeSeconds":2.951290792}
ASRBENCH_DONE 0
INFO: [accelerator_registry.cc:43] DestroyAccelerator: ptr=0x132713120, name=CpuAccelerator
INFO: [accelerator_registry.cc:43] DestroyAccelerator: ptr=0x132713420, name=GPU Metal
LLVM Profile Error: Failed to write file "default.profraw": Operation not permitted
The app terminated with the exit code 0.
