# xcrun devicectl device process launch --console --terminate-existing --device C7A74909-7573-5A0F-9201-F7D03DC811EF com.daisukemajima.asrbench -- --asr-autorun --run-id litert-lm_litert-community_parakeet-tdt-0_6b-v3_asr-rtf-librispeech-82s_cpu_run2 --model-name parakeet-tdt-0.6b-v3 --model-file parakeet_tdt_0.6b_v3_5s_i8_stateful.tflite --metadata model_metadata.json --backend cpu --threads 4 --overlap 0.4 --merger timestamp --audio librispeech-dev-clean-1272-82s.wav
# devicectl exit=0
Launched application with com.daisukemajima.asrbench bundle identifier.
Waiting for the application to terminate…
INFO: [environment.cc:36] Creating LiteRT environment with options
WARNING: [npu_registry.cc:34] NPU accelerator could not be loaded and registered: kLiteRtStatusErrorNotFound.
INFO: [gpu_registry.cc:127] Attempting to load GPU accelerator(libLiteRtGpuAccelerator.dylib).
INFO: [gpu_registry.cc:127] Attempting to load GPU accelerator(libLiteRtMetalAccelerator.dylib).
INFO: [accelerator_registry.cc:54] RegisterAccelerator: ptr=0x106ce8de0, name=GPU Metal
INFO: [gpu_registry.cc:135] Dynamically loaded GPU accelerator(libLiteRtMetalAccelerator.dylib) registered.
INFO: [accelerator_registry.cc:54] RegisterAccelerator: ptr=0x106ce8e40, name=CpuAccelerator
INFO: [cpu_registry.cc:75] XNNPACK CPU accelerator registered.
INFO: [compiled_model.cc:829] Flatbuffer model initialized directly from incoming litert model.
INFO: Initialized TensorFlow Lite runtime.
INFO: Created TensorFlow Lite XNNPACK delegate for CPU.
WARNING: All log messages before absl::InitializeLog() is called are written to STDERR
W0000 00:00:1790326807.363880  142869 mel_filterbank.cc:137] Missing 10 bands  starting at 0 in mel-frequency design. Perhaps too many channels or not enough frequency resolution in spectrum. (fft_length: 257 sample_rate: 16000 mel_channel_count: 128 lower_frequency_limit: 0 upper_frequency_limit: 8000
I0000 00:00:1790326807.363980  142869 asr_bench_shim.cc:138] Starting speech recognition on /var/mobile/Containers/Data/Application/D4B62E56-287B-4D60-B0DC-96B98ED3F81A/Documents/asr/audio/librispeech-dev-clean-1272-82s.wav...
INFO: [environment.cc:36] Creating LiteRT environment with options
WARNING: [npu_registry.cc:34] NPU accelerator could not be loaded and registered: kLiteRtStatusErrorNotFound.
INFO: [gpu_registry.cc:127] Attempting to load GPU accelerator(libLiteRtGpuAccelerator.dylib).
INFO: [gpu_registry.cc:127] Attempting to load GPU accelerator(libLiteRtMetalAccelerator.dylib).
INFO: [accelerator_registry.cc:54] RegisterAccelerator: ptr=0x174c40120, name=GPU Metal
INFO: [gpu_registry.cc:135] Dynamically loaded GPU accelerator(libLiteRtMetalAccelerator.dylib) registered.
INFO: [accelerator_registry.cc:54] RegisterAccelerator: ptr=0x174c40180, name=CpuAccelerator
INFO: [cpu_registry.cc:75] XNNPACK CPU accelerator registered.
I0000 00:00:1790326809.878179  142869 asr_bench_shim.cc:161] Finished speech recognition.
INFO: [accelerator_registry.cc:43] DestroyAccelerator: ptr=0x106ce8e40, name=CpuAccelerator
INFO: [accelerator_registry.cc:43] DestroyAccelerator: ptr=0x106ce8de0, name=GPU Metal
ASRBENCH_RESULT_JSON {"textMerger":"timestamp","textChunks":22,"gpuAcceleratorDylib":"not requested","backend":"cpu","runId":"litert-lm_litert-community_parakeet-tdt-0_6b-v3_asr-rtf-librispeech-82s_cpu_run2","engineVersion":"main@66058c82","asrFirstTextLatencyMS":196.124584,"modelName":"parakeet-tdt-0.6b-v3","batteryLevelInitial":0.80000001192092896,"overlapRatio":0.40000000596046448,"sessionCreateSeconds":0.00025566599999999999,"launchToRunSeconds":0.0031519579999999998,"engineCreateSeconds":0.345312334,"memoryPeakFootprintMB":711.70595550537109,"numThreads":4,"ok":true,"exitCode":0,"batteryState":"charging","modelFile":"parakeet_tdt_0.6b_v3_5s_i8_stateful.tflite","error":null,"audioFile":"librispeech-dev-clean-1272-82s.wav","transcript":"Nor is mister Quilter's manner less interesting than his matter. Greek after all, and can discover in it but little of rocky Ithaca. Linnell's pictures are a sort of up guards and Adam paintings, and Mason's exquisite idols are as national as a jingo poem. Mr. Birkett fosters landscapes, smile at one much in the same way that Mr Carker used to be. And Mr John Collier gives his sitter a cheerful slap on the back, before he says, like a shampooer in a Turkish bath, Next man laments most bitterly the divorce that has been made between decorative art and what we usually call pictures. Appeal to the last judgment and reminds us that in the great days of art, Michelangelo was the furnishing upholsterer. The little girl had been asleep, but she heard the raps and opened the door. Where is that? The buzzers were trying to get whirr triggered his muscles into complete relaxation. The other voice snapped with a harsh urgency And the twenties ten seconds.","memoryPeakResidentMB":1318.890625,"thermalFinal":"nominal","totalWallSeconds":2.8699794999999999,"batteryLevelFinal":0.80000001192092896,"asrProcessingSeconds":2.514193208,"thermalInitial":"nominal","device":{"systemVersion":"27.0","systemName":"iOS","processorCount":6,"modelIdentifier":"iPhone19,2","physicalMemoryMB":11543,"lowPowerMode":false},"loadTimeSeconds":0.348719958}
ASRBENCH_DONE 0
INFO: [accelerator_registry.cc:43] DestroyAccelerator: ptr=0x174c40180, name=CpuAccelerator
INFO: [accelerator_registry.cc:43] DestroyAccelerator: ptr=0x174c40120, name=GPU Metal
LLVM Profile Error: Failed to write file "default.profraw": Operation not permitted
The app terminated with the exit code 0.
