===ENGINE_OUTPUT===
INFO: [environment.cc:36] Creating LiteRT environment with options
WARNING: [npu_registry.cc:34] NPU accelerator could not be loaded and registered: kLiteRtStatusErrorInvalidArgument.
INFO: [gpu_registry.cc:101] Attempting to load GPU accelerator(libLiteRtGpuAccelerator.so).
INFO: [gpu_registry.cc:101] Attempting to load GPU accelerator(libLiteRtClGlAccelerator.so).
INFO: [gpu_registry.cc:101] Attempting to load GPU accelerator(libLiteRtOpenClAccelerator.so).
INFO: [gpu_registry.cc:101] Attempting to load GPU accelerator(libLiteRtWebGpuAccelerator.so).
INFO: [gpu_registry.cc:101] Attempting to load GPU accelerator(libLiteRtVulkanAccelerator.so).
WARNING: [gpu_registry.cc:131] GPU accelerator could not be loaded and registered.
INFO: [accelerator_registry.cc:54] RegisterAccelerator: ptr=0xb4000072b2415230, name=CpuAccelerator
INFO: [cpu_registry.cc:75] XNNPACK CPU accelerator registered.
INFO: [environment.cc:36] Creating LiteRT environment with options
WARNING: [npu_registry.cc:34] NPU accelerator could not be loaded and registered: kLiteRtStatusErrorInvalidArgument.
INFO: [gpu_registry.cc:101] Attempting to load GPU accelerator(libLiteRtGpuAccelerator.so).
INFO: [gpu_registry.cc:101] Attempting to load GPU accelerator(libLiteRtClGlAccelerator.so).
INFO: [gpu_registry.cc:101] Attempting to load GPU accelerator(libLiteRtOpenClAccelerator.so).
INFO: [gpu_registry.cc:101] Attempting to load GPU accelerator(libLiteRtWebGpuAccelerator.so).
INFO: [gpu_registry.cc:101] Attempting to load GPU accelerator(libLiteRtVulkanAccelerator.so).
WARNING: [gpu_registry.cc:131] GPU accelerator could not be loaded and registered.
INFO: [accelerator_registry.cc:54] RegisterAccelerator: ptr=0xb4000072b241c130, name=CpuAccelerator
INFO: [cpu_registry.cc:75] XNNPACK CPU accelerator registered.
INFO: [magic_number_utils.cc:101] Loaded: num_subgraphs=750, num_signatures=3
INFO: [magic_number_utils.cc:109]   signature=prefill_128, subgraph_index=0, num_tensors=1432, num_inputs=60, num_outputs=56, num_ops=994
INFO: [magic_number_utils.cc:109]   signature=prefill_1024, subgraph_index=1, num_tensors=1432, num_inputs=60, num_outputs=56, num_ops=994
INFO: [magic_number_utils.cc:109]   signature=decode, subgraph_index=2, num_tensors=1383, num_inputs=60, num_outputs=57, num_ops=936
INFO: [magic_number_utils.cc:113] Magic number configs: num_configs=1
INFO: [magic_number_utils.cc:120]   config[0]: magic_number=32771, target_number=4096, signature_prefix=null
INFO: [magic_number_utils.cc:536] 474 tensors of signature prefill_128 have been updated for magic number  32771 to target number 4096
INFO: [magic_number_utils.cc:536] 474 tensors of signature prefill_1024 have been updated for magic number  32771 to target number 4096
INFO: [magic_number_utils.cc:536] 482 tensors of signature decode have been updated for magic number  32771 to target number 4096
INFO: [compiled_model.cc:815] Flatbuffer model initialized directly from incoming litert model.
INFO: Initialized TensorFlow Lite runtime.
INFO: [accelerator_registry.cc:43] DestroyAccelerator: ptr=0xb4000072b241c130, name=CpuAccelerator
WARNING: All log messages before absl::InitializeLog() is called are written to STDERR
F0000 00:00:1789589164.012199   32159 litert_lm_main.cc:187] Check failed: MainHelper(argc, argv) is OK (UNKNOWN: ERROR: [runtime/executor/llm_litert_compiled_model_executor_factory.cc:200]
└ ERROR: [runtime/executor/llm_litert_compiled_model_executor.cc:1830]
└ ERROR: [external/litert/litert/cc/litert_compiled_model.h:1895]
=== Source Location Trace: === 
external/litert/litert/cc/litert_macros.h:565
runtime/core/engine_advanced_impl.cc:308
runtime/engine/litert_lm_main.cc:153
) 
*** Check failure stack trace: ***
Aborted 
EXIT_CODE=134
