INFO: Loaded OpenCL library with dlopen.
ENDURANCE_LOAD {"loadSeconds":11.230193853378296,"contextTokens":4096,"turnCap":256,"plannedMinutes":2,"residentAfterLoadMB":1329.33203125}
ENDURANCE_TURN {"turn":1,"promptIndex":0,"startedAtSeconds":1.0967254638671875e-05,"rollover":false,"prefillTokens":33,"prefillTokensPerSecond":79.28987507339569,"decodeTokens":214,"decodeTokensPerSecond":14.696956615065432,"ttftMS":527.9738903045654,"wallSeconds":14.843876838684082,"chunkCount":182,"decodeTokensPerSecondWallClock":12.643282135444222,"kvTokensAfterTurn":247,"residentAfterTurnMB":1359.5,"stopReason":"stop","degenerate":false,"outputHead":"Okay, the user is asking about the biggest engineering constraint for running language models on phones. They want a concise answer in two or three sentences.\n\n"}
ENDURANCE_TURN {"turn":2,"promptIndex":1,"startedAtSeconds":15.002428770065308,"rollover":false,"prefillTokens":33,"prefillTokensPerSecond":2.055763267242347,"decodeTokens":247,"decodeTokensPerSecond":12.190071410955422,"ttftMS":16227.152109146118,"wallSeconds":36.10749101638794,"chunkCount":215,"decodeTokensPerSecondWallClock":10.764404017380514,"kvTokensAfterTurn":308,"residentAfterTurnMB":1856.97265625,"stopReason":"stop","degenerate":true,"outputHead":"We need to answer the user's request: \"Which matters more for the experience you just described: prefill speed or decode speed? Answer briefly and say why.\"\n\nWe"}
ENDURANCE_TURN {"turn":3,"promptIndex":2,"startedAtSeconds":55.005759954452515,"rollover":false,"prefillTokens":24,"prefillTokensPerSecond":1.4759508090870987,"decodeTokens":256,"decodeTokensPerSecond":11.571774401552197,"ttftMS":16427.66785621643,"wallSeconds":38.40724492073059,"chunkCount":225,"decodeTokensPerSecondWallClock":10.191278901432826,"kvTokensAfterTurn":336,"residentAfterTurnMB":2410.5078125,"stopReason":"length","degenerate":false,"outputHead":"We need to respond: The user asks: \"Which matters more for the experience you just described: prefill speed or decode speed? Answer briefly and say why.\"\n\nThen "}
ENDURANCE_TURN {"turn":4,"promptIndex":3,"startedAtSeconds":95.0092179775238,"rollover":false,"prefillTokens":22,"prefillTokensPerSecond":1.7747627806488249,"decodeTokens":256,"decodeTokensPerSecond":12.698446854463251,"ttftMS":12554.97694015503,"wallSeconds":32.57749080657959,"chunkCount":230,"decodeTokensPerSecondWallClock":11.437125304430754,"kvTokensAfterTurn":353,"residentAfterTurnMB":2394.59375,"stopReason":"length","degenerate":false,"outputHead":"Okay, the user wants me to summarize our conversation so far in one short paragraph. Let me recall the previous interactions.\n\nFirst, they asked about the bigge"}
ENDURANCE_SESSION {"status":"completed","turnsCompleted":4,"elapsedSeconds":130.01238489151,"loadSeconds":11.230193853378296,"plannedMinutes":2,"contextTokens":4096,"turnCap":256,"residentFinalMB":2394.59375,"residentPeakMB":4325.4140625}
=== device endurance_err.txt (tail) ===
INFO: [environment.cc:36] Creating LiteRT environment with options
WARNING: [npu_registry.cc:34] NPU accelerator could not be loaded and registered: kLiteRtStatusErrorInvalidArgument.
INFO: [gpu_registry.cc:101] Attempting to load GPU accelerator(libLiteRtGpuAccelerator.so).
INFO: [accelerator_registry.cc:54] RegisterAccelerator: ptr=0xb4000072f9808f30, name=LiteRT GPU
INFO: [gpu_registry.cc:109] Dynamically loaded GPU accelerator(libLiteRtGpuAccelerator.so) registered.
INFO: [accelerator_registry.cc:54] RegisterAccelerator: ptr=0xb4000072f9808ff0, name=CpuAccelerator
INFO: [cpu_registry.cc:75] XNNPACK CPU accelerator registered.
INFO: [environment.cc:36] Creating LiteRT environment with options
WARNING: [npu_registry.cc:34] NPU accelerator could not be loaded and registered: kLiteRtStatusErrorInvalidArgument.
INFO: [gpu_registry.cc:101] Attempting to load GPU accelerator(libLiteRtGpuAccelerator.so).
INFO: [accelerator_registry.cc:54] RegisterAccelerator: ptr=0xb4000072f9809b90, name=LiteRT GPU
INFO: [gpu_registry.cc:109] Dynamically loaded GPU accelerator(libLiteRtGpuAccelerator.so) registered.
INFO: [accelerator_registry.cc:54] RegisterAccelerator: ptr=0xb4000072f980c950, name=CpuAccelerator
INFO: [cpu_registry.cc:75] XNNPACK CPU accelerator registered.
INFO: [compiled_model.cc:815] Flatbuffer model initialized directly from incoming litert model.
INFO: Initialized TensorFlow Lite runtime.
I0000 00:00:1788271490.753488   13540 delegate_opencl.cc:603] options->hint_waiting_for_completion: true
I0000 00:00:1788271490.753535   13540 delegate_opencl.cc:605] options->kernel_batch_size: 4
INFO: [environment.cc:47] Adding options to the existing LiteRT environment
INFO: [gpu_environment.cc:220] Created OpenCL device from provided device id and platform id.
INFO: [gpu_environment.cc:283] Reusing provided EGL environment.
INFO: [gpu_environment.h:155] Created LiteRT GpuEnvironment.
INFO: [environment.cc:47] Adding options to the existing LiteRT environment
VERBOSE: Replacing 1783 out of 1783 node(s) with delegate (LITERT_CL) node, yielding 1 partitions for subgraph 0 (prefill_1024).
I0000 00:00:1788271499.142700   13540 delegate_kernel.cc:325] Total 160 external tensors are used for delegate inputs and outputs
I0000 00:00:1788271499.143055   13540 delegate_kernel.cc:877] Initializing OpenCL-based API from serialized data.
I0000 00:00:1788271499.293334   13540 delegate_kernel.cc:775] Initialized InferenceContext from serialized data.
VERBOSE: Replacing 1783 out of 1783 node(s) with delegate (LITERT_CL) node, yielding 1 partitions for subgraph 1 (prefill_256).
I0000 00:00:1788271499.376876   13540 delegate_kernel.cc:325] Total 160 external tensors are used for delegate inputs and outputs
I0000 00:00:1788271499.376911   13540 delegate_kernel.cc:877] Initializing OpenCL-based API from serialized data.
I0000 00:00:1788271499.470518   13540 delegate_kernel.cc:775] Initialized InferenceContext from serialized data.
VERBOSE: Replacing 1783 out of 1783 node(s) with delegate (LITERT_CL) node, yielding 1 partitions for subgraph 2 (prefill_64).
I0000 00:00:1788271499.526134   13540 delegate_kernel.cc:325] Total 160 external tensors are used for delegate inputs and outputs
I0000 00:00:1788271499.526167   13540 delegate_kernel.cc:877] Initializing OpenCL-based API from serialized data.
I0000 00:00:1788271499.621384   13540 delegate_kernel.cc:775] Initialized InferenceContext from serialized data.
VERBOSE: Replacing 1783 out of 1783 node(s) with delegate (LITERT_CL) node, yielding 1 partitions for subgraph 3 (prefill_16).
I0000 00:00:1788271499.674495   13540 delegate_kernel.cc:325] Total 160 external tensors are used for delegate inputs and outputs
I0000 00:00:1788271499.674521   13540 delegate_kernel.cc:877] Initializing OpenCL-based API from serialized data.
I0000 00:00:1788271499.755311   13540 delegate_kernel.cc:775] Initialized InferenceContext from serialized data.
VERBOSE: Replacing 1783 out of 1783 node(s) with delegate (LITERT_CL) node, yielding 1 partitions for subgraph 4 (prefill_4).
I0000 00:00:1788271499.808562   13540 delegate_kernel.cc:325] Total 160 external tensors are used for delegate inputs and outputs
I0000 00:00:1788271499.808598   13540 delegate_kernel.cc:877] Initializing OpenCL-based API from serialized data.
I0000 00:00:1788271499.890102   13540 delegate_kernel.cc:775] Initialized InferenceContext from serialized data.
VERBOSE: Replacing 1584 out of 1584 node(s) with delegate (LITERT_CL) node, yielding 1 partitions for subgraph 5 (prefill_1).
I0000 00:00:1788271499.949018   13540 delegate_kernel.cc:325] Total 160 external tensors are used for delegate inputs and outputs
I0000 00:00:1788271499.949047   13540 delegate_kernel.cc:877] Initializing OpenCL-based API from serialized data.
I0000 00:00:1788271500.022525   13540 delegate_kernel.cc:775] Initialized InferenceContext from serialized data.
VERBOSE: Replacing 1612 out of 1612 node(s) with delegate (LITERT_CL) node, yielding 1 partitions for subgraph 6 (decode).
I0000 00:00:1788271501.385041   13540 delegate_kernel.cc:325] Total 161 external tensors are used for delegate inputs and outputs
I0000 00:00:1788271501.385099   13540 delegate_kernel.cc:877] Initializing OpenCL-based API from serialized data.
I0000 00:00:1788271501.481196   13540 delegate_kernel.cc:775] Initialized InferenceContext from serialized data.
INFO: [environment.cc:36] Creating LiteRT environment with options
WARNING: [npu_registry.cc:34] NPU accelerator could not be loaded and registered: kLiteRtStatusErrorInvalidArgument.
INFO: [gpu_registry.cc:101] Attempting to load GPU accelerator(libLiteRtGpuAccelerator.so).
INFO: [accelerator_registry.cc:54] RegisterAccelerator: ptr=0xb4000072fabe7eb0, name=LiteRT GPU
INFO: [gpu_registry.cc:109] Dynamically loaded GPU accelerator(libLiteRtGpuAccelerator.so) registered.
INFO: [accelerator_registry.cc:54] RegisterAccelerator: ptr=0xb4000072fabe7790, name=CpuAccelerator
INFO: [cpu_registry.cc:75] XNNPACK CPU accelerator registered.
INFO: [compiled_model.cc:815] Flatbuffer model initialized directly from incoming litert model.
WARNING: [compiled_model.cc:951] You should provide the `DispatchLibraryDir` option to use NPU.
INFO: Created TensorFlow Lite XNNPACK delegate for CPU.
VERBOSE: Replacing 1 out of 4 node(s) with delegate (TfLiteXNNPackDelegate) node, yielding 2 partitions for subgraph 0 (decode_embedder).
VERBOSE: Replacing 1 out of 4 node(s) with delegate (TfLiteXNNPackDelegate) node, yielding 2 partitions for subgraph 1 (prefill_embedder_1024).
