VmRSS:	  284848 kB
VmRSS:	  332524 kB
VmRSS:	  380472 kB
VmRSS:	  427348 kB
VmRSS:	  476744 kB
VmRSS:	  527312 kB
VmRSS:	  578916 kB
VmRSS:	  617140 kB
VmRSS:	  670684 kB
VmRSS:	  722504 kB
VmRSS:	  774916 kB
VmRSS:	  817008 kB
VmRSS:	  859756 kB
VmRSS:	  901136 kB
VmRSS:	  946332 kB
VmRSS:	  977968 kB
VmRSS:	 1019524 kB
VmRSS:	 1039012 kB
VmRSS:	 1054760 kB
VmRSS:	 1068456 kB
VmRSS:	 1094380 kB
VmRSS:	 1129352 kB
VmRSS:	 1152820 kB
VmRSS:	 1179464 kB
VmRSS:	 1197312 kB
VmRSS:	 1229888 kB
VmRSS:	 1257920 kB
VmRSS:	 1283616 kB
VmRSS:	 1296172 kB
VmRSS:	 1313632 kB
VmRSS:	 1333940 kB
VmRSS:	 1354992 kB
VmRSS:	 1373504 kB
VmRSS:	 1389924 kB
VmRSS:	 1409084 kB
VmRSS:	 1427220 kB
VmRSS:	 1444104 kB
VmRSS:	 1462336 kB
VmRSS:	 1484656 kB
VmRSS:	 1505048 kB
VmRSS:	 1521084 kB
VmRSS:	 1541492 kB
VmRSS:	 1914280 kB
VmRSS:	 1942512 kB
VmRSS:	 1978648 kB
VmRSS:	 2044676 kB
VmRSS:	 2121180 kB
VmRSS:	 2182168 kB
VmRSS:	 2234068 kB
VmRSS:	 2435236 kB
VmRSS:	 2517092 kB
VmRSS:	 1529116 kB
VmRSS:	 1055844 kB
===ENGINE_OUTPUT===
INFO: [environment.cc:36] Creating LiteRT environment with options
WARNING: [npu_registry.cc:34] NPU accelerator could not be loaded and registered: kLiteRtStatusErrorInvalidArgument.
INFO: [gpu_registry.cc:101] Attempting to load GPU accelerator(libLiteRtGpuAccelerator.so).
INFO: [accelerator_registry.cc:54] RegisterAccelerator: ptr=0xb4000074c1027fb0, name=LiteRT GPU
INFO: [gpu_registry.cc:109] Dynamically loaded GPU accelerator(libLiteRtGpuAccelerator.so) registered.
INFO: [accelerator_registry.cc:54] RegisterAccelerator: ptr=0xb4000074c1027cb0, name=CpuAccelerator
INFO: [cpu_registry.cc:75] XNNPACK CPU accelerator registered.
INFO: [environment.cc:36] Creating LiteRT environment with options
WARNING: [npu_registry.cc:34] NPU accelerator could not be loaded and registered: kLiteRtStatusErrorInvalidArgument.
INFO: [gpu_registry.cc:101] Attempting to load GPU accelerator(libLiteRtGpuAccelerator.so).
INFO: [accelerator_registry.cc:54] RegisterAccelerator: ptr=0xb4000074c10293f0, name=LiteRT GPU
INFO: [gpu_registry.cc:109] Dynamically loaded GPU accelerator(libLiteRtGpuAccelerator.so) registered.
INFO: [accelerator_registry.cc:54] RegisterAccelerator: ptr=0xb4000074c1028490, name=CpuAccelerator
INFO: [cpu_registry.cc:75] XNNPACK CPU accelerator registered.
INFO: [compiled_model.cc:815] Flatbuffer model initialized directly from incoming litert model.
INFO: Initialized TensorFlow Lite runtime.
I0000 00:00:1789129007.660651   22637 delegate_opencl.cc:603] options->hint_waiting_for_completion: true
I0000 00:00:1789129007.661883   22637 delegate_opencl.cc:605] options->kernel_batch_size: 4
INFO: [environment.cc:47] Adding options to the existing LiteRT environment
INFO: Loaded OpenCL library with dlopen.
INFO: [gpu_environment.cc:220] Created OpenCL device from provided device id and platform id.
INFO: [gpu_environment.cc:283] Reusing provided EGL environment.
INFO: [gpu_environment.h:155] Created LiteRT GpuEnvironment.
INFO: [environment.cc:47] Adding options to the existing LiteRT environment
VERBOSE: Replacing 1873 out of 1873 node(s) with delegate (LITERT_CL) node, yielding 1 partitions for subgraph 0 (prefill_1024).
W0000 00:00:1789129008.002312   22637 gpu_model_builder.cc:4299] Weights preparation on Gpu is disabled for PowerVR, Broadcom, Mali GPUs and non-OpenCL/WebGPU/Metal backends.
I0000 00:00:1789129032.073684   22637 delegate_kernel.cc:325] Total 168 external tensors are used for delegate inputs and outputs
I0000 00:00:1789129032.073856   22637 delegate_kernel.cc:877] Initializing OpenCL-based API from serialized data.
VERBOSE: Replacing 1873 out of 1873 node(s) with delegate (LITERT_CL) node, yielding 1 partitions for subgraph 1 (prefill_256).
I0000 00:00:1789129033.545681   22637 delegate_kernel.cc:325] Total 168 external tensors are used for delegate inputs and outputs
I0000 00:00:1789129033.545759   22637 delegate_kernel.cc:877] Initializing OpenCL-based API from serialized data.
VERBOSE: Replacing 1873 out of 1873 node(s) with delegate (LITERT_CL) node, yielding 1 partitions for subgraph 2 (prefill_64).
I0000 00:00:1789129033.978931   22637 delegate_kernel.cc:325] Total 168 external tensors are used for delegate inputs and outputs
I0000 00:00:1789129033.978998   22637 delegate_kernel.cc:877] Initializing OpenCL-based API from serialized data.
VERBOSE: Replacing 1873 out of 1873 node(s) with delegate (LITERT_CL) node, yielding 1 partitions for subgraph 3 (prefill_16).
I0000 00:00:1789129034.469200   22637 delegate_kernel.cc:325] Total 168 external tensors are used for delegate inputs and outputs
I0000 00:00:1789129034.469309   22637 delegate_kernel.cc:877] Initializing OpenCL-based API from serialized data.
VERBOSE: Replacing 1873 out of 1873 node(s) with delegate (LITERT_CL) node, yielding 1 partitions for subgraph 4 (prefill_4).
I0000 00:00:1789129035.034466   22637 delegate_kernel.cc:325] Total 168 external tensors are used for delegate inputs and outputs
I0000 00:00:1789129035.034557   22637 delegate_kernel.cc:877] Initializing OpenCL-based API from serialized data.
VERBOSE: Replacing 1664 out of 1664 node(s) with delegate (LITERT_CL) node, yielding 1 partitions for subgraph 5 (prefill_1).
I0000 00:00:1789129035.659200   22637 delegate_kernel.cc:325] Total 168 external tensors are used for delegate inputs and outputs
I0000 00:00:1789129035.659277   22637 delegate_kernel.cc:877] Initializing OpenCL-based API from serialized data.
VERBOSE: Replacing 1692 out of 1692 node(s) with delegate (LITERT_CL) node, yielding 1 partitions for subgraph 6 (decode).
E0000 00:00:1789129037.270716   22637 delegate_opencl.cc:340] Failed to create litert::ml_drift::DelegateKernelLiteRt: INTERNAL: MLDrift weight cache: cannot append buffer to cache file
=== Source Location Trace: ===
third_party/odml/litert/ml_drift/delegate/serialization_weight_cache/cache_builder.cc:327
third_party/odml/litert/ml_drift/delegate/serialization_weight_cache/serialization_weight_cache.cc:442
third_party/odml/litert/ml_drift/delegate/shared_memory_manager/shared_memory_manager.cc:527
third_party/odml/litert/ml_drift/delegate/shared_memory_manager/shared_memory_manager.cc:659
third_party/odml/litert/ml_drift/delegate/shared_memory_manager/shared_memory_manager.cc:1029
third_party/odml/litert/ml_drift/delegate/shared_memory_manager/shared_memory_manager.cc:1525
third_party/odml/litert/ml_drift/delegate/delegate_kernel.cc:451
third_party/odml/litert/ml_drift/delegate/delegate_kernel.cc:318
third_party/odml/litert/ml_drift/delegate/delegate_kernel_litert.cc:144
ERROR: Failed to initialize kernel.
ERROR: Restored original execution plan after delegate application failure.
INFO: [accelerator_registry.cc:43] DestroyAccelerator: ptr=0xb4000074c1028490, name=CpuAccelerator
INFO: [accelerator_registry.cc:43] DestroyAccelerator: ptr=0xb4000074c10293f0, name=LiteRT GPU
WARNING: All log messages before absl::InitializeLog() is called are written to STDERR
F0000 00:00:1789129037.670649   22637 litert_lm_main.cc:187] Check failed: MainHelper(argc, argv) is OK (UNKNOWN: ERROR: [runtime/executor/llm_litert_compiled_model_executor_factory.cc:200]
└ ERROR: [runtime/executor/llm_litert_compiled_model_executor.cc:1830]
└ ERROR: [external/litert/litert/cc/litert_compiled_model.h:1895]
=== Source Location Trace: ===
external/litert/litert/cc/litert_macros.h:565
runtime/core/engine_advanced_impl.cc:308
runtime/engine/litert_lm_main.cc:153
) 
*** Check failure stack trace: ***
Aborted 
EXIT_CODE=134
