CPUPOLICY policy0 1704000 0 1 2 3
CPUPOLICY policy4 2367000 4 5 6 7
CPUPOLICY policy8 2914000 8
CPUMAX 1704000 2367000 2914000
VmHWM:	 1882496 kB
VmRSS:	 1882496 kB
Cpus_allowed_list:	4-7
VmHWM:	 2140972 kB
VmRSS:	 2140972 kB
Cpus_allowed_list:	4-7
VmHWM:	 2322380 kB
VmRSS:	 2322380 kB
Cpus_allowed_list:	4-7
VmHWM:	 2455012 kB
VmRSS:	 2449640 kB
Cpus_allowed_list:	4-7
VmHWM:	 2604624 kB
VmRSS:	 2604624 kB
Cpus_allowed_list:	4-7
VmHWM:	 2956900 kB
VmRSS:	 2956900 kB
Cpus_allowed_list:	4-7
VmHWM:	 3020260 kB
VmRSS:	 2758860 kB
Cpus_allowed_list:	4-7
VmHWM:	 3020260 kB
VmRSS:	 2877204 kB
Cpus_allowed_list:	4-7
VmHWM:	 3020260 kB
VmRSS:	 2932372 kB
Cpus_allowed_list:	4-7
VmHWM:	 3020260 kB
VmRSS:	 2792588 kB
Cpus_allowed_list:	4-7
VmHWM:	 3020260 kB
VmRSS:	 2897600 kB
Cpus_allowed_list:	4-7
VmHWM:	 3020260 kB
VmRSS:	 2898288 kB
Cpus_allowed_list:	4-7
VmHWM:	 3020260 kB
VmRSS:	 2899088 kB
Cpus_allowed_list:	4-7
VmHWM:	 3020260 kB
VmRSS:	 2900068 kB
Cpus_allowed_list:	4-7
VmHWM:	 3020260 kB
VmRSS:	 2901380 kB
Cpus_allowed_list:	4-7
VmHWM:	 3020260 kB
VmRSS:	 2902000 kB
Cpus_allowed_list:	4-7
VmHWM:	 3020260 kB
VmRSS:	 2902540 kB
Cpus_allowed_list:	4-7
VmHWM:	 3020260 kB
VmRSS:	 2902848 kB
Cpus_allowed_list:	4-7
VmHWM:	 3020260 kB
VmRSS:	 2903464 kB
Cpus_allowed_list:	4-7
VmHWM:	 3020260 kB
VmRSS:	 2904088 kB
Cpus_allowed_list:	4-7
VmHWM:	 3020260 kB
VmRSS:	 2904964 kB
Cpus_allowed_list:	4-7
VmHWM:	 3020260 kB
VmRSS:	 2905528 kB
Cpus_allowed_list:	4-7
VmHWM:	 3020260 kB
VmRSS:	 2906092 kB
Cpus_allowed_list:	4-7
VmHWM:	 3020260 kB
VmRSS:	 2906960 kB
Cpus_allowed_list:	4-7
VmHWM:	 3020260 kB
VmRSS:	 2907220 kB
Cpus_allowed_list:	4-7
VmHWM:	 3020260 kB
VmRSS:	 2907744 kB
Cpus_allowed_list:	4-7
VmHWM:	 3020260 kB
VmRSS:	 2908112 kB
Cpus_allowed_list:	4-7
VmHWM:	 3020260 kB
VmRSS:	 2908428 kB
Cpus_allowed_list:	4-7
VmHWM:	 3020260 kB
VmRSS:	 2909252 kB
Cpus_allowed_list:	4-7
VmHWM:	 3020260 kB
VmRSS:	 2909500 kB
Cpus_allowed_list:	4-7
===ENGINE_OUTPUT===
Imagine a smartphone, a smart camera, or even a security sensor. These devices can now "think" or learn on their own, right there, without needing to constantly send data to a big, powerful computer in the cloud.

**On-device AI is like putting a small, smart brain directly onto a device to perform tasks.**

Here's a breakdown using simple analogies:

---

### 1. The Traditional Way (Cloud AI)

Think of this like asking a very smart expert (a huge server in the cloud) to solve a problem:

* **You take a picture of a dog.**
*
EXIT_CODE=0

===ENGINE_STDERR===
I tokenizers:regex.cpp:40] Registering override fallback regex
I 00:00:00.009747 executorch:cpuinfo_utils.cpp:71] Reading file /sys/devices/soc0/image_version
I 00:00:00.009922 executorch:cpuinfo_utils.cpp:87] Failed to open midr file /sys/devices/soc0/image_version
I 00:00:00.009981 executorch:cpuinfo_utils.cpp:100] Reading file /sys/devices/system/cpu/cpu0/regs/identification/midr_el1
I 00:00:00.010190 executorch:cpuinfo_utils.cpp:100] Reading file /sys/devices/system/cpu/cpu1/regs/identification/midr_el1
I 00:00:00.010319 executorch:cpuinfo_utils.cpp:100] Reading file /sys/devices/system/cpu/cpu2/regs/identification/midr_el1
I 00:00:00.010450 executorch:cpuinfo_utils.cpp:100] Reading file /sys/devices/system/cpu/cpu3/regs/identification/midr_el1
I 00:00:00.010563 executorch:cpuinfo_utils.cpp:100] Reading file /sys/devices/system/cpu/cpu4/regs/identification/midr_el1
I 00:00:00.010686 executorch:cpuinfo_utils.cpp:100] Reading file /sys/devices/system/cpu/cpu5/regs/identification/midr_el1
I 00:00:00.010861 executorch:cpuinfo_utils.cpp:100] Reading file /sys/devices/system/cpu/cpu6/regs/identification/midr_el1
I 00:00:00.010965 executorch:cpuinfo_utils.cpp:100] Reading file /sys/devices/system/cpu/cpu7/regs/identification/midr_el1
I 00:00:00.011083 executorch:cpuinfo_utils.cpp:100] Reading file /sys/devices/system/cpu/cpu8/regs/identification/midr_el1
I 00:00:00.011360 executorch:e2e_runner.cpp:62] Setting threadpool to 9 threads
I 00:00:00.011391 executorch:cpuinfo_utils.cpp:71] Reading file /sys/devices/soc0/image_version
I 00:00:00.011427 executorch:cpuinfo_utils.cpp:87] Failed to open midr file /sys/devices/soc0/image_version
I 00:00:00.014077 executorch:threadpool.cpp:66] Resetting threadpool to 9 threads.
I 00:00:00.014489 executorch:gemma4_runner.cpp:64] Loading model: /data/local/tmp/llmbench/models/own-export_gemma-4-E2B-it-ET1.5.1-xnnpack-8da4w-emb8-ctx2048_gemma-4-E2B-it-ET1.5.1-xnnpack-8da4w-emb8-ctx2048.pte
I 00:00:04.106573 executorch:gemma4_runner.cpp:73] Loading tokenizer: /data/local/tmp/llmbench/models/own-export_gemma-4-E2B-it-ET1.5.1-xnnpack-8da4w-emb8-ctx2048_gemma-4-E2B-it-ET1.5.1-xnnpack-8da4w-emb8-ctx2048.tokenizer.json
I 00:00:06.162292 executorch:llm_runner_helper.cpp:55] Loaded json tokenizer
I 00:00:06.162373 executorch:gemma4_runner.cpp:93] Auto-detected embeds dtype: 6, hidden_size: 1536
I 00:00:06.162381 executorch:gemma4_runner.cpp:98] Model loaded successfully
=== Gemma 4 Performance Report ===
  Model load:        6.15 s
  Prefill:           457.3 ms (20 tokens, 44 tok/s)
  Generation:        11.55 s (128 tokens, 11 tok/s)
  TTFT:              457.3 ms
  Total:             12.00 s
  Memory (load):     2725 MB
  Memory (peak):     2841 MB
