CPUPOLICY policy0 1704000 0 1 2 3
CPUPOLICY policy4 2367000 4 5 6 7
CPUPOLICY policy8 2914000 8
CPUMAX 1704000 2367000 2914000
VmHWM:	 1840632 kB
VmRSS:	 1840484 kB
Cpus_allowed_list:	4-7
VmHWM:	 2087888 kB
VmRSS:	 2071356 kB
Cpus_allowed_list:	4-7
VmHWM:	 2289048 kB
VmRSS:	 2286176 kB
Cpus_allowed_list:	4-7
VmHWM:	 2495404 kB
VmRSS:	 2495404 kB
Cpus_allowed_list:	4-7
VmHWM:	 2886484 kB
VmRSS:	 2886484 kB
Cpus_allowed_list:	4-7
VmHWM:	 3017428 kB
VmRSS:	 2847600 kB
Cpus_allowed_list:	4-7
VmHWM:	 3017428 kB
VmRSS:	 2933000 kB
Cpus_allowed_list:	4-7
VmHWM:	 3030512 kB
VmRSS:	 3030512 kB
Cpus_allowed_list:	4-7
VmHWM:	 3050624 kB
VmRSS:	 2987784 kB
Cpus_allowed_list:	4-7
VmHWM:	 3088204 kB
VmRSS:	 2998836 kB
Cpus_allowed_list:	4-7
VmHWM:	 3088204 kB
VmRSS:	 2999848 kB
Cpus_allowed_list:	4-7
VmHWM:	 3088204 kB
VmRSS:	 3000476 kB
Cpus_allowed_list:	4-7
VmHWM:	 3088204 kB
VmRSS:	 3001292 kB
Cpus_allowed_list:	4-7
VmHWM:	 3088204 kB
VmRSS:	 3002016 kB
Cpus_allowed_list:	4-7
VmHWM:	 3088204 kB
VmRSS:	 3002524 kB
Cpus_allowed_list:	4-7
VmHWM:	 3088204 kB
VmRSS:	 3003180 kB
Cpus_allowed_list:	4-7
VmHWM:	 3088204 kB
VmRSS:	 3003808 kB
Cpus_allowed_list:	4-7
VmHWM:	 3088204 kB
VmRSS:	 3004308 kB
Cpus_allowed_list:	4-7
VmHWM:	 3088204 kB
VmRSS:	 3004636 kB
Cpus_allowed_list:	4-7
VmHWM:	 3088204 kB
VmRSS:	 3005188 kB
Cpus_allowed_list:	4-7
VmHWM:	 3088204 kB
VmRSS:	 3005868 kB
Cpus_allowed_list:	4-7
VmHWM:	 3088204 kB
VmRSS:	 3006656 kB
Cpus_allowed_list:	4-7
VmHWM:	 3088204 kB
VmRSS:	 3007156 kB
Cpus_allowed_list:	4-7
VmHWM:	 3088204 kB
VmRSS:	 3007596 kB
Cpus_allowed_list:	4-7
VmHWM:	 3088204 kB
VmRSS:	 3008320 kB
Cpus_allowed_list:	4-7
VmHWM:	 3088204 kB
VmRSS:	 3008568 kB
Cpus_allowed_list:	4-7
VmHWM:	 3088204 kB
VmRSS:	 3008896 kB
Cpus_allowed_list:	4-7
VmHWM:	 3088204 kB
VmRSS:	 3009464 kB
Cpus_allowed_list:	4-7
VmHWM:	 3088204 kB
VmRSS:	 3009580 kB
Cpus_allowed_list:	4-7
VmHWM:	 3088204 kB
VmRSS:	 3010248 kB
Cpus_allowed_list:	4-7
VmHWM:	 3088204 kB
VmRSS:	 3010812 kB
Cpus_allowed_list:	4-7
VmHWM:	 3088204 kB
VmRSS:	 3010936 kB
Cpus_allowed_list:	4-7
===ENGINE_OUTPUT===
Imagine a smartphone, a smart camera, or even a security sensor. These devices can now "think" or learn on their own, right there, without needing to constantly send data to a big, powerful computer in the cloud.

**On-device AI is like putting a small, smart brain directly onto a device to perform tasks.**

Here's a breakdown using simple analogies:

---

### 1. The Traditional Way (Cloud AI)

Think of this like asking a very smart expert (a huge server in the cloud) to solve a problem:

* **You take a picture of a dog.**
*
EXIT_CODE=0

===ENGINE_STDERR===
I tokenizers:regex.cpp:40] Registering override fallback regex
I 00:00:00.009768 executorch:cpuinfo_utils.cpp:71] Reading file /sys/devices/soc0/image_version
I 00:00:00.009961 executorch:cpuinfo_utils.cpp:87] Failed to open midr file /sys/devices/soc0/image_version
I 00:00:00.010005 executorch:cpuinfo_utils.cpp:100] Reading file /sys/devices/system/cpu/cpu0/regs/identification/midr_el1
I 00:00:00.010139 executorch:cpuinfo_utils.cpp:100] Reading file /sys/devices/system/cpu/cpu1/regs/identification/midr_el1
I 00:00:00.010224 executorch:cpuinfo_utils.cpp:100] Reading file /sys/devices/system/cpu/cpu2/regs/identification/midr_el1
I 00:00:00.010317 executorch:cpuinfo_utils.cpp:100] Reading file /sys/devices/system/cpu/cpu3/regs/identification/midr_el1
I 00:00:00.010423 executorch:cpuinfo_utils.cpp:100] Reading file /sys/devices/system/cpu/cpu4/regs/identification/midr_el1
I 00:00:00.010490 executorch:cpuinfo_utils.cpp:100] Reading file /sys/devices/system/cpu/cpu5/regs/identification/midr_el1
I 00:00:00.010592 executorch:cpuinfo_utils.cpp:100] Reading file /sys/devices/system/cpu/cpu6/regs/identification/midr_el1
I 00:00:00.010692 executorch:cpuinfo_utils.cpp:100] Reading file /sys/devices/system/cpu/cpu7/regs/identification/midr_el1
I 00:00:00.010788 executorch:cpuinfo_utils.cpp:100] Reading file /sys/devices/system/cpu/cpu8/regs/identification/midr_el1
I 00:00:00.010875 executorch:e2e_runner.cpp:62] Setting threadpool to 9 threads
I 00:00:00.010891 executorch:cpuinfo_utils.cpp:71] Reading file /sys/devices/soc0/image_version
I 00:00:00.010920 executorch:cpuinfo_utils.cpp:87] Failed to open midr file /sys/devices/soc0/image_version
I 00:00:00.014416 executorch:threadpool.cpp:66] Resetting threadpool to 9 threads.
I 00:00:00.014797 executorch:gemma4_runner.cpp:64] Loading model: /data/local/tmp/llmbench/models/own-export_gemma-4-E2B-it-ET1.5.1-xnnpack-8da4w-emb8-ctx2048_gemma-4-E2B-it-ET1.5.1-xnnpack-8da4w-emb8-ctx2048.pte
I 00:00:03.505781 executorch:gemma4_runner.cpp:73] Loading tokenizer: /data/local/tmp/llmbench/models/own-export_gemma-4-E2B-it-ET1.5.1-xnnpack-8da4w-emb8-ctx2048_gemma-4-E2B-it-ET1.5.1-xnnpack-8da4w-emb8-ctx2048.tokenizer.json
I 00:00:05.466019 executorch:llm_runner_helper.cpp:55] Loaded json tokenizer
I 00:00:05.466083 executorch:gemma4_runner.cpp:93] Auto-detected embeds dtype: 6, hidden_size: 1536
I 00:00:05.466089 executorch:gemma4_runner.cpp:98] Model loaded successfully
=== Gemma 4 Performance Report ===
  Model load:        5.45 s
  Prefill:           500.0 ms (20 tokens, 40 tok/s)
  Generation:        12.90 s (128 tokens, 10 tok/s)
  TTFT:              500.0 ms
  Total:             13.40 s
  Memory (load):     2828 MB
  Memory (peak):     2940 MB
