CPUPOLICY policy0 1704000 0 1 2 3
CPUPOLICY policy4 2367000 4 5 6 7
CPUPOLICY policy8 2914000 8
CPUMAX 1704000 2367000 2914000
VmHWM:	 1786364 kB
VmRSS:	 1786364 kB
Cpus_allowed_list:	4-7
VmHWM:	 1933060 kB
VmRSS:	 1933060 kB
Cpus_allowed_list:	4-7
VmHWM:	 2067172 kB
VmRSS:	 2067172 kB
Cpus_allowed_list:	4-7
VmHWM:	 2198860 kB
VmRSS:	 2198860 kB
Cpus_allowed_list:	4-7
VmHWM:	 2418976 kB
VmRSS:	 2412248 kB
Cpus_allowed_list:	4-7
VmHWM:	 2621632 kB
VmRSS:	 2613368 kB
Cpus_allowed_list:	4-7
VmHWM:	 3017796 kB
VmRSS:	 2820440 kB
Cpus_allowed_list:	4-7
VmHWM:	 3017796 kB
VmRSS:	 2880664 kB
Cpus_allowed_list:	4-7
VmHWM:	 3028748 kB
VmRSS:	 3020036 kB
Cpus_allowed_list:	4-7
VmHWM:	 3049604 kB
VmRSS:	 3049604 kB
Cpus_allowed_list:	4-7
VmHWM:	 3087356 kB
VmRSS:	 2997540 kB
Cpus_allowed_list:	4-7
VmHWM:	 3087356 kB
VmRSS:	 2998540 kB
Cpus_allowed_list:	4-7
VmHWM:	 3087356 kB
VmRSS:	 2999216 kB
Cpus_allowed_list:	4-7
VmHWM:	 3087356 kB
VmRSS:	 3000264 kB
Cpus_allowed_list:	4-7
VmHWM:	 3087356 kB
VmRSS:	 3000896 kB
Cpus_allowed_list:	4-7
VmHWM:	 3087356 kB
VmRSS:	 3002056 kB
Cpus_allowed_list:	4-7
VmHWM:	 3087356 kB
VmRSS:	 3002752 kB
Cpus_allowed_list:	4-7
VmHWM:	 3087356 kB
VmRSS:	 3003300 kB
Cpus_allowed_list:	4-7
VmHWM:	 3087356 kB
VmRSS:	 3003808 kB
Cpus_allowed_list:	4-7
VmHWM:	 3087356 kB
VmRSS:	 3004432 kB
Cpus_allowed_list:	4-7
VmHWM:	 3087356 kB
VmRSS:	 3005116 kB
Cpus_allowed_list:	4-7
VmHWM:	 3087356 kB
VmRSS:	 3006180 kB
Cpus_allowed_list:	4-7
VmHWM:	 3087356 kB
VmRSS:	 3006732 kB
Cpus_allowed_list:	4-7
VmHWM:	 3087356 kB
VmRSS:	 3007404 kB
Cpus_allowed_list:	4-7
VmHWM:	 3087356 kB
VmRSS:	 3007928 kB
Cpus_allowed_list:	4-7
VmHWM:	 3087356 kB
VmRSS:	 3008248 kB
Cpus_allowed_list:	4-7
VmHWM:	 3087356 kB
VmRSS:	 3008804 kB
Cpus_allowed_list:	4-7
VmHWM:	 3087356 kB
VmRSS:	 3009044 kB
Cpus_allowed_list:	4-7
VmHWM:	 3087356 kB
VmRSS:	 3009352 kB
Cpus_allowed_list:	4-7
VmHWM:	 3087356 kB
VmRSS:	 3009844 kB
Cpus_allowed_list:	4-7
VmHWM:	 3087356 kB
VmRSS:	  948996 kB
Cpus_allowed_list:	4-7
===ENGINE_OUTPUT===
Imagine a smartphone, a smart camera, or even a security sensor. These devices can now "think" or learn on their own, right there, without needing to constantly send data to a big, powerful computer in the cloud.

**On-device AI is like putting a small, smart brain directly onto a device to perform tasks.**

Here's a breakdown using simple analogies:

---

### 1. The Traditional Way (Cloud AI)

Think of this like asking a very smart expert (a huge server in the cloud) to solve a problem:

* **You take a picture of a dog.**
*
EXIT_CODE=0

===ENGINE_STDERR===
I tokenizers:regex.cpp:40] Registering override fallback regex
I 00:00:00.008496 executorch:cpuinfo_utils.cpp:71] Reading file /sys/devices/soc0/image_version
I 00:00:00.008646 executorch:cpuinfo_utils.cpp:87] Failed to open midr file /sys/devices/soc0/image_version
I 00:00:00.008692 executorch:cpuinfo_utils.cpp:100] Reading file /sys/devices/system/cpu/cpu0/regs/identification/midr_el1
I 00:00:00.008865 executorch:cpuinfo_utils.cpp:100] Reading file /sys/devices/system/cpu/cpu1/regs/identification/midr_el1
I 00:00:00.008984 executorch:cpuinfo_utils.cpp:100] Reading file /sys/devices/system/cpu/cpu2/regs/identification/midr_el1
I 00:00:00.009082 executorch:cpuinfo_utils.cpp:100] Reading file /sys/devices/system/cpu/cpu3/regs/identification/midr_el1
I 00:00:00.009180 executorch:cpuinfo_utils.cpp:100] Reading file /sys/devices/system/cpu/cpu4/regs/identification/midr_el1
I 00:00:00.009282 executorch:cpuinfo_utils.cpp:100] Reading file /sys/devices/system/cpu/cpu5/regs/identification/midr_el1
I 00:00:00.009377 executorch:cpuinfo_utils.cpp:100] Reading file /sys/devices/system/cpu/cpu6/regs/identification/midr_el1
I 00:00:00.009460 executorch:cpuinfo_utils.cpp:100] Reading file /sys/devices/system/cpu/cpu7/regs/identification/midr_el1
I 00:00:00.009570 executorch:cpuinfo_utils.cpp:100] Reading file /sys/devices/system/cpu/cpu8/regs/identification/midr_el1
I 00:00:00.009675 executorch:e2e_runner.cpp:62] Setting threadpool to 9 threads
I 00:00:00.009731 executorch:cpuinfo_utils.cpp:71] Reading file /sys/devices/soc0/image_version
I 00:00:00.009752 executorch:cpuinfo_utils.cpp:87] Failed to open midr file /sys/devices/soc0/image_version
I 00:00:00.011970 executorch:threadpool.cpp:66] Resetting threadpool to 9 threads.
I 00:00:00.012400 executorch:gemma4_runner.cpp:64] Loading model: /data/local/tmp/llmbench/models/own-export_gemma-4-E2B-it-ET1.5.1-xnnpack-8da4w-emb8-ctx2048_gemma-4-E2B-it-ET1.5.1-xnnpack-8da4w-emb8-ctx2048.pte
I 00:00:04.383846 executorch:gemma4_runner.cpp:73] Loading tokenizer: /data/local/tmp/llmbench/models/own-export_gemma-4-E2B-it-ET1.5.1-xnnpack-8da4w-emb8-ctx2048_gemma-4-E2B-it-ET1.5.1-xnnpack-8da4w-emb8-ctx2048.tokenizer.json
I 00:00:06.279858 executorch:llm_runner_helper.cpp:55] Loaded json tokenizer
I 00:00:06.279943 executorch:gemma4_runner.cpp:93] Auto-detected embeds dtype: 6, hidden_size: 1536
I 00:00:06.279949 executorch:gemma4_runner.cpp:98] Model loaded successfully
=== Gemma 4 Performance Report ===
  Model load:        6.27 s
  Prefill:           357.9 ms (20 tokens, 56 tok/s)
  Generation:        11.49 s (128 tokens, 11 tok/s)
  TTFT:              357.9 ms
  Total:             11.85 s
  Memory (load):     2828 MB
  Memory (peak):     2939 MB
