INFO: [environment.cc:36] Creating LiteRT environment with options
WARNING: [npu_registry.cc:34] NPU accelerator could not be loaded and registered: kLiteRtStatusErrorInvalidArgument.
INFO: [gpu_registry.cc:101] Attempting to load GPU accelerator(/data/local/tmp/litert10300/libLiteRtGpuAccelerator.so).
INFO: [gpu_registry.cc:101] Attempting to load GPU accelerator(/data/local/tmp/litert10300/libLiteRtClGlAccelerator.so).
INFO: [accelerator_registry.cc:54] RegisterAccelerator: ptr=0xb40000736bc04e50, name=LiteRT GPU
INFO: [gpu_registry.cc:109] Dynamically loaded GPU accelerator(libLiteRtClGlAccelerator.so) registered.
INFO: [accelerator_registry.cc:54] RegisterAccelerator: ptr=0xb40000736bc048b0, name=CpuAccelerator
INFO: [cpu_registry.cc:75] XNNPACK CPU accelerator registered.
INFO: [compiled_model.cc:833] Flatbuffer model initialized directly from incoming litert model.
INFO: Initialized TensorFlow Lite runtime.
I0000 00:00:1790636519.936420   29338 delegate_opencl.cc:603] options->hint_waiting_for_completion: false
I0000 00:00:1790636519.936530   29338 delegate_opencl.cc:605] options->kernel_batch_size: -1
INFO: [environment.cc:47] Adding options to the existing LiteRT environment
INFO: [gpu_environment.cc:220] Created OpenCL device from provided device id and platform id.
INFO: [gpu_environment.cc:283] Reusing provided EGL environment.
INFO: [gpu_environment.h:155] Created LiteRT GpuEnvironment.
INFO: [environment.cc:47] Adding options to the existing LiteRT environment
VERBOSE: Replacing 2278 out of 2278 node(s) with delegate (LITERT_CL) node, yielding 1 partitions for subgraph 0 (main).
I0000 00:00:1790636519.971136   29338 delegate_kernel.cc:911] Initializing OpenCL-based API from graph.
Segmentation fault 
