START parakeet-tdt-0.6b-v3-clean-cpu 12:03:33 therm=[Note: No thermal warning level has been recorded Note: No performance warning level has been recorded Note: No CPU power status has been recorded ] load=[17.88 42.01 39.06]
END parakeet-tdt-0.6b-v3-clean-cpu rc=0 attempts=1 12:12:44 {"type":"footer","utterances":2620,"failures":0,"total_audio_seconds":19452.5,"total_processing_seconds":540.346,"total_session_create_seconds":0.163616,"rtfx_processing":36,"rtfx_processing_plus_create":35.9891,"peak_rs
START parakeet-tdt-0.6b-v3-other-cpu 12:12:44 therm=[Note: No thermal warning level has been recorded Note: No performance warning level has been recorded Note: No CPU power status has been recorded ] load=[9.19 14.57 24.93]
HANG parakeet-tdt-0.6b-v3-other-cpu on 3764-168670-0046 (killing pid 99011, resume after it)
HANG parakeet-tdt-0.6b-v3-other-cpu on 4198-12259-0032 (killing pid 3215, resume after it)
SKIP parakeet-tdt-0.6b-v3-clean-cpu (done)
START parakeet-tdt-0.6b-v3-other-cpu 12:24:39 therm=[Note: No thermal warning level has been recorded Note: No performance warning level has been recorded Note: No CPU power status has been recorded ] load=[9.99 10.94 16.81]
HANG parakeet-tdt-0.6b-v3-other-cpu on 3764-168670-0046 (killing pid 7426, resume after it)
HANG parakeet-tdt-0.6b-v3-other-cpu on 4198-12259-0032 (killing pid 12043, resume after it)
END parakeet-tdt-0.6b-v3-other-cpu rc=0 attempts=3 12:36:24 {"type":"footer","utterances":2588,"failures":0,"total_audio_seconds":13603.7,"total_processing_seconds":358.769,"total_session_create_seconds":0.131341,"rtfx_processing":37.9176,"rtfx_processing_plus_create":37.9037,"pe
START whisper-tiny-clean-cpu 12:36:24 therm=[Note: No thermal warning level has been recorded Note: No performance warning level has been recorded Note: No CPU power status has been recorded ] load=[7.65 9.53 13.78]
END whisper-tiny-clean-cpu rc=0 attempts=1 12:52:15 {"type":"footer","utterances":2620,"failures":0,"total_audio_seconds":19452.5,"total_processing_seconds":946.428,"total_session_create_seconds":0.0594963,"rtfx_processing":20.5536,"rtfx_processing_plus_create":20.5523,"p
START whisper-tiny-other-cpu 12:52:15 therm=[Note: No thermal warning level has been recorded Note: No performance warning level has been recorded Note: No CPU power status has been recorded ] load=[8.27 8.29 10.02]
END whisper-tiny-other-cpu rc=0 attempts=1 13:08:47 {"type":"footer","utterances":2939,"failures":0,"total_audio_seconds":19229.6,"total_processing_seconds":985.517,"total_session_create_seconds":0.0736771,"rtfx_processing":19.5122,"rtfx_processing_plus_create":19.5107,"p
START parakeet-tdt-0.6b-v3-clean-gpu 13:08:47 therm=[Note: No thermal warning level has been recorded Note: No performance warning level has been recorded Note: No CPU power status has been recorded ] load=[8.87 9.27 9.39]
HANG parakeet-tdt-0.6b-v3-clean-gpu on 7176-92135-0025 (killing pid 39593, resume after it)
END parakeet-tdt-0.6b-v3-clean-gpu rc=0 attempts=2 13:15:29 {"type":"footer","utterances":2415,"failures":0,"total_audio_seconds":15277.5,"total_processing_seconds":246.439,"total_session_create_seconds":0.617012,"rtfx_processing":61.9928,"rtfx_processing_plus_create":61.838,"pea
START parakeet-tdt-0.6b-v3-other-gpu 13:15:29 therm=[Note: No thermal warning level has been recorded Note: No performance warning level has been recorded Note: No CPU power status has been recorded ] load=[7.67 8.78 9.21]
HANG parakeet-tdt-0.6b-v3-other-gpu on 4198-12259-0032 (killing pid 45589, resume after it)
END parakeet-tdt-0.6b-v3-other-gpu rc=0 attempts=2 13:22:02 {"type":"footer","utterances":2588,"failures":0,"total_audio_seconds":13603.7,"total_processing_seconds":207.761,"total_session_create_seconds":0.561395,"rtfx_processing":65.4774,"rtfx_processing_plus_create":65.3009,"pe
START whisper-tiny-clean-gpu 13:22:02 therm=[Note: No thermal warning level has been recorded Note: No performance warning level has been recorded Note: No CPU power status has been recorded ] load=[6.07 6.97 8.15]
END whisper-tiny-clean-gpu rc=0 attempts=1 13:28:52 {"type":"footer","utterances":2620,"failures":0,"total_audio_seconds":19452.5,"total_processing_seconds":397.129,"total_session_create_seconds":0.396036,"rtfx_processing":48.9828,"rtfx_processing_plus_create":48.934,"pea
START whisper-tiny-other-gpu 13:28:52 therm=[Note: No thermal warning level has been recorded Note: No performance warning level has been recorded Note: No CPU power status has been recorded ] load=[7.82 7.71 8.04]
END whisper-tiny-other-gpu rc=0 attempts=1 13:36:13 {"type":"footer","utterances":2939,"failures":0,"total_audio_seconds":19229.6,"total_processing_seconds":428.089,"total_session_create_seconds":0.479696,"rtfx_processing":44.9196,"rtfx_processing_plus_create":44.8693,"pe
MATRIX DONE 13:36:13
